../Hardware/NT35310/disp.c:17:6:LCD_WR_REG	8	static
../Hardware/NT35310/disp.c:24:6:LCD_WR_DATA	8	static
../Hardware/NT35310/disp.c:30:5:LCD_RD_DATA	8	static
../Hardware/NT35310/disp.c:38:6:LCD_WriteReg	0	static
../Hardware/NT35310/disp.c:45:5:LCD_ReadReg	8	static
../Hardware/NT35310/disp.c:53:6:LCD_WriteRAM_Prepare	0	static
../Hardware/NT35310/disp.c:60:6:LCD_WriteRAM	0	static
../Hardware/NT35310/disp.c:85:6:LCD_DisplayOn	0	static
../Hardware/NT35310/disp.c:90:6:LCD_DisplayOff	0	static
../Hardware/NT35310/disp.c:96:6:LCD_SetCursor	16	static
../Hardware/NT35310/disp.c:68:5:LCD_ReadPoint	8	static
../Hardware/NT35310/disp.c:111:6:LCD_Scan_Dir	8	static
../Hardware/NT35310/disp.c:237:6:LCD_DrawPoint	8	static
../Hardware/NT35310/disp.c:247:6:LCD_Fast_DrawPoint	16	static
../Hardware/NT35310/disp.c:262:6:LCD_Display_Dir	0	static
../Hardware/NT35310/disp.c:288:6:LCD_Address_Set	16	static
../Hardware/NT35310/disp.c:306:6:HAL_SRAM_MspInit	48	static
../Hardware/NT35310/disp.c:344:6:LCD_Clear	16	static
../Hardware/NT35310/disp.c:360:6:LCD_Fill	24	static
../Hardware/NT35310/disp.c:379:6:LCD_Color_Fill	32	static
../Hardware/NT35310/disp.c:399:6:LCD_DrawLine	56	static
../Hardware/NT35310/disp.c:450:6:LCD_DrawRectangle	24	static
../Hardware/NT35310/disp.c:461:6:LCD_Draw_Circle	56	static
../Hardware/NT35310/disp.c:496:6:LCD_ShowChar	48	static
../Hardware/NT35310/disp.c:529:5:LCD_Pow	0	static
../Hardware/NT35310/disp.c:542:6:LCD_ShowNum	56	static
../Hardware/NT35310/disp.c:575:6:LCD_ShowxNum	64	static
../Hardware/NT35310/disp.c:601:6:LCD_ShowString	56	static
../Hardware/NT35310/disp.c:624:6:LCD_Init	112	static
