Archive member included to satisfy reference by file (symbol)

D:/STM32CubeIDE/STM32CubeIDE_1.17.0/STM32CubeIDE/plugins/com.st.stm32cube.ide.mcu.externaltools.gnu-tools-for-stm32.12.3.rel1.win32_1.1.0.202410251130/tools/bin/../lib/gcc/arm-none-eabi/12.3.1/../../../../arm-none-eabi/lib/thumb/v7e-m+fp/hard\libc_nano.a(libc_a-assert.o)
                              ./Midware/LVGL/src/extra/libs/qrcode/qrcodegen.o (__assert_func)
D:/STM32CubeIDE/STM32CubeIDE_1.17.0/STM32CubeIDE/plugins/com.st.stm32cube.ide.mcu.externaltools.gnu-tools-for-stm32.12.3.rel1.win32_1.1.0.202410251130/tools/bin/../lib/gcc/arm-none-eabi/12.3.1/../../../../arm-none-eabi/lib/thumb/v7e-m+fp/hard\libc_nano.a(libc_a-exit.o)
                              D:/STM32CubeIDE/STM32CubeIDE_1.17.0/STM32CubeIDE/plugins/com.st.stm32cube.ide.mcu.externaltools.gnu-tools-for-stm32.12.3.rel1.win32_1.1.0.202410251130/tools/bin/../lib/gcc/arm-none-eabi/12.3.1/../../../../arm-none-eabi/lib/thumb/v7e-m+fp/hard/crt0.o (exit)
D:/STM32CubeIDE/STM32CubeIDE_1.17.0/STM32CubeIDE/plugins/com.st.stm32cube.ide.mcu.externaltools.gnu-tools-for-stm32.12.3.rel1.win32_1.1.0.202410251130/tools/bin/../lib/gcc/arm-none-eabi/12.3.1/../../../../arm-none-eabi/lib/thumb/v7e-m+fp/hard\libc_nano.a(libc_a-ctype_.o)
                              ./Core/Src/main.o (_ctype_)
D:/STM32CubeIDE/STM32CubeIDE_1.17.0/STM32CubeIDE/plugins/com.st.stm32cube.ide.mcu.externaltools.gnu-tools-for-stm32.12.3.rel1.win32_1.1.0.202410251130/tools/bin/../lib/gcc/arm-none-eabi/12.3.1/../../../../arm-none-eabi/lib/thumb/v7e-m+fp/hard\libc_nano.a(libc_a-findfp.o)
                              D:/STM32CubeIDE/STM32CubeIDE_1.17.0/STM32CubeIDE/plugins/com.st.stm32cube.ide.mcu.externaltools.gnu-tools-for-stm32.12.3.rel1.win32_1.1.0.202410251130/tools/bin/../lib/gcc/arm-none-eabi/12.3.1/../../../../arm-none-eabi/lib/thumb/v7e-m+fp/hard\libc_nano.a(libc_a-exit.o) (__stdio_exit_handler)
D:/STM32CubeIDE/STM32CubeIDE_1.17.0/STM32CubeIDE/plugins/com.st.stm32cube.ide.mcu.externaltools.gnu-tools-for-stm32.12.3.rel1.win32_1.1.0.202410251130/tools/bin/../lib/gcc/arm-none-eabi/12.3.1/../../../../arm-none-eabi/lib/thumb/v7e-m+fp/hard\libc_nano.a(libc_a-fprintf.o)
                              D:/STM32CubeIDE/STM32CubeIDE_1.17.0/STM32CubeIDE/plugins/com.st.stm32cube.ide.mcu.externaltools.gnu-tools-for-stm32.12.3.rel1.win32_1.1.0.202410251130/tools/bin/../lib/gcc/arm-none-eabi/12.3.1/../../../../arm-none-eabi/lib/thumb/v7e-m+fp/hard\libc_nano.a(libc_a-assert.o) (fiprintf)
D:/STM32CubeIDE/STM32CubeIDE_1.17.0/STM32CubeIDE/plugins/com.st.stm32cube.ide.mcu.externaltools.gnu-tools-for-stm32.12.3.rel1.win32_1.1.0.202410251130/tools/bin/../lib/gcc/arm-none-eabi/12.3.1/../../../../arm-none-eabi/lib/thumb/v7e-m+fp/hard\libc_nano.a(libc_a-fwalk.o)
                              D:/STM32CubeIDE/STM32CubeIDE_1.17.0/STM32CubeIDE/plugins/com.st.stm32cube.ide.mcu.externaltools.gnu-tools-for-stm32.12.3.rel1.win32_1.1.0.202410251130/tools/bin/../lib/gcc/arm-none-eabi/12.3.1/../../../../arm-none-eabi/lib/thumb/v7e-m+fp/hard\libc_nano.a(libc_a-findfp.o) (_fwalk_sglue)
D:/STM32CubeIDE/STM32CubeIDE_1.17.0/STM32CubeIDE/plugins/com.st.stm32cube.ide.mcu.externaltools.gnu-tools-for-stm32.12.3.rel1.win32_1.1.0.202410251130/tools/bin/../lib/gcc/arm-none-eabi/12.3.1/../../../../arm-none-eabi/lib/thumb/v7e-m+fp/hard\libc_nano.a(libc_a-printf.o)
                              ./Hardware/AT24C02/AT24C02.o (printf)
D:/STM32CubeIDE/STM32CubeIDE_1.17.0/STM32CubeIDE/plugins/com.st.stm32cube.ide.mcu.externaltools.gnu-tools-for-stm32.12.3.rel1.win32_1.1.0.202410251130/tools/bin/../lib/gcc/arm-none-eabi/12.3.1/../../../../arm-none-eabi/lib/thumb/v7e-m+fp/hard\libc_nano.a(libc_a-puts.o)
                              ./Hardware/AT24C02/AT24C02.o (puts)
D:/STM32CubeIDE/STM32CubeIDE_1.17.0/STM32CubeIDE/plugins/com.st.stm32cube.ide.mcu.externaltools.gnu-tools-for-stm32.12.3.rel1.win32_1.1.0.202410251130/tools/bin/../lib/gcc/arm-none-eabi/12.3.1/../../../../arm-none-eabi/lib/thumb/v7e-m+fp/hard\libc_nano.a(libc_a-stdio.o)
                              D:/STM32CubeIDE/STM32CubeIDE_1.17.0/STM32CubeIDE/plugins/com.st.stm32cube.ide.mcu.externaltools.gnu-tools-for-stm32.12.3.rel1.win32_1.1.0.202410251130/tools/bin/../lib/gcc/arm-none-eabi/12.3.1/../../../../arm-none-eabi/lib/thumb/v7e-m+fp/hard\libc_nano.a(libc_a-findfp.o) (__sread)
D:/STM32CubeIDE/STM32CubeIDE_1.17.0/STM32CubeIDE/plugins/com.st.stm32cube.ide.mcu.externaltools.gnu-tools-for-stm32.12.3.rel1.win32_1.1.0.202410251130/tools/bin/../lib/gcc/arm-none-eabi/12.3.1/../../../../arm-none-eabi/lib/thumb/v7e-m+fp/hard\libc_nano.a(libc_a-vsnprintf.o)
                              ./Core/Src/main.o (vsnprintf)
D:/STM32CubeIDE/STM32CubeIDE_1.17.0/STM32CubeIDE/plugins/com.st.stm32cube.ide.mcu.externaltools.gnu-tools-for-stm32.12.3.rel1.win32_1.1.0.202410251130/tools/bin/../lib/gcc/arm-none-eabi/12.3.1/../../../../arm-none-eabi/lib/thumb/v7e-m+fp/hard\libc_nano.a(libc_a-wbuf.o)
[...]
Memory Configuration

Name             Origin             Length             Attributes
CCMRAM           0x10000000         0x00010000         xrw
RAM              0x20000000         0x00020000         xrw
FLASH            0x08000000         0x00080000         xr
*default*        0x00000000         0xffffffff

Linker script and memory map

LOAD D:/STM32CubeIDE/STM32CubeIDE_1.17.0/STM32CubeIDE/plugins/com.st.stm32cube.ide.mcu.externaltools.gnu-tools-for-stm32.12.3.rel1.win32_1.1.0.202410251130/tools/bin/../lib/gcc/arm-none-eabi/12.3.1/thumb/v7e-m+fp/hard/crti.o
LOAD D:/STM32CubeIDE/STM32CubeIDE_1.17.0/STM32CubeIDE/plugins/com.st.stm32cube.ide.mcu.externaltools.gnu-tools-for-stm32.12.3.rel1.win32_1.1.0.202410251130/tools/bin/../lib/gcc/arm-none-eabi/12.3.1/thumb/v7e-m+fp/hard/crtbegin.o
LOAD D:/STM32CubeIDE/STM32CubeIDE_1.17.0/STM32CubeIDE/plugins/com.st.stm32cube.ide.mcu.externaltools.gnu-tools-for-stm32.12.3.rel1.win32_1.1.0.202410251130/tools/bin/../lib/gcc/arm-none-eabi/12.3.1/../../../../arm-none-eabi/lib/thumb/v7e-m+fp/hard/crt0.o
LOAD ./Core/Src/dma.o
LOAD ./Core/Src/gpio.o
LOAD ./Core/Src/main.o
LOAD ./Core/Src/spi.o
LOAD ./Core/Src/stm32f4xx_hal_msp.o
LOAD ./Core/Src/stm32f4xx_it.o
LOAD ./Core/Src/syscalls.o
LOAD ./Core/Src/sysmem.o
LOAD ./Core/Src/system_stm32f4xx.o
LOAD ./Core/Src/tim.o
LOAD ./Core/Src/usart.o
LOAD ./Core/Src/usb_otg.o
LOAD ./Core/Startup/startup_stm32f407vetx.o
LOAD ./Drivers/STM32F4xx_HAL_Driver/Src/stm32f4xx_hal.o
LOAD ./Drivers/STM32F4xx_HAL_Driver/Src/stm32f4xx_hal_cortex.o
LOAD ./Drivers/STM32F4xx_HAL_Driver/Src/stm32f4xx_hal_dma.o
LOAD ./Drivers/STM32F4xx_HAL_Driver/Src/stm32f4xx_hal_dma_ex.o
LOAD ./Drivers/STM32F4xx_HAL_Driver/Src/stm32f4xx_hal_exti.o
LOAD ./Drivers/STM32F4xx_HAL_Driver/Src/stm32f4xx_hal_flash.o
LOAD ./Drivers/STM32F4xx_HAL_Driver/Src/stm32f4xx_hal_flash_ex.o
LOAD ./Drivers/STM32F4xx_HAL_Driver/Src/stm32f4xx_hal_flash_ramfunc.o
LOAD ./Drivers/STM32F4xx_HAL_Driver/Src/stm32f4xx_hal_gpio.o
LOAD ./Drivers/STM32F4xx_HAL_Driver/Src/stm32f4xx_hal_nand.o
LOAD ./Drivers/STM32F4xx_HAL_Driver/Src/stm32f4xx_hal_nor.o
LOAD ./Drivers/STM32F4xx_HAL_Driver/Src/stm32f4xx_hal_pccard.o
LOAD ./Drivers/STM32F4xx_HAL_Driver/Src/stm32f4xx_hal_pcd.o
LOAD ./Drivers/STM32F4xx_HAL_Driver/Src/stm32f4xx_hal_pcd_ex.o
LOAD ./Drivers/STM32F4xx_HAL_Driver/Src/stm32f4xx_hal_pwr.o
LOAD ./Drivers/STM32F4xx_HAL_Driver/Src/stm32f4xx_hal_pwr_ex.o
LOAD ./Drivers/STM32F4xx_HAL_Driver/Src/stm32f4xx_hal_rcc.o
LOAD ./Drivers/STM32F4xx_HAL_Driver/Src/stm32f4xx_hal_rcc_ex.o
LOAD ./Drivers/STM32F4xx_HAL_Driver/Src/stm32f4xx_hal_spi.o
LOAD ./Drivers/STM32F4xx_HAL_Driver/Src/stm32f4xx_hal_sram.o
LOAD ./Drivers/STM32F4xx_HAL_Driver/Src/stm32f4xx_hal_tim.o
LOAD ./Drivers/STM32F4xx_HAL_Driver/Src/stm32f4xx_hal_tim_ex.o
LOAD ./Drivers/STM32F4xx_HAL_Driver/Src/stm32f4xx_hal_uart.o
LOAD ./Drivers/STM32F4xx_HAL_Driver/Src/stm32f4xx_ll_fsmc.o
LOAD ./Drivers/STM32F4xx_HAL_Driver/Src/stm32f4xx_ll_usb.o
LOAD ./Hardware/AT24C02/AT24C02.o
LOAD ./Hardware/DISP/disp.o
LOAD ./Hardware/TOUCH/ctiic.o
LOAD ./Hardware/TOUCH/touch.o
LOAD ./Midware/FatFS/diskio.o
LOAD ./Midware/FatFS/ff.o
LOAD ./Midware/FatFS/ffsystem.o
LOAD ./Midware/FatFS/ffunicode.o
LOAD ./Midware/FreeRTOS/event_groups.o
LOAD ./Midware/FreeRTOS/list.o
LOAD ./Midware/FreeRTOS/queue.o
LOAD ./Midware/FreeRTOS/stream_buffer.o
LOAD ./Midware/FreeRTOS/task_creat.o
LOAD ./Midware/FreeRTOS/tasks.o
LOAD ./Midware/FreeRTOS/timers.o
LOAD ./Midware/FreeRTOS/portable/heap_4.o
LOAD ./Midware/FreeRTOS/portable/port.o
LOAD ./Midware/LVGL/custom/custom.o
LOAD ./Midware/LVGL/generated/events_init.o
LOAD ./Midware/LVGL/generated/gui_guider.o
LOAD ./Midware/LVGL/generated/setup_scr_screen.o
LOAD ./Midware/LVGL/generated/setup_scr_screen_1.o
LOAD ./Midware/LVGL/generated/widgets_init.o
LOAD ./Midware/LVGL/generated/guider_fonts/lv_font_montserratMedium_12.o
LOAD ./Midware/LVGL/generated/guider_fonts/lv_font_montserratMedium_16.o
LOAD ./Midware/LVGL/port/lv_port_disp.o
LOAD ./Midware/LVGL/port/lv_port_fs.o
LOAD ./Midware/LVGL/port/lv_port_indev.o
LOAD ./Midware/LVGL/src/core/lv_disp.o
LOAD ./Midware/LVGL/src/core/lv_event.o
LOAD ./Midware/LVGL/src/core/lv_group.o
LOAD ./Midware/LVGL/src/core/lv_indev.o
LOAD ./Midware/LVGL/src/core/lv_indev_scroll.o
LOAD ./Midware/LVGL/src/core/lv_obj.o
LOAD ./Midware/LVGL/src/core/lv_obj_class.o
LOAD ./Midware/LVGL/src/core/lv_obj_draw.o
LOAD ./Midware/LVGL/src/core/lv_obj_pos.o
LOAD ./Midware/LVGL/src/core/lv_obj_scroll.o
LOAD ./Midware/LVGL/src/core/lv_obj_style.o
LOAD ./Midware/LVGL/src/core/lv_obj_style_gen.o
LOAD ./Midware/LVGL/src/core/lv_obj_tree.o
LOAD ./Midware/LVGL/src/core/lv_refr.o
LOAD ./Midware/LVGL/src/core/lv_theme.o
LOAD ./Midware/LVGL/src/draw/arm2d/lv_gpu_arm2d.o
LOAD ./Midware/LVGL/src/draw/lv_draw.o
LOAD ./Midware/LVGL/src/draw/lv_draw_arc.o
LOAD ./Midware/LVGL/src/draw/lv_draw_img.o
LOAD ./Midware/LVGL/src/draw/lv_draw_label.o
LOAD ./Midware/LVGL/src/draw/lv_draw_layer.o
LOAD ./Midware/LVGL/src/draw/lv_draw_line.o
LOAD ./Midware/LVGL/src/draw/lv_draw_mask.o
LOAD ./Midware/LVGL/src/draw/lv_draw_rect.o
LOAD ./Midware/LVGL/src/draw/lv_draw_transform.o
LOAD ./Midware/LVGL/src/draw/lv_draw_triangle.o
LOAD ./Midware/LVGL/src/draw/lv_img_buf.o
LOAD ./Midware/LVGL/src/draw/lv_img_cache.o
LOAD ./Midware/LVGL/src/draw/lv_img_decoder.o
LOAD ./Midware/LVGL/src/draw/nxp/pxp/lv_draw_pxp.o
LOAD ./Midware/LVGL/src/draw/nxp/pxp/lv_draw_pxp_blend.o
LOAD ./Midware/LVGL/src/draw/nxp/pxp/lv_gpu_nxp_pxp.o
LOAD ./Midware/LVGL/src/draw/nxp/pxp/lv_gpu_nxp_pxp_osa.o
LOAD ./Midware/LVGL/src/draw/nxp/vglite/lv_draw_vglite.o
LOAD ./Midware/LVGL/src/draw/nxp/vglite/lv_draw_vglite_arc.o
LOAD ./Midware/LVGL/src/draw/nxp/vglite/lv_draw_vglite_blend.o
LOAD ./Midware/LVGL/src/draw/nxp/vglite/lv_draw_vglite_line.o
LOAD ./Midware/LVGL/src/draw/nxp/vglite/lv_draw_vglite_rect.o
LOAD ./Midware/LVGL/src/draw/nxp/vglite/lv_vglite_buf.o
LOAD ./Midware/LVGL/src/draw/nxp/vglite/lv_vglite_utils.o
LOAD ./Midware/LVGL/src/draw/renesas/lv_gpu_d2_draw_label.o
LOAD ./Midware/LVGL/src/draw/renesas/lv_gpu_d2_ra6m3.o
LOAD ./Midware/LVGL/src/draw/sdl/lv_draw_sdl.o
LOAD ./Midware/LVGL/src/draw/sdl/lv_draw_sdl_arc.o
LOAD ./Midware/LVGL/src/draw/sdl/lv_draw_sdl_bg.o
LOAD ./Midware/LVGL/src/draw/sdl/lv_draw_sdl_composite.o
LOAD ./Midware/LVGL/src/draw/sdl/lv_draw_sdl_img.o
LOAD ./Midware/LVGL/src/draw/sdl/lv_draw_sdl_label.o
LOAD ./Midware/LVGL/src/draw/sdl/lv_draw_sdl_layer.o
LOAD ./Midware/LVGL/src/draw/sdl/lv_draw_sdl_line.o
LOAD ./Midware/LVGL/src/draw/sdl/lv_draw_sdl_mask.o
LOAD ./Midware/LVGL/src/draw/sdl/lv_draw_sdl_polygon.o
LOAD ./Midware/LVGL/src/draw/sdl/lv_draw_sdl_rect.o
LOAD ./Midware/LVGL/src/draw/sdl/lv_draw_sdl_stack_blur.o
LOAD ./Midware/LVGL/src/draw/sdl/lv_draw_sdl_texture_cache.o
LOAD ./Midware/LVGL/src/draw/sdl/lv_draw_sdl_utils.o
LOAD ./Midware/LVGL/src/draw/stm32_dma2d/lv_gpu_stm32_dma2d.o
LOAD ./Midware/LVGL/src/draw/sw/lv_draw_sw.o
LOAD ./Midware/LVGL/src/draw/sw/lv_draw_sw_arc.o
LOAD ./Midware/LVGL/src/draw/sw/lv_draw_sw_blend.o
LOAD ./Midware/LVGL/src/draw/sw/lv_draw_sw_dither.o
LOAD ./Midware/LVGL/src/draw/sw/lv_draw_sw_gradient.o
LOAD ./Midware/LVGL/src/draw/sw/lv_draw_sw_img.o
LOAD ./Midware/LVGL/src/draw/sw/lv_draw_sw_layer.o
LOAD ./Midware/LVGL/src/draw/sw/lv_draw_sw_letter.o
LOAD ./Midware/LVGL/src/draw/sw/lv_draw_sw_line.o
LOAD ./Midware/LVGL/src/draw/sw/lv_draw_sw_polygon.o
LOAD ./Midware/LVGL/src/draw/sw/lv_draw_sw_rect.o
LOAD ./Midware/LVGL/src/draw/sw/lv_draw_sw_transform.o
LOAD ./Midware/LVGL/src/draw/swm341_dma2d/lv_gpu_swm341_dma2d.o
LOAD ./Midware/LVGL/src/extra/layouts/flex/lv_flex.o
LOAD ./Midware/LVGL/src/extra/layouts/grid/lv_grid.o
LOAD ./Midware/LVGL/src/extra/libs/barcode/code128.o
LOAD ./Midware/LVGL/src/extra/libs/barcode/lv_barcode.o
LOAD ./Midware/LVGL/src/extra/libs/bmp/lv_bmp.o
LOAD ./Midware/LVGL/src/extra/libs/ffmpeg/lv_ffmpeg.o
LOAD ./Midware/LVGL/src/extra/libs/freetype/lv_freetype.o
LOAD ./Midware/LVGL/src/extra/libs/fsdrv/lv_fs_fatfs.o
LOAD ./Midware/LVGL/src/extra/libs/fsdrv/lv_fs_posix.o
LOAD ./Midware/LVGL/src/extra/libs/fsdrv/lv_fs_rawfs.o
LOAD ./Midware/LVGL/src/extra/libs/fsdrv/lv_fs_stdio.o
LOAD ./Midware/LVGL/src/extra/libs/fsdrv/lv_fs_win32.o
LOAD ./Midware/LVGL/src/extra/libs/gif/gifdec.o
LOAD ./Midware/LVGL/src/extra/libs/gif/lv_gif.o
LOAD ./Midware/LVGL/src/extra/libs/png/lodepng.o
LOAD ./Midware/LVGL/src/extra/libs/png/lv_png.o
LOAD ./Midware/LVGL/src/extra/libs/qrcode/lv_qrcode.o
LOAD ./Midware/LVGL/src/extra/libs/qrcode/qrcodegen.o
LOAD ./Midware/LVGL/src/extra/libs/rlottie/lv_rlottie.o
LOAD ./Midware/LVGL/src/extra/libs/sjpg/lv_sjpg.o
LOAD ./Midware/LVGL/src/extra/libs/sjpg/tjpgd.o
LOAD ./Midware/LVGL/src/extra/lv_extra.o
LOAD ./Midware/LVGL/src/extra/others/fragment/lv_fragment.o
LOAD ./Midware/LVGL/src/extra/others/fragment/lv_fragment_manager.o
LOAD ./Midware/LVGL/src/extra/others/gridnav/lv_gridnav.o
LOAD ./Midware/LVGL/src/extra/others/ime/lv_ime_pinyin.o
LOAD ./Midware/LVGL/src/extra/others/imgfont/lv_imgfont.o
LOAD ./Midware/LVGL/src/extra/others/monkey/lv_monkey.o
LOAD ./Midware/LVGL/src/extra/others/msg/lv_msg.o
LOAD ./Midware/LVGL/src/extra/others/snapshot/lv_snapshot.o
LOAD ./Midware/LVGL/src/extra/themes/basic/lv_theme_basic.o
LOAD ./Midware/LVGL/src/extra/themes/default/lv_theme_default.o
LOAD ./Midware/LVGL/src/extra/themes/mono/lv_theme_mono.o
LOAD ./Midware/LVGL/src/extra/widgets/analogclock/lv_analogclock.o
LOAD ./Midware/LVGL/src/extra/widgets/animimg/lv_animimg.o
LOAD ./Midware/LVGL/src/extra/widgets/calendar/lv_calendar.o
LOAD ./Midware/LVGL/src/extra/widgets/calendar/lv_calendar_header_arrow.o
LOAD ./Midware/LVGL/src/extra/widgets/calendar/lv_calendar_header_dropdown.o
LOAD ./Midware/LVGL/src/extra/widgets/carousel/lv_carousel.o
LOAD ./Midware/LVGL/src/extra/widgets/chart/lv_chart.o
LOAD ./Midware/LVGL/src/extra/widgets/colorwheel/lv_colorwheel.o
LOAD ./Midware/LVGL/src/extra/widgets/dclock/lv_dclock.o
LOAD ./Midware/LVGL/src/extra/widgets/imgbtn/lv_imgbtn.o
LOAD ./Midware/LVGL/src/extra/widgets/keyboard/lv_keyboard.o
LOAD ./Midware/LVGL/src/extra/widgets/led/lv_led.o
LOAD ./Midware/LVGL/src/extra/widgets/list/lv_list.o
LOAD ./Midware/LVGL/src/extra/widgets/menu/lv_menu.o
LOAD ./Midware/LVGL/src/extra/widgets/meter/lv_meter.o
LOAD ./Midware/LVGL/src/extra/widgets/msgbox/lv_msgbox.o
LOAD ./Midware/LVGL/src/extra/widgets/radiobtn/lv_radiobtn.o
LOAD ./Midware/LVGL/src/extra/widgets/span/lv_span.o
LOAD ./Midware/LVGL/src/extra/widgets/spinbox/lv_spinbox.o
LOAD ./Midware/LVGL/src/extra/widgets/spinner/lv_spinner.o
LOAD ./Midware/LVGL/src/extra/widgets/tabview/lv_tabview.o
LOAD ./Midware/LVGL/src/extra/widgets/textprogress/lv_textprogress.o
LOAD ./Midware/LVGL/src/extra/widgets/tileview/lv_tileview.o
LOAD ./Midware/LVGL/src/extra/widgets/win/lv_win.o
LOAD ./Midware/LVGL/src/font/lv_font.o
LOAD ./Midware/LVGL/src/font/lv_font_dejavu_16_persian_hebrew.o
LOAD ./Midware/LVGL/src/font/lv_font_fmt_txt.o
LOAD ./Midware/LVGL/src/font/lv_font_loader.o
LOAD ./Midware/LVGL/src/font/lv_font_montserrat_10.o
LOAD ./Midware/LVGL/src/font/lv_font_montserrat_12.o
LOAD ./Midware/LVGL/src/font/lv_font_montserrat_12_subpx.o
LOAD ./Midware/LVGL/src/font/lv_font_montserrat_14.o
LOAD ./Midware/LVGL/src/font/lv_font_montserrat_16.o
LOAD ./Midware/LVGL/src/font/lv_font_montserrat_18.o
LOAD ./Midware/LVGL/src/font/lv_font_montserrat_20.o
LOAD ./Midware/LVGL/src/font/lv_font_montserrat_22.o
LOAD ./Midware/LVGL/src/font/lv_font_montserrat_24.o
LOAD ./Midware/LVGL/src/font/lv_font_montserrat_26.o
LOAD ./Midware/LVGL/src/font/lv_font_montserrat_28.o
LOAD ./Midware/LVGL/src/font/lv_font_montserrat_28_compressed.o
LOAD ./Midware/LVGL/src/font/lv_font_montserrat_30.o
LOAD ./Midware/LVGL/src/font/lv_font_montserrat_32.o
LOAD ./Midware/LVGL/src/font/lv_font_montserrat_34.o
LOAD ./Midware/LVGL/src/font/lv_font_montserrat_36.o
LOAD ./Midware/LVGL/src/font/lv_font_montserrat_38.o
LOAD ./Midware/LVGL/src/font/lv_font_montserrat_40.o
LOAD ./Midware/LVGL/src/font/lv_font_montserrat_42.o
LOAD ./Midware/LVGL/src/font/lv_font_montserrat_44.o
LOAD ./Midware/LVGL/src/font/lv_font_montserrat_46.o
LOAD ./Midware/LVGL/src/font/lv_font_montserrat_48.o
LOAD ./Midware/LVGL/src/font/lv_font_montserrat_8.o
LOAD ./Midware/LVGL/src/font/lv_font_simsun_16_cjk.o
LOAD ./Midware/LVGL/src/font/lv_font_unscii_16.o
LOAD ./Midware/LVGL/src/font/lv_font_unscii_8.o
LOAD ./Midware/LVGL/src/hal/lv_hal_disp.o
LOAD ./Midware/LVGL/src/hal/lv_hal_indev.o
LOAD ./Midware/LVGL/src/hal/lv_hal_tick.o
LOAD ./Midware/LVGL/src/misc/lv_anim.o
LOAD ./Midware/LVGL/src/misc/lv_anim_timeline.o
LOAD ./Midware/LVGL/src/misc/lv_area.o
LOAD ./Midware/LVGL/src/misc/lv_async.o
LOAD ./Midware/LVGL/src/misc/lv_bidi.o
LOAD ./Midware/LVGL/src/misc/lv_color.o
LOAD ./Midware/LVGL/src/misc/lv_fs.o
LOAD ./Midware/LVGL/src/misc/lv_gc.o
LOAD ./Midware/LVGL/src/misc/lv_ll.o
LOAD ./Midware/LVGL/src/misc/lv_log.o
LOAD ./Midware/LVGL/src/misc/lv_lru.o
LOAD ./Midware/LVGL/src/misc/lv_math.o
LOAD ./Midware/LVGL/src/misc/lv_mem.o
LOAD ./Midware/LVGL/src/misc/lv_printf.o
LOAD ./Midware/LVGL/src/misc/lv_style.o
LOAD ./Midware/LVGL/src/misc/lv_style_gen.o
LOAD ./Midware/LVGL/src/misc/lv_templ.o
LOAD ./Midware/LVGL/src/misc/lv_timer.o
LOAD ./Midware/LVGL/src/misc/lv_tlsf.o
LOAD ./Midware/LVGL/src/misc/lv_txt.o
LOAD ./Midware/LVGL/src/misc/lv_txt_ap.o
LOAD ./Midware/LVGL/src/misc/lv_utils.o
LOAD ./Midware/LVGL/src/widgets/lv_arc.o
LOAD ./Midware/LVGL/src/widgets/lv_bar.o
LOAD ./Midware/LVGL/src/widgets/lv_btn.o
LOAD ./Midware/LVGL/src/widgets/lv_btnmatrix.o
LOAD ./Midware/LVGL/src/widgets/lv_canvas.o
LOAD ./Midware/LVGL/src/widgets/lv_checkbox.o
LOAD ./Midware/LVGL/src/widgets/lv_dropdown.o
LOAD ./Midware/LVGL/src/widgets/lv_img.o
LOAD ./Midware/LVGL/src/widgets/lv_label.o
LOAD ./Midware/LVGL/src/widgets/lv_line.o
LOAD ./Midware/LVGL/src/widgets/lv_objx_templ.o
LOAD ./Midware/LVGL/src/widgets/lv_roller.o
LOAD ./Midware/LVGL/src/widgets/lv_slider.o
LOAD ./Midware/LVGL/src/widgets/lv_switch.o
LOAD ./Midware/LVGL/src/widgets/lv_table.o
LOAD ./Midware/LVGL/src/widgets/lv_textarea.o
LOAD ./Midware/TinyUSB/hw/bsp/board.o
LOAD ./Midware/TinyUSB/hw/bsp/stm32f4/family.o
LOAD ./Midware/TinyUSB/src/class/audio/audio_device.o
LOAD ./Midware/TinyUSB/src/class/bth/bth_device.o
LOAD ./Midware/TinyUSB/src/class/cdc/cdc_device.o
LOAD ./Midware/TinyUSB/src/class/cdc/cdc_host.o
LOAD ./Midware/TinyUSB/src/class/cdc/cdc_rndis_host.o
LOAD ./Midware/TinyUSB/src/class/dfu/dfu_device.o
LOAD ./Midware/TinyUSB/src/class/dfu/dfu_rt_device.o
LOAD ./Midware/TinyUSB/src/class/hid/hid_device.o
LOAD ./Midware/TinyUSB/src/class/hid/hid_host.o
LOAD ./Midware/TinyUSB/src/class/midi/midi_device.o
LOAD ./Midware/TinyUSB/src/class/midi/midi_host.o
LOAD ./Midware/TinyUSB/src/class/msc/msc_device.o
LOAD ./Midware/TinyUSB/src/class/msc/msc_host.o
LOAD ./Midware/TinyUSB/src/class/net/ecm_rndis_device.o
LOAD ./Midware/TinyUSB/src/class/net/ncm_device.o
LOAD ./Midware/TinyUSB/src/class/usbtmc/usbtmc_device.o
LOAD ./Midware/TinyUSB/src/class/vendor/vendor_device.o
LOAD ./Midware/TinyUSB/src/class/vendor/vendor_host.o
LOAD ./Midware/TinyUSB/src/class/video/video_device.o
LOAD ./Midware/TinyUSB/src/common/tusb_fifo.o
LOAD ./Midware/TinyUSB/src/device/usbd.o
LOAD ./Midware/TinyUSB/src/device/usbd_control.o
LOAD ./Midware/TinyUSB/src/host/hub.o
LOAD ./Midware/TinyUSB/src/host/usbh.o
LOAD ./Midware/TinyUSB/src/portable/synopsys/dwc2/dcd_dwc2.o
LOAD ./Midware/TinyUSB/src/portable/synopsys/dwc2/dwc2_common.o
LOAD ./Midware/TinyUSB/src/portable/synopsys/dwc2/hcd_dwc2.o
LOAD ./Midware/TinyUSB/src/tusb.o
LOAD ./Midware/TinyUSB/src/typec/usbc.o
LOAD ./Midware/TinyUSB/usb_descriptors.o
LOAD ./Protocol/One_Wire.o
LOAD ./Protocol/Protocols.o
LOAD ./Protocol/Soft_Check.o
LOAD ./Protocol/Soft_I2C.o
LOAD ./Protocol/Soft_SPI.o
START GROUP
LOAD D:/STM32CubeIDE/STM32CubeIDE_1.17.0/STM32CubeIDE/plugins/com.st.stm32cube.ide.mcu.externaltools.gnu-tools-for-stm32.12.3.rel1.win32_1.1.0.202410251130/tools/bin/../lib/gcc/arm-none-eabi/12.3.1/../../../../arm-none-eabi/lib/thumb/v7e-m+fp/hard\libc_nano.a
LOAD D:/STM32CubeIDE/STM32CubeIDE_1.17.0/STM32CubeIDE/plugins/com.st.stm32cube.ide.mcu.externaltools.gnu-tools-for-stm32.12.3.rel1.win32_1.1.0.202410251130/tools/bin/../lib/gcc/arm-none-eabi/12.3.1/../../../../arm-none-eabi/lib/thumb/v7e-m+fp/hard\libm.a
END GROUP
START GROUP
LOAD D:/STM32CubeIDE/STM32CubeIDE_1.17.0/STM32CubeIDE/plugins/com.st.stm32cube.ide.mcu.externaltools.gnu-tools-for-stm32.12.3.rel1.win32_1.1.0.202410251130/tools/bin/../lib/gcc/arm-none-eabi/12.3.1/thumb/v7e-m+fp/hard\libgcc.a
LOAD D:/STM32CubeIDE/STM32CubeIDE_1.17.0/STM32CubeIDE/plugins/com.st.stm32cube.ide.mcu.externaltools.gnu-tools-for-stm32.12.3.rel1.win32_1.1.0.202410251130/tools/bin/../lib/gcc/arm-none-eabi/12.3.1/../../../../arm-none-eabi/lib/thumb/v7e-m+fp/hard\libc_nano.a
END GROUP
START GROUP
LOAD D:/STM32CubeIDE/STM32CubeIDE_1.17.0/STM32CubeIDE/plugins/com.st.stm32cube.ide.mcu.externaltools.gnu-tools-for-stm32.12.3.rel1.win32_1.1.0.202410251130/tools/bin/../lib/gcc/arm-none-eabi/12.3.1/thumb/v7e-m+fp/hard\libgcc.a
LOAD D:/STM32CubeIDE/STM32CubeIDE_1.17.0/STM32CubeIDE/plugins/com.st.stm32cube.ide.mcu.externaltools.gnu-tools-for-stm32.12.3.rel1.win32_1.1.0.202410251130/tools/bin/../lib/gcc/arm-none-eabi/12.3.1/../../../../arm-none-eabi/lib/thumb/v7e-m+fp/hard\libc_nano.a
LOAD D:/STM32CubeIDE/STM32CubeIDE_1.17.0/STM32CubeIDE/plugins/com.st.stm32cube.ide.mcu.externaltools.gnu-tools-for-stm32.12.3.rel1.win32_1.1.0.202410251130/tools/bin/../lib/gcc/arm-none-eabi/12.3.1/../../../../arm-none-eabi/lib/thumb/v7e-m+fp/hard\libnosys.a
END GROUP
START GROUP
LOAD D:/STM32CubeIDE/STM32CubeIDE_1.17.0/STM32CubeIDE/plugins/com.st.stm32cube.ide.mcu.externaltools.gnu-tools-for-stm32.12.3.rel1.win32_1.1.0.202410251130/tools/bin/../lib/gcc/arm-none-eabi/12.3.1/thumb/v7e-m+fp/hard\libgcc.a
LOAD D:/STM32CubeIDE/STM32CubeIDE_1.17.0/STM32CubeIDE/plugins/com.st.stm32cube.ide.mcu.externaltools.gnu-tools-for-stm32.12.3.rel1.win32_1.1.0.202410251130/tools/bin/../lib/gcc/arm-none-eabi/12.3.1/../../../../arm-none-eabi/lib/thumb/v7e-m+fp/hard\libc_nano.a
LOAD D:/STM32CubeIDE/STM32CubeIDE_1.17.0/STM32CubeIDE/plugins/com.st.stm32cube.ide.mcu.externaltools.gnu-tools-for-stm32.12.3.rel1.win32_1.1.0.202410251130/tools/bin/../lib/gcc/arm-none-eabi/12.3.1/../../../../arm-none-eabi/lib/thumb/v7e-m+fp/hard\libnosys.a
END GROUP
LOAD D:/STM32CubeIDE/STM32CubeIDE_1.17.0/STM32CubeIDE/plugins/com.st.stm32cube.ide.mcu.externaltools.gnu-tools-for-stm32.12.3.rel1.win32_1.1.0.202410251130/tools/bin/../lib/gcc/arm-none-eabi/12.3.1/thumb/v7e-m+fp/hard/crtend.o
LOAD D:/STM32CubeIDE/STM32CubeIDE_1.17.0/STM32CubeIDE/plugins/com.st.stm32cube.ide.mcu.externaltools.gnu-tools-for-stm32.12.3.rel1.win32_1.1.0.202410251130/tools/bin/../lib/gcc/arm-none-eabi/12.3.1/thumb/v7e-m+fp/hard/crtn.o
                0x20020000                        _estack = (ORIGIN (RAM) + LENGTH (RAM))
                0x00000800                        _Min_Heap_Size = 0x800
                0x00000800                        _Min_Stack_Size = 0x800

.isr_vector     0x08000000      0x188
                0x08000000                        . = ALIGN (0x4)
 *(.isr_vector)
 .isr_vector    0x08000000      0x188 ./Core/Startup/startup_stm32f407vetx.o
                0x08000000                g_pfnVectors
                0x08000188                        . = ALIGN (0x4)

.text           0x08000190    0x2ee90
                0x08000190                        . = ALIGN (0x4)
 *(.text)
 .text          0x08000190       0x40 D:/STM32CubeIDE/STM32CubeIDE_1.17.0/STM32CubeIDE/plugins/com.st.stm32cube.ide.mcu.externaltools.gnu-tools-for-stm32.12.3.rel1.win32_1.1.0.202410251130/tools/bin/../lib/gcc/arm-none-eabi/12.3.1/thumb/v7e-m+fp/hard/crtbegin.o
 .text          0x080001d0       0x14 D:/STM32CubeIDE/STM32CubeIDE_1.17.0/STM32CubeIDE/plugins/com.st.stm32cube.ide.mcu.externaltools.gnu-tools-for-stm32.12.3.rel1.win32_1.1.0.202410251130/tools/bin/../lib/gcc/arm-none-eabi/12.3.1/../../../../arm-none-eabi/lib/thumb/v7e-m+fp/hard\libc_nano.a(libc_a-strcmp.o)
                0x080001d0                strcmp
 .text          0x080001e4       0x10 D:/STM32CubeIDE/STM32CubeIDE_1.17.0/STM32CubeIDE/plugins/com.st.stm32cube.ide.mcu.externaltools.gnu-tools-for-stm32.12.3.rel1.win32_1.1.0.202410251130/tools/bin/../lib/gcc/arm-none-eabi/12.3.1/../../../../arm-none-eabi/lib/thumb/v7e-m+fp/hard\libc_nano.a(libc_a-strlen.o)
                0x080001e4                strlen
 *fill*         0x080001f4        0xc 
 .text          0x08000200       0xa0 D:/STM32CubeIDE/STM32CubeIDE_1.17.0/STM32CubeIDE/plugins/com.st.stm32cube.ide.mcu.externaltools.gnu-tools-for-stm32.12.3.rel1.win32_1.1.0.202410251130/tools/bin/../lib/gcc/arm-none-eabi/12.3.1/../../../../arm-none-eabi/lib/thumb/v7e-m+fp/hard\libc_nano.a(libc_a-memchr.o)
                0x08000200                memchr
 .text          0x080002a0       0x30 D:/STM32CubeIDE/STM32CubeIDE_1.17.0/STM32CubeIDE/plugins/com.st.stm32cube.ide.mcu.externaltools.gnu-tools-for-stm32.12.3.rel1.win32_1.1.0.202410251130/tools/bin/../lib/gcc/arm-none-eabi/12.3.1/thumb/v7e-m+fp/hard\libgcc.a(_aeabi_uldivmod.o)
                0x080002a0                __aeabi_uldivmod
 .text          0x080002d0      0x2bc D:/STM32CubeIDE/STM32CubeIDE_1.17.0/STM32CubeIDE/plugins/com.st.stm32cube.ide.mcu.externaltools.gnu-tools-for-stm32.12.3.rel1.win32_1.1.0.202410251130/tools/bin/../lib/gcc/arm-none-eabi/12.3.1/thumb/v7e-m+fp/hard\libgcc.a(_udivmoddi4.o)
                0x080002d0                __udivmoddi4
 .text          0x0800058c        0x4 D:/STM32CubeIDE/STM32CubeIDE_1.17.0/STM32CubeIDE/plugins/com.st.stm32cube.ide.mcu.externaltools.gnu-tools-for-stm32.12.3.rel1.win32_1.1.0.202410251130/tools/bin/../lib/gcc/arm-none-eabi/12.3.1/thumb/v7e-m+fp/hard\libgcc.a(_dvmd_tls.o)
                0x0800058c                __aeabi_idiv0
                0x0800058c                __aeabi_ldiv0
 *(.text*)
 .text.MX_DMA_Init
                0x08000590       0x34 ./Core/Src/dma.o
                0x08000590                MX_DMA_Init
 .text.MX_GPIO_Init
                0x080005c4       0xe8 ./Core/Src/gpio.o
                0x080005c4                MX_GPIO_Init
 .text.SystemClock_Config
                0x080006ac       0xa4 ./Core/Src/main.o
                0x080006ac                SystemClock_Config
 .text.startup.main
                0x08000750       0x2c ./Core/Src/main.o
                0x08000750                main
 .text.__io_putchar
                0x0800077c       0x20 ./Core/Src/main.o
                0x0800077c                __io_putchar
 .text.echo_serial_port
                0x0800079c       0x50 ./Core/Src/main.o
                0x0800079c                echo_serial_port
 .text.cdc_task
                0x080007ec       0x3a ./Core/Src/main.o
                0x080007ec                cdc_task
 *fill*         0x08000826        0x2 
 .text.HAL_GPIO_EXTI_Callback
                0x08000828       0x28 ./Core/Src/main.o
                0x08000828                HAL_GPIO_EXTI_Callback
 .text.HAL_TIM_PeriodElapsedCallback
                0x08000850       0x24 ./Core/Src/main.o
                0x08000850                HAL_TIM_PeriodElapsedCallback
 .text.vApplicationGetIdleTaskMemory
                0x08000874       0x18 ./Core/Src/main.o
                0x08000874                vApplicationGetIdleTaskMemory
 .text.vApplicationGetTimerTaskMemory
                0x0800088c       0x18 ./Core/Src/main.o
                0x0800088c                vApplicationGetTimerTaskMemory
 .text.Error_Handler
                0x080008a4        0x4 ./Core/Src/main.o
                0x080008a4                Error_Handler
 .text.MX_SPI2_Init
                0x080008a8       0x44 ./Core/Src/spi.o
                0x080008a8                MX_SPI2_Init
 .text.HAL_SPI_MspInit
                0x080008ec       0x6c ./Core/Src/spi.o
                0x080008ec                HAL_SPI_MspInit
 .text.HAL_MspInit
                0x08000958       0x38 ./Core/Src/stm32f4xx_hal_msp.o
                0x08000958                HAL_MspInit
 .text.NMI_Handler
                0x08000990        0x2 ./Core/Src/stm32f4xx_it.o
                0x08000990                NMI_Handler
 *fill*         0x08000992        0x2 
 .text.HardFault_Handler
                0x08000994       0x1c ./Core/Src/stm32f4xx_it.o
                0x08000994                HardFault_Handler
 .text.MemManage_Handler
                0x080009b0        0x2 ./Core/Src/stm32f4xx_it.o
                0x080009b0                MemManage_Handler
 .text.BusFault_Handler
                0x080009b2        0x2 ./Core/Src/stm32f4xx_it.o
                0x080009b2                BusFault_Handler
 .text.UsageFault_Handler
                0x080009b4        0x2 ./Core/Src/stm32f4xx_it.o
                0x080009b4                UsageFault_Handler
 .text.DebugMon_Handler
                0x080009b6        0x2 ./Core/Src/stm32f4xx_it.o
                0x080009b6                DebugMon_Handler
 .text.EXTI0_IRQHandler
                0x080009b8        0x6 ./Core/Src/stm32f4xx_it.o
                0x080009b8                EXTI0_IRQHandler
 *fill*         0x080009be        0x2 
 .text.TIM2_IRQHandler
                0x080009c0        0xc ./Core/Src/stm32f4xx_it.o
                0x080009c0                TIM2_IRQHandler
 .text.USART1_IRQHandler
                0x080009cc        0xc ./Core/Src/stm32f4xx_it.o
                0x080009cc                USART1_IRQHandler
 .text.DMA2_Stream5_IRQHandler
                0x080009d8        0xc ./Core/Src/stm32f4xx_it.o
                0x080009d8                DMA2_Stream5_IRQHandler
 .text._write   0x080009e4       0x1c ./Core/Src/syscalls.o
                0x080009e4                _write
 .text._close   0x08000a00        0x6 ./Core/Src/syscalls.o
                0x08000a00                _close
 .text._fstat   0x08000a06        0xa ./Core/Src/syscalls.o
                0x08000a06                _fstat
 .text._isatty  0x08000a10        0x4 ./Core/Src/syscalls.o
                0x08000a10                _isatty
 .text._lseek   0x08000a14        0x4 ./Core/Src/syscalls.o
                0x08000a14                _lseek
 .text._sbrk    0x08000a18       0x40 ./Core/Src/sysmem.o
                0x08000a18                _sbrk
 .text.SystemInit
                0x08000a58       0x14 ./Core/Src/system_stm32f4xx.o
                0x08000a58                SystemInit
 .text.MX_TIM2_Init
                0x08000a6c       0x70 ./Core/Src/tim.o
                0x08000a6c                MX_TIM2_Init
 .text.HAL_TIM_Base_MspInit
                0x08000adc       0x3e ./Core/Src/tim.o
                0x08000adc                HAL_TIM_Base_MspInit
 *fill*         0x08000b1a        0x2 
 .text.MX_USART1_UART_Init
                0x08000b1c       0x38 ./Core/Src/usart.o
                0x08000b1c                MX_USART1_UART_Init
 .text.MX_USART6_UART_Init
                0x08000b54       0x38 ./Core/Src/usart.o
                0x08000b54                MX_USART6_UART_Init
 .text.HAL_UART_MspInit
                0x08000b8c      0x11c ./Core/Src/usart.o
                0x08000b8c                HAL_UART_MspInit
 .text.MX_USB_OTG_FS_PCD_Init
                0x08000ca8       0x34 ./Core/Src/usb_otg.o
                0x08000ca8                MX_USB_OTG_FS_PCD_Init
 .text.HAL_PCD_MspInit
                0x08000cdc       0x74 ./Core/Src/usb_otg.o
                0x08000cdc                HAL_PCD_MspInit
 .text.Reset_Handler
                0x08000d50       0x50 ./Core/Startup/startup_stm32f407vetx.o
                0x08000d50                Reset_Handler
 .text.Default_Handler
                0x08000da0        0x2 ./Core/Startup/startup_stm32f407vetx.o
                0x08000da0                RTC_Alarm_IRQHandler
                0x08000da0                HASH_RNG_IRQHandler
                0x08000da0                EXTI2_IRQHandler
                0x08000da0                TIM8_CC_IRQHandler
                0x08000da0                TIM1_CC_IRQHandler
                0x08000da0                DMA1_Stream5_IRQHandler
                0x08000da0                PVD_IRQHandler
                0x08000da0                SDIO_IRQHandler
                0x08000da0                TAMP_STAMP_IRQHandler
                0x08000da0                CAN2_RX1_IRQHandler
                0x08000da0                EXTI3_IRQHandler
                0x08000da0                TIM8_TRG_COM_TIM14_IRQHandler
                0x08000da0                TIM1_UP_TIM10_IRQHandler
                0x08000da0                TIM8_UP_TIM13_IRQHandler
                0x08000da0                I2C3_ER_IRQHandler
                0x08000da0                I2C2_EV_IRQHandler
                0x08000da0                DMA1_Stream2_IRQHandler
                0x08000da0                CAN1_RX0_IRQHandler
                0x08000da0                FPU_IRQHandler
                0x08000da0                OTG_HS_WKUP_IRQHandler
                0x08000da0                CAN2_SCE_IRQHandler
                0x08000da0                DMA2_Stream2_IRQHandler
                0x08000da0                SPI1_IRQHandler
                0x08000da0                TIM6_DAC_IRQHandler
                0x08000da0                TIM1_BRK_TIM9_IRQHandler
                0x08000da0                DCMI_IRQHandler
                0x08000da0                CAN2_RX0_IRQHandler
                0x08000da0                DMA2_Stream3_IRQHandler
                0x08000da0                USART6_IRQHandler
                0x08000da0                USART3_IRQHandler
                0x08000da0                CAN1_RX1_IRQHandler
                0x08000da0                UART5_IRQHandler
                0x08000da0                DMA2_Stream0_IRQHandler
                0x08000da0                TIM4_IRQHandler
                0x08000da0                I2C1_EV_IRQHandler
                0x08000da0                DMA1_Stream6_IRQHandler
                0x08000da0                DMA1_Stream1_IRQHandler
                0x08000da0                UART4_IRQHandler
                0x08000da0                TIM3_IRQHandler
                0x08000da0                RCC_IRQHandler
                0x08000da0                TIM8_BRK_TIM12_IRQHandler
                0x08000da0                Default_Handler
                0x08000da0                EXTI15_10_IRQHandler
                0x08000da0                ADC_IRQHandler
                0x08000da0                DMA1_Stream7_IRQHandler
                0x08000da0                TIM7_IRQHandler
                0x08000da0                CAN2_TX_IRQHandler
                0x08000da0                TIM5_IRQHandler
                0x08000da0                DMA2_Stream7_IRQHandler
                0x08000da0                I2C3_EV_IRQHandler
                0x08000da0                EXTI9_5_IRQHandler
                0x08000da0                RTC_WKUP_IRQHandler
                0x08000da0                ETH_WKUP_IRQHandler
                0x08000da0                SPI2_IRQHandler
                0x08000da0                OTG_HS_EP1_IN_IRQHandler
                0x08000da0                DMA1_Stream0_IRQHandler
                0x08000da0                CAN1_TX_IRQHandler
                0x08000da0                EXTI4_IRQHandler
                0x08000da0                FSMC_IRQHandler
                0x08000da0                ETH_IRQHandler
                0x08000da0                OTG_HS_EP1_OUT_IRQHandler
                0x08000da0                WWDG_IRQHandler
                0x08000da0                OTG_FS_WKUP_IRQHandler
                0x08000da0                TIM1_TRG_COM_TIM11_IRQHandler
                0x08000da0                EXTI1_IRQHandler
                0x08000da0                USART2_IRQHandler
                0x08000da0                I2C2_ER_IRQHandler
                0x08000da0                DMA2_Stream1_IRQHandler
                0x08000da0                CAN1_SCE_IRQHandler
                0x08000da0                FLASH_IRQHandler
                0x08000da0                DMA2_Stream4_IRQHandler
                0x08000da0                SPI3_IRQHandler
                0x08000da0                DMA1_Stream4_IRQHandler
                0x08000da0                I2C1_ER_IRQHandler
                0x08000da0                DMA2_Stream6_IRQHandler
                0x08000da0                DMA1_Stream3_IRQHandler
 *fill*         0x08000da2        0x2 
 .text.HAL_InitTick
                0x08000da4       0x54 ./Drivers/STM32F4xx_HAL_Driver/Src/stm32f4xx_hal.o
                0x08000da4                HAL_InitTick
 .text.HAL_Init
                0x08000df8       0x34 ./Drivers/STM32F4xx_HAL_Driver/Src/stm32f4xx_hal.o
                0x08000df8                HAL_Init
 .text.HAL_IncTick
                0x08000e2c       0x18 ./Drivers/STM32F4xx_HAL_Driver/Src/stm32f4xx_hal.o
                0x08000e2c                HAL_IncTick
 .text.HAL_GetTick
                0x08000e44        0xc ./Drivers/STM32F4xx_HAL_Driver/Src/stm32f4xx_hal.o
                0x08000e44                HAL_GetTick
 .text.HAL_Delay
                0x08000e50       0x28 ./Drivers/STM32F4xx_HAL_Driver/Src/stm32f4xx_hal.o
                0x08000e50                HAL_Delay
 .text.HAL_NVIC_SetPriorityGrouping
                0x08000e78       0x24 ./Drivers/STM32F4xx_HAL_Driver/Src/stm32f4xx_hal_cortex.o
                0x08000e78                HAL_NVIC_SetPriorityGrouping
 .text.HAL_NVIC_SetPriority
                0x08000e9c       0x64 ./Drivers/STM32F4xx_HAL_Driver/Src/stm32f4xx_hal_cortex.o
                0x08000e9c                HAL_NVIC_SetPriority
 .text.HAL_NVIC_EnableIRQ
                0x08000f00       0x1c ./Drivers/STM32F4xx_HAL_Driver/Src/stm32f4xx_hal_cortex.o
                0x08000f00                HAL_NVIC_EnableIRQ
 .text.HAL_SYSTICK_Config
                0x08000f1c       0x28 ./Drivers/STM32F4xx_HAL_Driver/Src/stm32f4xx_hal_cortex.o
                0x08000f1c                HAL_SYSTICK_Config
 .text.HAL_SYSTICK_CLKSourceConfig
                0x08000f44       0x16 ./Drivers/STM32F4xx_HAL_Driver/Src/stm32f4xx_hal_cortex.o
                0x08000f44                HAL_SYSTICK_CLKSourceConfig
 *fill*         0x08000f5a        0x2 
 .text.DMA_CalcBaseAndBitshift
                0x08000f5c       0x2c ./Drivers/STM32F4xx_HAL_Driver/Src/stm32f4xx_hal_dma.o
 .text.HAL_DMA_Init
                0x08000f88       0xfc ./Drivers/STM32F4xx_HAL_Driver/Src/stm32f4xx_hal_dma.o
                0x08000f88                HAL_DMA_Init
 .text.HAL_DMA_Abort
                0x08001084       0x7c ./Drivers/STM32F4xx_HAL_Driver/Src/stm32f4xx_hal_dma.o
                0x08001084                HAL_DMA_Abort
 .text.HAL_DMA_Abort_IT
                0x08001100       0x24 ./Drivers/STM32F4xx_HAL_Driver/Src/stm32f4xx_hal_dma.o
                0x08001100                HAL_DMA_Abort_IT
 .text.HAL_DMA_IRQHandler
                0x08001124      0x17c ./Drivers/STM32F4xx_HAL_Driver/Src/stm32f4xx_hal_dma.o
                0x08001124                HAL_DMA_IRQHandler
 .text.HAL_GPIO_Init
                0x080012a0      0x1b0 ./Drivers/STM32F4xx_HAL_Driver/Src/stm32f4xx_hal_gpio.o
                0x080012a0                HAL_GPIO_Init
 .text.HAL_GPIO_ReadPin
                0x08001450        0xc ./Drivers/STM32F4xx_HAL_Driver/Src/stm32f4xx_hal_gpio.o
                0x08001450                HAL_GPIO_ReadPin
 .text.HAL_GPIO_WritePin
                0x0800145c        0xa ./Drivers/STM32F4xx_HAL_Driver/Src/stm32f4xx_hal_gpio.o
                0x0800145c                HAL_GPIO_WritePin
 .text.HAL_GPIO_TogglePin
                0x08001466       0x12 ./Drivers/STM32F4xx_HAL_Driver/Src/stm32f4xx_hal_gpio.o
                0x08001466                HAL_GPIO_TogglePin
 .text.HAL_GPIO_EXTI_IRQHandler
                0x08001478       0x18 ./Drivers/STM32F4xx_HAL_Driver/Src/stm32f4xx_hal_gpio.o
                0x08001478                HAL_GPIO_EXTI_IRQHandler
 .text.HAL_PCD_Init
                0x08001490       0xde ./Drivers/STM32F4xx_HAL_Driver/Src/stm32f4xx_hal_pcd.o
                0x08001490                HAL_PCD_Init
 *fill*         0x0800156e        0x2 
 .text.HAL_RCC_OscConfig
                0x08001570      0x35c ./Drivers/STM32F4xx_HAL_Driver/Src/stm32f4xx_hal_rcc.o
                0x08001570                HAL_RCC_OscConfig
 .text.HAL_RCC_GetSysClockFreq
                0x080018cc       0x5c ./Drivers/STM32F4xx_HAL_Driver/Src/stm32f4xx_hal_rcc.o
                0x080018cc                HAL_RCC_GetSysClockFreq
 .text.HAL_RCC_ClockConfig
                0x08001928      0x134 ./Drivers/STM32F4xx_HAL_Driver/Src/stm32f4xx_hal_rcc.o
                0x08001928                HAL_RCC_ClockConfig
 .text.HAL_RCC_GetPCLK1Freq
                0x08001a5c       0x20 ./Drivers/STM32F4xx_HAL_Driver/Src/stm32f4xx_hal_rcc.o
                0x08001a5c                HAL_RCC_GetPCLK1Freq
 .text.HAL_RCC_GetPCLK2Freq
                0x08001a7c       0x20 ./Drivers/STM32F4xx_HAL_Driver/Src/stm32f4xx_hal_rcc.o
                0x08001a7c                HAL_RCC_GetPCLK2Freq
 .text.HAL_SPI_Init
                0x08001a9c       0xb8 ./Drivers/STM32F4xx_HAL_Driver/Src/stm32f4xx_hal_spi.o
                0x08001a9c                HAL_SPI_Init
 .text.HAL_SRAM_Init
                0x08001b54       0x5a ./Drivers/STM32F4xx_HAL_Driver/Src/stm32f4xx_hal_sram.o
                0x08001b54                HAL_SRAM_Init
 *fill*         0x08001bae        0x2 
 .text.HAL_TIM_Base_Start_IT
                0x08001bb0       0x74 ./Drivers/STM32F4xx_HAL_Driver/Src/stm32f4xx_hal_tim.o
                0x08001bb0                HAL_TIM_Base_Start_IT
 .text.HAL_TIM_OC_DelayElapsedCallback
                0x08001c24        0x2 ./Drivers/STM32F4xx_HAL_Driver/Src/stm32f4xx_hal_tim.o
                0x08001c24                HAL_TIM_OC_DelayElapsedCallback
 .text.HAL_TIM_IC_CaptureCallback
                0x08001c26        0x2 ./Drivers/STM32F4xx_HAL_Driver/Src/stm32f4xx_hal_tim.o
                0x08001c26                HAL_TIM_IC_CaptureCallback
 .text.HAL_TIM_PWM_PulseFinishedCallback
                0x08001c28        0x2 ./Drivers/STM32F4xx_HAL_Driver/Src/stm32f4xx_hal_tim.o
                0x08001c28                HAL_TIM_PWM_PulseFinishedCallback
 .text.HAL_TIM_TriggerCallback
                0x08001c2a        0x2 ./Drivers/STM32F4xx_HAL_Driver/Src/stm32f4xx_hal_tim.o
                0x08001c2a                HAL_TIM_TriggerCallback
 .text.HAL_TIM_IRQHandler
                0x08001c2c      0x128 ./Drivers/STM32F4xx_HAL_Driver/Src/stm32f4xx_hal_tim.o
                0x08001c2c                HAL_TIM_IRQHandler
 .text.TIM_Base_SetConfig
                0x08001d54       0xd8 ./Drivers/STM32F4xx_HAL_Driver/Src/stm32f4xx_hal_tim.o
                0x08001d54                TIM_Base_SetConfig
 .text.HAL_TIM_Base_Init
                0x08001e2c       0x58 ./Drivers/STM32F4xx_HAL_Driver/Src/stm32f4xx_hal_tim.o
                0x08001e2c                HAL_TIM_Base_Init
 .text.TIM_ETR_SetConfig
                0x08001e84       0x14 ./Drivers/STM32F4xx_HAL_Driver/Src/stm32f4xx_hal_tim.o
                0x08001e84                TIM_ETR_SetConfig
 .text.HAL_TIM_ConfigClockSource
                0x08001e98      0x132 ./Drivers/STM32F4xx_HAL_Driver/Src/stm32f4xx_hal_tim.o
                0x08001e98                HAL_TIM_ConfigClockSource
 *fill*         0x08001fca        0x2 
 .text.HAL_TIMEx_MasterConfigSynchronization
                0x08001fcc       0x7c ./Drivers/STM32F4xx_HAL_Driver/Src/stm32f4xx_hal_tim_ex.o
                0x08001fcc                HAL_TIMEx_MasterConfigSynchronization
 .text.HAL_TIMEx_CommutCallback
                0x08002048        0x2 ./Drivers/STM32F4xx_HAL_Driver/Src/stm32f4xx_hal_tim_ex.o
                0x08002048                HAL_TIMEx_CommutCallback
 .text.HAL_TIMEx_BreakCallback
                0x0800204a        0x2 ./Drivers/STM32F4xx_HAL_Driver/Src/stm32f4xx_hal_tim_ex.o
                0x0800204a                HAL_TIMEx_BreakCallback
 .text.UART_EndRxTransfer
                0x0800204c       0x5c ./Drivers/STM32F4xx_HAL_Driver/Src/stm32f4xx_hal_uart.o
 .text.UART_SetConfig
                0x080020a8       0xbc ./Drivers/STM32F4xx_HAL_Driver/Src/stm32f4xx_hal_uart.o
 .text.UART_WaitOnFlagUntilTimeout.constprop.0
                0x08002164       0x64 ./Drivers/STM32F4xx_HAL_Driver/Src/stm32f4xx_hal_uart.o
 .text.HAL_UART_Init
                0x080021c8       0x5e ./Drivers/STM32F4xx_HAL_Driver/Src/stm32f4xx_hal_uart.o
                0x080021c8                HAL_UART_Init
 .text.HAL_UART_Transmit
                0x08002226       0x9c ./Drivers/STM32F4xx_HAL_Driver/Src/stm32f4xx_hal_uart.o
                0x08002226                HAL_UART_Transmit
 .text.HAL_UART_TxCpltCallback
                0x080022c2        0x2 ./Drivers/STM32F4xx_HAL_Driver/Src/stm32f4xx_hal_uart.o
                0x080022c2                HAL_UART_TxCpltCallback
 .text.HAL_UART_RxCpltCallback
                0x080022c4        0x2 ./Drivers/STM32F4xx_HAL_Driver/Src/stm32f4xx_hal_uart.o
                0x080022c4                HAL_UART_RxCpltCallback
 .text.HAL_UART_ErrorCallback
                0x080022c6        0x2 ./Drivers/STM32F4xx_HAL_Driver/Src/stm32f4xx_hal_uart.o
                0x080022c6                HAL_UART_ErrorCallback
 .text.UART_DMAAbortOnError
                0x080022c8       0x10 ./Drivers/STM32F4xx_HAL_Driver/Src/stm32f4xx_hal_uart.o
 .text.HAL_UARTEx_RxEventCallback
                0x080022d8        0x2 ./Drivers/STM32F4xx_HAL_Driver/Src/stm32f4xx_hal_uart.o
                0x080022d8                HAL_UARTEx_RxEventCallback
 .text.UART_Receive_IT.isra.0
                0x080022da       0xb6 ./Drivers/STM32F4xx_HAL_Driver/Src/stm32f4xx_hal_uart.o
 .text.HAL_UART_IRQHandler
                0x08002390      0x294 ./Drivers/STM32F4xx_HAL_Driver/Src/stm32f4xx_hal_uart.o
                0x08002390                HAL_UART_IRQHandler
 .text.FSMC_NORSRAM_Init
                0x08002624       0x64 ./Drivers/STM32F4xx_HAL_Driver/Src/stm32f4xx_ll_fsmc.o
                0x08002624                FSMC_NORSRAM_Init
 .text.FSMC_NORSRAM_Timing_Init
                0x08002688       0x3c ./Drivers/STM32F4xx_HAL_Driver/Src/stm32f4xx_ll_fsmc.o
                0x08002688                FSMC_NORSRAM_Timing_Init
 .text.FSMC_NORSRAM_Extended_Timing_Init
                0x080026c4       0x3c ./Drivers/STM32F4xx_HAL_Driver/Src/stm32f4xx_ll_fsmc.o
                0x080026c4                FSMC_NORSRAM_Extended_Timing_Init
 .text.USB_CoreReset
                0x08002700       0x46 ./Drivers/STM32F4xx_HAL_Driver/Src/stm32f4xx_ll_usb.o
 .text.USB_CoreInit
                0x08002746       0x88 ./Drivers/STM32F4xx_HAL_Driver/Src/stm32f4xx_ll_usb.o
                0x08002746                USB_CoreInit
 .text.USB_DisableGlobalInt
                0x080027ce        0xc ./Drivers/STM32F4xx_HAL_Driver/Src/stm32f4xx_ll_usb.o
                0x080027ce                USB_DisableGlobalInt
 .text.USB_SetCurrentMode
                0x080027da       0x60 ./Drivers/STM32F4xx_HAL_Driver/Src/stm32f4xx_ll_usb.o
                0x080027da                USB_SetCurrentMode
 .text.USB_FlushTxFifo
                0x0800283a       0x46 ./Drivers/STM32F4xx_HAL_Driver/Src/stm32f4xx_ll_usb.o
                0x0800283a                USB_FlushTxFifo
 .text.USB_FlushRxFifo
                0x08002880       0x42 ./Drivers/STM32F4xx_HAL_Driver/Src/stm32f4xx_ll_usb.o
                0x08002880                USB_FlushRxFifo
 .text.USB_SetDevSpeed
                0x080028c2        0xe ./Drivers/STM32F4xx_HAL_Driver/Src/stm32f4xx_ll_usb.o
                0x080028c2                USB_SetDevSpeed
 .text.USB_DevInit
                0x080028d0      0x174 ./Drivers/STM32F4xx_HAL_Driver/Src/stm32f4xx_ll_usb.o
                0x080028d0                USB_DevInit
 .text.USB_DevDisconnect
                0x08002a44       0x1c ./Drivers/STM32F4xx_HAL_Driver/Src/stm32f4xx_ll_usb.o
                0x08002a44                USB_DevDisconnect
 .text.LCD_WR_REG
                0x08002a60       0x24 ./Hardware/DISP/disp.o
                0x08002a60                LCD_WR_REG
 .text.LCD_WR_DATA
                0x08002a84       0x24 ./Hardware/DISP/disp.o
                0x08002a84                LCD_WR_DATA
 .text.LCD_RD_DATA
                0x08002aa8       0x1c ./Hardware/DISP/disp.o
                0x08002aa8                LCD_RD_DATA
 .text.LCD_WriteRAM_Prepare
                0x08002ac4       0x14 ./Hardware/DISP/disp.o
                0x08002ac4                LCD_WriteRAM_Prepare
 .text.LCD_SetCursor
                0x08002ad8       0x34 ./Hardware/DISP/disp.o
                0x08002ad8                LCD_SetCursor
 .text.LCD_Scan_Dir
                0x08002b0c       0xd8 ./Hardware/DISP/disp.o
                0x08002b0c                LCD_Scan_Dir
 .text.LCD_Display_Dir
                0x08002be4       0x38 ./Hardware/DISP/disp.o
                0x08002be4                LCD_Display_Dir
 .text.HAL_SRAM_MspInit
                0x08002c1c       0xc4 ./Hardware/DISP/disp.o
                0x08002c1c                HAL_SRAM_MspInit
 .text.LCD_Color_Fill
                0x08002ce0       0x58 ./Hardware/DISP/disp.o
                0x08002ce0                LCD_Color_Fill
 .text.LCD_Init
                0x08002d38      0xfd0 ./Hardware/DISP/disp.o
                0x08002d38                LCD_Init
 .text.delay_init
                0x08003d08       0x14 ./Hardware/TOUCH/ctiic.o
                0x08003d08                delay_init
 .text.delay_us
                0x08003d1c       0x34 ./Hardware/TOUCH/ctiic.o
                0x08003d1c                delay_us
 .text.CT_Delay
                0x08003d50        0x6 ./Hardware/TOUCH/ctiic.o
                0x08003d50                CT_Delay
 *fill*         0x08003d56        0x2 
 .text.CT_IIC_Init
                0x08003d58       0x58 ./Hardware/TOUCH/ctiic.o
                0x08003d58                CT_IIC_Init
 .text.CT_IIC_Start
                0x08003db0       0x40 ./Hardware/TOUCH/ctiic.o
                0x08003db0                CT_IIC_Start
 .text.CT_IIC_Stop
                0x08003df0       0x3c ./Hardware/TOUCH/ctiic.o
                0x08003df0                CT_IIC_Stop
 .text.CT_IIC_Wait_Ack
                0x08003e2c       0x4c ./Hardware/TOUCH/ctiic.o
                0x08003e2c                CT_IIC_Wait_Ack
 .text.CT_IIC_Ack
                0x08003e78       0x40 ./Hardware/TOUCH/ctiic.o
                0x08003e78                CT_IIC_Ack
 .text.CT_IIC_NAck
                0x08003eb8       0x40 ./Hardware/TOUCH/ctiic.o
                0x08003eb8                CT_IIC_NAck
 .text.CT_IIC_Send_Byte
                0x08003ef8       0x5c ./Hardware/TOUCH/ctiic.o
                0x08003ef8                CT_IIC_Send_Byte
 .text.CT_IIC_Read_Byte
                0x08003f54       0x6c ./Hardware/TOUCH/ctiic.o
                0x08003f54                CT_IIC_Read_Byte
 .text.GT1151_WR_Reg
                0x08003fc0       0x4e ./Hardware/TOUCH/ctiic.o
                0x08003fc0                GT1151_WR_Reg
 .text.GT1151_RD_Reg
                0x0800400e       0x58 ./Hardware/TOUCH/ctiic.o
                0x0800400e                GT1151_RD_Reg
 *fill*         0x08004066        0x2 
 .text.GT1151_Init
                0x08004068      0x108 ./Hardware/TOUCH/touch.o
                0x08004068                GT1151_Init
 .text.GT1151_IsPress
                0x08004170       0x44 ./Hardware/TOUCH/touch.o
                0x08004170                GT1151_IsPress
 .text.GT1151_GetPoint
                0x080041b4       0x34 ./Hardware/TOUCH/touch.o
                0x080041b4                GT1151_GetPoint
 .text.vListInitialise
                0x080041e8       0x16 ./Midware/FreeRTOS/list.o
                0x080041e8                vListInitialise
 .text.vListInitialiseItem
                0x080041fe        0x6 ./Midware/FreeRTOS/list.o
                0x080041fe                vListInitialiseItem
 .text.vListInsert
                0x08004204       0x2e ./Midware/FreeRTOS/list.o
                0x08004204                vListInsert
 .text.uxListRemove
                0x08004232       0x1e ./Midware/FreeRTOS/list.o
                0x08004232                uxListRemove
 .text.prvIsQueueEmpty
                0x08004250       0x16 ./Midware/FreeRTOS/queue.o
 .text.prvCopyDataFromQueue
                0x08004266       0x2c ./Midware/FreeRTOS/queue.o
 .text.prvUnlockQueue
                0x08004292       0x70 ./Midware/FreeRTOS/queue.o
 .text.xQueueGenericReset
                0x08004302       0x7a ./Midware/FreeRTOS/queue.o
                0x08004302                xQueueGenericReset
 .text.xQueueGenericCreateStatic
                0x0800437c       0x3c ./Midware/FreeRTOS/queue.o
                0x0800437c                xQueueGenericCreateStatic
 .text.xQueueReceive
                0x080043b8       0xee ./Midware/FreeRTOS/queue.o
                0x080043b8                xQueueReceive
 *fill*         0x080044a6        0x2 
 .text.vQueueAddToRegistry
                0x080044a8       0x3c ./Midware/FreeRTOS/queue.o
                0x080044a8                vQueueAddToRegistry
 .text.vQueueWaitForMessageRestricted
                0x080044e4       0x46 ./Midware/FreeRTOS/queue.o
                0x080044e4                vQueueWaitForMessageRestricted
 .text.AppTask4
                0x0800452a        0xa ./Midware/FreeRTOS/task_creat.o
                0x0800452a                AppTask4
 .text.AppTask2
                0x08004534       0x2c ./Midware/FreeRTOS/task_creat.o
                0x08004534                AppTask2
 .text.AppTask3
                0x08004560       0x98 ./Midware/FreeRTOS/task_creat.o
                0x08004560                AppTask3
 .text.AppTask1
                0x080045f8       0x2c ./Midware/FreeRTOS/task_creat.o
                0x080045f8                AppTask1
 .text.task_creat
                0x08004624       0x64 ./Midware/FreeRTOS/task_creat.o
                0x08004624                task_creat
 .text.prvIdleTask
                0x08004688       0x24 ./Midware/FreeRTOS/tasks.o
 .text.prvAddNewTaskToReadyList
                0x080046ac      0x104 ./Midware/FreeRTOS/tasks.o
 .text.prvAddCurrentTaskToDelayedList
                0x080047b0       0x94 ./Midware/FreeRTOS/tasks.o
 .text.prvResetNextTaskUnblockTime
                0x08004844       0x24 ./Midware/FreeRTOS/tasks.o
 .text.prvInitialiseNewTask.constprop.0
                0x08004868       0x88 ./Midware/FreeRTOS/tasks.o
 .text.xTaskCreateStatic
                0x080048f0       0x54 ./Midware/FreeRTOS/tasks.o
                0x080048f0                xTaskCreateStatic
 .text.xTaskCreate
                0x08004944       0x5c ./Midware/FreeRTOS/tasks.o
                0x08004944                xTaskCreate
 .text.vTaskStartScheduler
                0x080049a0       0x94 ./Midware/FreeRTOS/tasks.o
                0x080049a0                vTaskStartScheduler
 .text.vTaskSuspendAll
                0x08004a34       0x10 ./Midware/FreeRTOS/tasks.o
                0x08004a34                vTaskSuspendAll
 .text.xTaskGetTickCount
                0x08004a44        0xc ./Midware/FreeRTOS/tasks.o
                0x08004a44                xTaskGetTickCount
 .text.xTaskIncrementTick
                0x08004a50      0x158 ./Midware/FreeRTOS/tasks.o
                0x08004a50                xTaskIncrementTick
 .text.xTaskResumeAll
                0x08004ba8      0x148 ./Midware/FreeRTOS/tasks.o
                0x08004ba8                xTaskResumeAll
 .text.vTaskDelay
                0x08004cf0       0x2e ./Midware/FreeRTOS/tasks.o
                0x08004cf0                vTaskDelay
 *fill*         0x08004d1e        0x2 
 .text.vTaskSwitchContext
                0x08004d20       0x64 ./Midware/FreeRTOS/tasks.o
                0x08004d20                vTaskSwitchContext
 .text.vTaskPlaceOnEventList
                0x08004d84       0x20 ./Midware/FreeRTOS/tasks.o
                0x08004d84                vTaskPlaceOnEventList
 .text.vTaskPlaceOnEventListRestricted
                0x08004da4       0x40 ./Midware/FreeRTOS/tasks.o
                0x08004da4                vTaskPlaceOnEventListRestricted
 .text.xTaskRemoveFromEventList
                0x08004de4       0xb4 ./Midware/FreeRTOS/tasks.o
                0x08004de4                xTaskRemoveFromEventList
 .text.vTaskInternalSetTimeOutState
                0x08004e98       0x18 ./Midware/FreeRTOS/tasks.o
                0x08004e98                vTaskInternalSetTimeOutState
 .text.xTaskCheckForTimeOut
                0x08004eb0       0x50 ./Midware/FreeRTOS/tasks.o
                0x08004eb0                xTaskCheckForTimeOut
 .text.vTaskMissedYield
                0x08004f00        0xc ./Midware/FreeRTOS/tasks.o
                0x08004f00                vTaskMissedYield
 .text.prvInsertTimerInActiveList
                0x08004f0c       0x3c ./Midware/FreeRTOS/timers.o
 .text.prvReloadTimer
                0x08004f48       0x26 ./Midware/FreeRTOS/timers.o
 *fill*         0x08004f6e        0x2 
 .text.prvProcessExpiredTimer
                0x08004f70       0x40 ./Midware/FreeRTOS/timers.o
 .text.prvSampleTimeNow
                0x08004fb0       0x4c ./Midware/FreeRTOS/timers.o
 .text.prvTimerTask
                0x08004ffc      0x160 ./Midware/FreeRTOS/timers.o
 .text.prvCheckForValidListAndQueue
                0x0800515c       0x68 ./Midware/FreeRTOS/timers.o
 .text.xTimerCreateTimerTask
                0x080051c4       0x54 ./Midware/FreeRTOS/timers.o
                0x080051c4                xTimerCreateTimerTask
 .text.pvPortMalloc
                0x08005218       0xf8 ./Midware/FreeRTOS/portable/heap_4.o
                0x08005218                pvPortMalloc
 .text.vPortFree
                0x08005310       0x94 ./Midware/FreeRTOS/portable/heap_4.o
                0x08005310                vPortFree
 .text.xPortGetFreeHeapSize
                0x080053a4        0xc ./Midware/FreeRTOS/portable/heap_4.o
                0x080053a4                xPortGetFreeHeapSize
 .text.prvTaskExitError
                0x080053b0       0x20 ./Midware/FreeRTOS/portable/port.o
 .text.prvPortStartFirstTask
                0x080053d0       0x28 ./Midware/FreeRTOS/portable/port.o
 .text.vPortEnableVFP
                0x080053f8       0x14 ./Midware/FreeRTOS/portable/port.o
 .text.pxPortInitialiseStack
                0x0800540c       0x2c ./Midware/FreeRTOS/portable/port.o
                0x0800540c                pxPortInitialiseStack
 .text.SVC_Handler
                0x08005438       0x20 ./Midware/FreeRTOS/portable/port.o
                0x08005438                SVC_Handler
 .text.vPortEnterCritical
                0x08005458       0x20 ./Midware/FreeRTOS/portable/port.o
                0x08005458                vPortEnterCritical
 .text.vPortExitCritical
                0x08005478       0x14 ./Midware/FreeRTOS/portable/port.o
                0x08005478                vPortExitCritical
 .text.PendSV_Handler
                0x0800548c       0x60 ./Midware/FreeRTOS/portable/port.o
                0x0800548c                PendSV_Handler
 .text.SysTick_Handler
                0x080054ec       0x2c ./Midware/FreeRTOS/portable/port.o
                0x080054ec                SysTick_Handler
 .text.vPortSetupTimerInterrupt
                0x08005518       0x24 ./Midware/FreeRTOS/portable/port.o
                0x08005518                vPortSetupTimerInterrupt
 .text.xPortStartScheduler
                0x0800553c       0x50 ./Midware/FreeRTOS/portable/port.o
                0x0800553c                xPortStartScheduler
 .text.screen_1_btn_2_event_handler
                0x0800558c       0x48 ./Midware/LVGL/generated/events_init.o
 .text.screen_btn_2_event_handler
                0x080055d4       0x44 ./Midware/LVGL/generated/events_init.o
 .text.events_init_screen_1
                0x08005618       0x10 ./Midware/LVGL/generated/events_init.o
                0x08005618                events_init_screen_1
 .text.events_init_screen
                0x08005628       0x10 ./Midware/LVGL/generated/events_init.o
                0x08005628                events_init_screen
 .text.events_init
                0x08005638        0x2 ./Midware/LVGL/generated/events_init.o
                0x08005638                events_init
 .text.ui_load_scr_animation
                0x0800563a       0x4c ./Midware/LVGL/generated/gui_guider.o
                0x0800563a                ui_load_scr_animation
 .text.setup_ui
                0x08005686       0x1a ./Midware/LVGL/generated/gui_guider.o
                0x08005686                setup_ui
 .text.slider_event_cb
                0x080056a0       0x44 ./Midware/LVGL/generated/setup_scr_screen.o
 .text.btn_event_cb
                0x080056e4       0x48 ./Midware/LVGL/generated/setup_scr_screen.o
 .text.update_chart
                0x0800572c       0xa0 ./Midware/LVGL/generated/setup_scr_screen.o
 .text.setup_scr_screen
                0x080057cc      0x318 ./Midware/LVGL/generated/setup_scr_screen.o
                0x080057cc                setup_scr_screen
 .text.timer_cb
                0x08005ae4       0x4c ./Midware/LVGL/generated/setup_scr_screen_1.o
 .text.slider_event_cb
                0x08005b30       0x38 ./Midware/LVGL/generated/setup_scr_screen_1.o
 .text.btn_event_cb
                0x08005b68       0x54 ./Midware/LVGL/generated/setup_scr_screen_1.o
 .text.setup_scr_screen_1
                0x08005bbc      0x34c ./Midware/LVGL/generated/setup_scr_screen_1.o
                0x08005bbc                setup_scr_screen_1
 .text.disp_flush
                0x08005f08       0x20 ./Midware/LVGL/port/lv_port_disp.o
 .text.lv_port_disp_init
                0x08005f28       0x4c ./Midware/LVGL/port/lv_port_disp.o
                0x08005f28                lv_port_disp_init
 .text.touchpad_read
                0x08005f74       0x38 ./Midware/LVGL/port/lv_port_indev.o
 .text.lv_port_indev_init
                0x08005fac       0x30 ./Midware/LVGL/port/lv_port_indev.o
                0x08005fac                lv_port_indev_init
 .text.opa_scale_anim
                0x08005fdc        0x8 ./Midware/LVGL/src/core/lv_disp.o
 .text.set_y_anim
                0x08005fe4        0x6 ./Midware/LVGL/src/core/lv_disp.o
 .text.set_x_anim
                0x08005fea        0x6 ./Midware/LVGL/src/core/lv_disp.o
 .text.scr_anim_ready
                0x08005ff0       0x54 ./Midware/LVGL/src/core/lv_disp.o
 .text.scr_load_internal
                0x08006044       0x50 ./Midware/LVGL/src/core/lv_disp.o
 .text.lv_disp_get_scr_act
                0x08006094        0xe ./Midware/LVGL/src/core/lv_disp.o
                0x08006094                lv_disp_get_scr_act
 .text.lv_scr_act
                0x080060a2        0xe ./Midware/LVGL/src/core/lv_disp.o
 .text.scr_load_anim_start
                0x080060b0       0x22 ./Midware/LVGL/src/core/lv_disp.o
 .text.lv_disp_get_scr_prev
                0x080060d2        0xe ./Midware/LVGL/src/core/lv_disp.o
                0x080060d2                lv_disp_get_scr_prev
 .text.lv_disp_get_layer_top
                0x080060e0        0xe ./Midware/LVGL/src/core/lv_disp.o
                0x080060e0                lv_disp_get_layer_top
 .text.lv_disp_get_layer_sys
                0x080060ee        0xe ./Midware/LVGL/src/core/lv_disp.o
                0x080060ee                lv_disp_get_layer_sys
 .text.lv_disp_get_theme
                0x080060fc        0xc ./Midware/LVGL/src/core/lv_disp.o
                0x080060fc                lv_disp_get_theme
 .text.lv_scr_load_anim
                0x08006108      0x274 ./Midware/LVGL/src/core/lv_disp.o
                0x08006108                lv_scr_load_anim
 .text.lv_disp_load_scr
                0x0800637c       0x14 ./Midware/LVGL/src/core/lv_disp.o
                0x0800637c                lv_disp_load_scr
 .text.lv_disp_is_invalidation_enabled
                0x08006390       0x18 ./Midware/LVGL/src/core/lv_disp.o
                0x08006390                lv_disp_is_invalidation_enabled
 .text.lv_obj_get_event_dsc.isra.0
                0x080063a8       0x1a ./Midware/LVGL/src/core/lv_event.o
 .text.lv_obj_event_base
                0x080063c2       0x2a ./Midware/LVGL/src/core/lv_event.o
                0x080063c2                lv_obj_event_base
 .text.event_send_core
                0x080063ec      0x120 ./Midware/LVGL/src/core/lv_event.o
 .text.lv_event_send
                0x0800650c       0x40 ./Midware/LVGL/src/core/lv_event.o
                0x0800650c                lv_event_send
 .text.lv_event_get_target
                0x0800654c        0x4 ./Midware/LVGL/src/core/lv_event.o
                0x0800654c                lv_event_get_target
 .text.lv_event_get_current_target
                0x08006550        0x4 ./Midware/LVGL/src/core/lv_event.o
                0x08006550                lv_event_get_current_target
 .text.lv_event_get_code
                0x08006554        0x8 ./Midware/LVGL/src/core/lv_event.o
                0x08006554                lv_event_get_code
 .text.lv_event_get_param
                0x0800655c        0x4 ./Midware/LVGL/src/core/lv_event.o
                0x0800655c                lv_event_get_param
 .text.lv_event_get_user_data
                0x08006560        0x4 ./Midware/LVGL/src/core/lv_event.o
                0x08006560                lv_event_get_user_data
 .text._lv_event_mark_deleted
                0x08006564       0x24 ./Midware/LVGL/src/core/lv_event.o
                0x08006564                _lv_event_mark_deleted
 .text.lv_obj_add_event_cb
                0x08006588       0x60 ./Midware/LVGL/src/core/lv_event.o
                0x08006588                lv_obj_add_event_cb
 .text.lv_event_get_indev
                0x080065e8        0xe ./Midware/LVGL/src/core/lv_event.o
                0x080065e8                lv_event_get_indev
 .text.lv_event_get_draw_ctx
                0x080065f6        0xe ./Midware/LVGL/src/core/lv_event.o
                0x080065f6                lv_event_get_draw_ctx
 .text.lv_event_set_ext_draw_size
                0x08006604       0x18 ./Midware/LVGL/src/core/lv_event.o
                0x08006604                lv_event_set_ext_draw_size
 .text.get_indev
                0x0800661c       0x4c ./Midware/LVGL/src/core/lv_group.o
 .text.focus_next_core
                0x08006668       0xe8 ./Midware/LVGL/src/core/lv_group.o
 .text._lv_group_init
                0x08006750        0xc ./Midware/LVGL/src/core/lv_group.o
                0x08006750                _lv_group_init
 .text.lv_group_get_default
                0x0800675c        0xc ./Midware/LVGL/src/core/lv_group.o
                0x0800675c                lv_group_get_default
 .text.lv_group_focus_next
                0x08006768       0x28 ./Midware/LVGL/src/core/lv_group.o
                0x08006768                lv_group_focus_next
 .text.lv_group_focus_prev
                0x08006790       0x28 ./Midware/LVGL/src/core/lv_group.o
                0x08006790                lv_group_focus_prev
 .text.lv_group_refocus
                0x080067b8       0x28 ./Midware/LVGL/src/core/lv_group.o
 .text.lv_group_remove_obj
                0x080067e0       0x90 ./Midware/LVGL/src/core/lv_group.o
                0x080067e0                lv_group_remove_obj
 .text.lv_group_add_obj
                0x08006870       0x72 ./Midware/LVGL/src/core/lv_group.o
                0x08006870                lv_group_add_obj
 .text.lv_group_get_focused
                0x080068e2        0xa ./Midware/LVGL/src/core/lv_group.o
                0x080068e2                lv_group_get_focused
 .text.lv_group_send_data
                0x080068ec       0x28 ./Midware/LVGL/src/core/lv_group.o
                0x080068ec                lv_group_send_data
 .text.lv_group_set_editing
                0x08006914       0x42 ./Midware/LVGL/src/core/lv_group.o
                0x08006914                lv_group_set_editing
 .text.lv_group_focus_obj
                0x08006956       0x8a ./Midware/LVGL/src/core/lv_group.o
                0x08006956                lv_group_focus_obj
 .text.lv_group_get_editing
                0x080069e0        0xa ./Midware/LVGL/src/core/lv_group.o
                0x080069e0                lv_group_get_editing
 .text.lv_group_get_obj_count
                0x080069ea        0x4 ./Midware/LVGL/src/core/lv_group.o
                0x080069ea                lv_group_get_obj_count
 *fill*         0x080069ee        0x2 
 .text.indev_reset_check
                0x080069f0       0x18 ./Midware/LVGL/src/core/lv_indev.o
 .text.indev_proc_reset_query_handler
                0x08006a08       0x34 ./Midware/LVGL/src/core/lv_indev.o
 .text.indev_proc_release
                0x08006a3c      0x124 ./Midware/LVGL/src/core/lv_indev.o
 .text.lv_indev_get_act
                0x08006b60        0xc ./Midware/LVGL/src/core/lv_indev.o
                0x08006b60                lv_indev_get_act
 .text.lv_indev_get_type
                0x08006b6c        0x8 ./Midware/LVGL/src/core/lv_indev.o
                0x08006b6c                lv_indev_get_type
 .text.lv_indev_reset
                0x08006b74       0xa0 ./Midware/LVGL/src/core/lv_indev.o
                0x08006b74                lv_indev_reset
 .text.lv_indev_reset_long_press
                0x08006c14       0x1a ./Midware/LVGL/src/core/lv_indev.o
                0x08006c14                lv_indev_reset_long_press
 .text.lv_indev_get_point
                0x08006c2e       0x2c ./Midware/LVGL/src/core/lv_indev.o
                0x08006c2e                lv_indev_get_point
 .text.lv_indev_get_scroll_dir
                0x08006c5a       0x1c ./Midware/LVGL/src/core/lv_indev.o
                0x08006c5a                lv_indev_get_scroll_dir
 .text.lv_indev_get_scroll_obj
                0x08006c76       0x16 ./Midware/LVGL/src/core/lv_indev.o
                0x08006c76                lv_indev_get_scroll_obj
 .text.lv_indev_get_vect
                0x08006c8c       0x22 ./Midware/LVGL/src/core/lv_indev.o
                0x08006c8c                lv_indev_get_vect
 .text.lv_indev_wait_release
                0x08006cae        0xc ./Midware/LVGL/src/core/lv_indev.o
                0x08006cae                lv_indev_wait_release
 *fill*         0x08006cba        0x2 
 .text.lv_indev_get_obj_act
                0x08006cbc        0xc ./Midware/LVGL/src/core/lv_indev.o
                0x08006cbc                lv_indev_get_obj_act
 .text.lv_indev_search_obj
                0x08006cc8       0x76 ./Midware/LVGL/src/core/lv_indev.o
                0x08006cc8                lv_indev_search_obj
 *fill*         0x08006d3e        0x2 
 .text.indev_proc_press
                0x08006d40      0x35c ./Midware/LVGL/src/core/lv_indev.o
 .text.lv_indev_read_timer_cb
                0x0800709c      0x748 ./Midware/LVGL/src/core/lv_indev.o
                0x0800709c                lv_indev_read_timer_cb
 .text.elastic_diff
                0x080077e4      0x17c ./Midware/LVGL/src/core/lv_indev_scroll.o
 .text.find_snap_point_x
                0x08007960      0x118 ./Midware/LVGL/src/core/lv_indev_scroll.o
 .text.find_snap_point_y
                0x08007a78      0x118 ./Midware/LVGL/src/core/lv_indev_scroll.o
 .text._lv_indev_scroll_handler
                0x08007b90      0x548 ./Midware/LVGL/src/core/lv_indev_scroll.o
                0x08007b90                _lv_indev_scroll_handler
 .text._lv_indev_scroll_throw_handler
                0x080080d8      0x254 ./Midware/LVGL/src/core/lv_indev_scroll.o
                0x080080d8                _lv_indev_scroll_throw_handler
 .text.lv_indev_scroll_throw_predict
                0x0800832c       0x36 ./Midware/LVGL/src/core/lv_indev_scroll.o
                0x0800832c                lv_indev_scroll_throw_predict
 .text.lv_obj_constructor
                0x08008362       0x5c ./Midware/LVGL/src/core/lv_obj.o
 .text.lv_obj_set_state
                0x080083be      0x216 ./Midware/LVGL/src/core/lv_obj.o
 .text.lv_obj_draw
                0x080085d4      0x45c ./Midware/LVGL/src/core/lv_obj.o
 .text.lv_init  0x08008a30       0x54 ./Midware/LVGL/src/core/lv_obj.o
                0x08008a30                lv_init
 .text.lv_obj_create
                0x08008a84       0x18 ./Midware/LVGL/src/core/lv_obj.o
                0x08008a84                lv_obj_create
 .text.lv_obj_clear_flag
                0x08008a9c       0x78 ./Midware/LVGL/src/core/lv_obj.o
                0x08008a9c                lv_obj_clear_flag
 .text.lv_obj_add_state
                0x08008b14       0x14 ./Midware/LVGL/src/core/lv_obj.o
                0x08008b14                lv_obj_add_state
 .text.lv_obj_clear_state
                0x08008b28       0x12 ./Midware/LVGL/src/core/lv_obj.o
                0x08008b28                lv_obj_clear_state
 .text.lv_obj_has_flag
                0x08008b3a        0xc ./Midware/LVGL/src/core/lv_obj.o
                0x08008b3a                lv_obj_has_flag
 .text.lv_obj_has_flag_any
                0x08008b46        0xc ./Midware/LVGL/src/core/lv_obj.o
                0x08008b46                lv_obj_has_flag_any
 .text.lv_obj_get_state
                0x08008b52        0x4 ./Midware/LVGL/src/core/lv_obj.o
                0x08008b52                lv_obj_get_state
 .text.lv_obj_has_state
                0x08008b56        0xc ./Midware/LVGL/src/core/lv_obj.o
                0x08008b56                lv_obj_has_state
 .text.lv_obj_get_group
                0x08008b62        0x8 ./Midware/LVGL/src/core/lv_obj.o
                0x08008b62                lv_obj_get_group
 .text.lv_obj_event
                0x08008b6a      0x338 ./Midware/LVGL/src/core/lv_obj.o
 *fill*         0x08008ea2        0x2 
 .text.lv_obj_destructor
                0x08008ea4       0x68 ./Midware/LVGL/src/core/lv_obj.o
 .text.lv_obj_add_flag
                0x08008f0c       0x84 ./Midware/LVGL/src/core/lv_obj.o
                0x08008f0c                lv_obj_add_flag
 .text.lv_obj_allocate_spec_attr
                0x08008f90       0x38 ./Midware/LVGL/src/core/lv_obj.o
                0x08008f90                lv_obj_allocate_spec_attr
 .text.lv_obj_check_type
                0x08008fc8        0xc ./Midware/LVGL/src/core/lv_obj.o
                0x08008fc8                lv_obj_check_type
 .text.lv_obj_construct
                0x08008fd4       0x22 ./Midware/LVGL/src/core/lv_obj_class.o
 *fill*         0x08008ff6        0x2 
 .text.lv_obj_class_create_obj
                0x08008ff8       0xd8 ./Midware/LVGL/src/core/lv_obj_class.o
                0x08008ff8                lv_obj_class_create_obj
 .text._lv_obj_destruct
                0x080090d0       0x1a ./Midware/LVGL/src/core/lv_obj_class.o
                0x080090d0                _lv_obj_destruct
 .text.lv_obj_is_editable
                0x080090ea       0x14 ./Midware/LVGL/src/core/lv_obj_class.o
                0x080090ea                lv_obj_is_editable
 .text.lv_obj_is_group_def
                0x080090fe       0x14 ./Midware/LVGL/src/core/lv_obj_class.o
                0x080090fe                lv_obj_is_group_def
 .text.lv_obj_class_init_obj
                0x08009112       0x74 ./Midware/LVGL/src/core/lv_obj_class.o
                0x08009112                lv_obj_class_init_obj
 .text.lv_obj_get_style_blend_mode
                0x08009186        0xc ./Midware/LVGL/src/core/lv_obj_draw.o
 .text.lv_obj_get_style_bg_color_filtered
                0x08009192       0x18 ./Midware/LVGL/src/core/lv_obj_draw.o
 .text.lv_obj_get_style_text_color_filtered
                0x080091aa       0x18 ./Midware/LVGL/src/core/lv_obj_draw.o
 .text.lv_obj_init_draw_rect_dsc
                0x080091c2      0x2ae ./Midware/LVGL/src/core/lv_obj_draw.o
                0x080091c2                lv_obj_init_draw_rect_dsc
 .text.lv_obj_init_draw_label_dsc
                0x08009470       0x9c ./Midware/LVGL/src/core/lv_obj_draw.o
                0x08009470                lv_obj_init_draw_label_dsc
 .text.lv_obj_init_draw_img_dsc
                0x0800950c       0xa6 ./Midware/LVGL/src/core/lv_obj_draw.o
                0x0800950c                lv_obj_init_draw_img_dsc
 .text.lv_obj_init_draw_line_dsc
                0x080095b2       0xb2 ./Midware/LVGL/src/core/lv_obj_draw.o
                0x080095b2                lv_obj_init_draw_line_dsc
 .text.lv_obj_init_draw_arc_dsc
                0x08009664       0x9c ./Midware/LVGL/src/core/lv_obj_draw.o
                0x08009664                lv_obj_init_draw_arc_dsc
 .text.lv_obj_calculate_ext_draw_size
                0x08009700       0xce ./Midware/LVGL/src/core/lv_obj_draw.o
                0x08009700                lv_obj_calculate_ext_draw_size
 .text.lv_obj_draw_dsc_init
                0x080097ce       0x10 ./Midware/LVGL/src/core/lv_obj_draw.o
                0x080097ce                lv_obj_draw_dsc_init
 .text._lv_obj_get_ext_draw_size
                0x080097de        0xa ./Midware/LVGL/src/core/lv_obj_draw.o
                0x080097de                _lv_obj_get_ext_draw_size
 .text.lv_obj_refresh_ext_draw_size
                0x080097e8       0x5a ./Midware/LVGL/src/core/lv_obj_draw.o
                0x080097e8                lv_obj_refresh_ext_draw_size
 .text._lv_obj_get_layer_type
                0x08009842        0xa ./Midware/LVGL/src/core/lv_obj_draw.o
                0x08009842                _lv_obj_get_layer_type
 .text.lv_obj_get_style_base_dir.constprop.0
                0x0800984c        0xe ./Midware/LVGL/src/core/lv_obj_pos.o
 .text.lv_obj_get_style_border_width.constprop.0
                0x0800985a        0xe ./Midware/LVGL/src/core/lv_obj_pos.o
 .text.lv_obj_get_style_pad_right.constprop.0
                0x08009868        0xe ./Midware/LVGL/src/core/lv_obj_pos.o
 .text.lv_obj_get_style_pad_left.constprop.0
                0x08009876        0xe ./Midware/LVGL/src/core/lv_obj_pos.o
 .text.lv_obj_get_style_pad_bottom.constprop.0
                0x08009884        0xe ./Midware/LVGL/src/core/lv_obj_pos.o
 .text.lv_obj_get_style_pad_top.constprop.0
                0x08009892        0xe ./Midware/LVGL/src/core/lv_obj_pos.o
 .text.transform_point
                0x080098a0       0xfc ./Midware/LVGL/src/core/lv_obj_pos.o
 .text.lv_obj_set_x
                0x0800999c       0x2e ./Midware/LVGL/src/core/lv_obj_pos.o
                0x0800999c                lv_obj_set_x
 .text.lv_obj_set_y
                0x080099ca       0x2e ./Midware/LVGL/src/core/lv_obj_pos.o
                0x080099ca                lv_obj_set_y
 .text.lv_obj_set_pos
                0x080099f8       0x16 ./Midware/LVGL/src/core/lv_obj_pos.o
                0x080099f8                lv_obj_set_pos
 .text.lv_obj_set_width
                0x08009a0e       0x2e ./Midware/LVGL/src/core/lv_obj_pos.o
                0x08009a0e                lv_obj_set_width
 .text.lv_obj_set_height
                0x08009a3c       0x2e ./Midware/LVGL/src/core/lv_obj_pos.o
                0x08009a3c                lv_obj_set_height
 .text.lv_obj_set_size
                0x08009a6a       0x16 ./Midware/LVGL/src/core/lv_obj_pos.o
                0x08009a6a                lv_obj_set_size
 .text.lv_obj_is_layout_positioned
                0x08009a80       0x34 ./Midware/LVGL/src/core/lv_obj_pos.o
                0x08009a80                lv_obj_is_layout_positioned
 .text.lv_obj_mark_layout_as_dirty
                0x08009ab4       0x30 ./Midware/LVGL/src/core/lv_obj_pos.o
                0x08009ab4                lv_obj_mark_layout_as_dirty
 .text.lv_obj_set_layout
                0x08009ae4       0x16 ./Midware/LVGL/src/core/lv_obj_pos.o
                0x08009ae4                lv_obj_set_layout
 *fill*         0x08009afa        0x2 
 .text.lv_layout_register
                0x08009afc       0x3c ./Midware/LVGL/src/core/lv_obj_pos.o
                0x08009afc                lv_layout_register
 .text.lv_obj_align
                0x08009b38       0x1c ./Midware/LVGL/src/core/lv_obj_pos.o
                0x08009b38                lv_obj_align
 .text.lv_obj_get_coords
                0x08009b54       0x1a ./Midware/LVGL/src/core/lv_obj_pos.o
                0x08009b54                lv_obj_get_coords
 .text.lv_obj_get_x
                0x08009b6e       0x38 ./Midware/LVGL/src/core/lv_obj_pos.o
                0x08009b6e                lv_obj_get_x
 .text.lv_obj_get_y
                0x08009ba6       0x38 ./Midware/LVGL/src/core/lv_obj_pos.o
                0x08009ba6                lv_obj_get_y
 .text.lv_obj_get_y2
                0x08009bde       0x16 ./Midware/LVGL/src/core/lv_obj_pos.o
                0x08009bde                lv_obj_get_y2
 .text.lv_obj_get_width
                0x08009bf4        0xc ./Midware/LVGL/src/core/lv_obj_pos.o
                0x08009bf4                lv_obj_get_width
 .text.lv_obj_get_height
                0x08009c00        0xc ./Midware/LVGL/src/core/lv_obj_pos.o
                0x08009c00                lv_obj_get_height
 .text.lv_obj_get_content_width
                0x08009c0c       0x2c ./Midware/LVGL/src/core/lv_obj_pos.o
                0x08009c0c                lv_obj_get_content_width
 .text.lv_obj_get_content_height
                0x08009c38       0x2c ./Midware/LVGL/src/core/lv_obj_pos.o
                0x08009c38                lv_obj_get_content_height
 .text.lv_obj_get_content_coords
                0x08009c64       0x60 ./Midware/LVGL/src/core/lv_obj_pos.o
                0x08009c64                lv_obj_get_content_coords
 .text.lv_obj_get_self_width
                0x08009cc4       0x1c ./Midware/LVGL/src/core/lv_obj_pos.o
                0x08009cc4                lv_obj_get_self_width
 .text.lv_obj_get_self_height
                0x08009ce0       0x1a ./Midware/LVGL/src/core/lv_obj_pos.o
                0x08009ce0                lv_obj_get_self_height
 .text.lv_obj_refresh_self_size
                0x08009cfa       0x34 ./Midware/LVGL/src/core/lv_obj_pos.o
                0x08009cfa                lv_obj_refresh_self_size
 .text.lv_obj_move_children_by
                0x08009d2e       0x6c ./Midware/LVGL/src/core/lv_obj_pos.o
                0x08009d2e                lv_obj_move_children_by
 .text.lv_obj_transform_point
                0x08009d9a       0x5c ./Midware/LVGL/src/core/lv_obj_pos.o
                0x08009d9a                lv_obj_transform_point
 .text.lv_obj_get_transformed_area
                0x08009df6       0xe8 ./Midware/LVGL/src/core/lv_obj_pos.o
                0x08009df6                lv_obj_get_transformed_area
 .text.lv_obj_area_is_visible
                0x08009ede       0xf0 ./Midware/LVGL/src/core/lv_obj_pos.o
                0x08009ede                lv_obj_area_is_visible
 .text.lv_obj_invalidate_area
                0x08009fce       0x42 ./Midware/LVGL/src/core/lv_obj_pos.o
                0x08009fce                lv_obj_invalidate_area
 .text.lv_obj_invalidate
                0x0800a010       0x3c ./Midware/LVGL/src/core/lv_obj_pos.o
                0x0800a010                lv_obj_invalidate
 .text.lv_obj_move_to
                0x0800a04c      0x130 ./Midware/LVGL/src/core/lv_obj_pos.o
                0x0800a04c                lv_obj_move_to
 .text.lv_obj_refr_pos
                0x0800a17c      0x258 ./Midware/LVGL/src/core/lv_obj_pos.o
                0x0800a17c                lv_obj_refr_pos
 .text.lv_obj_is_visible
                0x0800a3d4       0x3c ./Midware/LVGL/src/core/lv_obj_pos.o
                0x0800a3d4                lv_obj_is_visible
 .text.lv_obj_set_ext_click_area
                0x0800a410       0x10 ./Midware/LVGL/src/core/lv_obj_pos.o
                0x0800a410                lv_obj_set_ext_click_area
 .text.lv_obj_get_click_area
                0x0800a420       0x32 ./Midware/LVGL/src/core/lv_obj_pos.o
                0x0800a420                lv_obj_get_click_area
 .text.lv_obj_hit_test
                0x0800a452       0x62 ./Midware/LVGL/src/core/lv_obj_pos.o
                0x0800a452                lv_obj_hit_test
 .text.lv_clamp_width
                0x0800a4b4       0x66 ./Midware/LVGL/src/core/lv_obj_pos.o
                0x0800a4b4                lv_clamp_width
 *fill*         0x0800a51a        0x2 
 .text.lv_obj_refr_size
                0x0800a51c      0x53c ./Midware/LVGL/src/core/lv_obj_pos.o
                0x0800a51c                lv_obj_refr_size
 .text.layout_update_core
                0x0800aa58       0x7c ./Midware/LVGL/src/core/lv_obj_pos.o
 .text.lv_obj_update_layout
                0x0800aad4       0x34 ./Midware/LVGL/src/core/lv_obj_pos.o
                0x0800aad4                lv_obj_update_layout
 .text.lv_obj_align_to
                0x0800ab08      0x3c4 ./Midware/LVGL/src/core/lv_obj_pos.o
                0x0800ab08                lv_obj_align_to
 .text.lv_obj_get_style_base_dir
                0x0800aecc        0xc ./Midware/LVGL/src/core/lv_obj_scroll.o
 .text.scroll_anim_ready_cb
                0x0800aed8        0xa ./Midware/LVGL/src/core/lv_obj_scroll.o
 .text.lv_obj_set_scrollbar_mode
                0x0800aee2       0x28 ./Midware/LVGL/src/core/lv_obj_scroll.o
                0x0800aee2                lv_obj_set_scrollbar_mode
 .text.lv_obj_set_scroll_dir
                0x0800af0a       0x1e ./Midware/LVGL/src/core/lv_obj_scroll.o
                0x0800af0a                lv_obj_set_scroll_dir
 .text.lv_obj_set_scroll_snap_x
                0x0800af28       0x16 ./Midware/LVGL/src/core/lv_obj_scroll.o
                0x0800af28                lv_obj_set_scroll_snap_x
 .text.lv_obj_set_scroll_snap_y
                0x0800af3e       0x16 ./Midware/LVGL/src/core/lv_obj_scroll.o
                0x0800af3e                lv_obj_set_scroll_snap_y
 .text.lv_obj_get_scrollbar_mode
                0x0800af54       0x10 ./Midware/LVGL/src/core/lv_obj_scroll.o
                0x0800af54                lv_obj_get_scrollbar_mode
 .text.lv_obj_get_scroll_dir
                0x0800af64       0x10 ./Midware/LVGL/src/core/lv_obj_scroll.o
                0x0800af64                lv_obj_get_scroll_dir
 .text.lv_obj_get_scroll_snap_x
                0x0800af74        0xc ./Midware/LVGL/src/core/lv_obj_scroll.o
                0x0800af74                lv_obj_get_scroll_snap_x
 .text.lv_obj_get_scroll_snap_y
                0x0800af80        0xc ./Midware/LVGL/src/core/lv_obj_scroll.o
                0x0800af80                lv_obj_get_scroll_snap_y
 .text.lv_obj_get_scroll_x
                0x0800af8c        0xc ./Midware/LVGL/src/core/lv_obj_scroll.o
                0x0800af8c                lv_obj_get_scroll_x
 .text.lv_obj_get_scroll_y
                0x0800af98        0xc ./Midware/LVGL/src/core/lv_obj_scroll.o
                0x0800af98                lv_obj_get_scroll_y
 .text.lv_obj_get_scroll_top
                0x0800afa4        0x4 ./Midware/LVGL/src/core/lv_obj_scroll.o
                0x0800afa4                lv_obj_get_scroll_top
 .text.lv_obj_get_scroll_bottom
                0x0800afa8       0xa4 ./Midware/LVGL/src/core/lv_obj_scroll.o
                0x0800afa8                lv_obj_get_scroll_bottom
 .text.lv_obj_get_scroll_left
                0x0800b04c       0xd0 ./Midware/LVGL/src/core/lv_obj_scroll.o
                0x0800b04c                lv_obj_get_scroll_left
 .text.lv_obj_get_scroll_right
                0x0800b11c       0xb8 ./Midware/LVGL/src/core/lv_obj_scroll.o
                0x0800b11c                lv_obj_get_scroll_right
 .text.lv_obj_get_scroll_end
                0x0800b1d4       0x44 ./Midware/LVGL/src/core/lv_obj_scroll.o
                0x0800b1d4                lv_obj_get_scroll_end
 .text._lv_obj_scroll_by_raw
                0x0800b218       0x44 ./Midware/LVGL/src/core/lv_obj_scroll.o
                0x0800b218                _lv_obj_scroll_by_raw
 .text.scroll_y_anim
                0x0800b25c       0x18 ./Midware/LVGL/src/core/lv_obj_scroll.o
 .text.scroll_x_anim
                0x0800b274       0x18 ./Midware/LVGL/src/core/lv_obj_scroll.o
 .text.lv_obj_scroll_by
                0x0800b28c      0x11c ./Midware/LVGL/src/core/lv_obj_scroll.o
                0x0800b28c                lv_obj_scroll_by
 .text.lv_obj_scroll_by_bounded
                0x0800b3a8       0xc8 ./Midware/LVGL/src/core/lv_obj_scroll.o
                0x0800b3a8                lv_obj_scroll_by_bounded
 .text.lv_obj_scroll_to_x
                0x0800b470       0x2c ./Midware/LVGL/src/core/lv_obj_scroll.o
                0x0800b470                lv_obj_scroll_to_x
 .text.lv_obj_scroll_to_y
                0x0800b49c       0x2c ./Midware/LVGL/src/core/lv_obj_scroll.o
                0x0800b49c                lv_obj_scroll_to_y
 .text.lv_obj_scroll_to
                0x0800b4c8       0x1c ./Midware/LVGL/src/core/lv_obj_scroll.o
                0x0800b4c8                lv_obj_scroll_to
 .text.scroll_area_into_view
                0x0800b4e4      0x2f4 ./Midware/LVGL/src/core/lv_obj_scroll.o
 .text.lv_obj_scroll_to_view_recursive
                0x0800b7d8       0x36 ./Midware/LVGL/src/core/lv_obj_scroll.o
                0x0800b7d8                lv_obj_scroll_to_view_recursive
 .text.lv_obj_get_scrollbar_area
                0x0800b80e      0x6c6 ./Midware/LVGL/src/core/lv_obj_scroll.o
                0x0800b80e                lv_obj_get_scrollbar_area
 .text.lv_obj_scrollbar_invalidate
                0x0800bed4       0x40 ./Midware/LVGL/src/core/lv_obj_scroll.o
                0x0800bed4                lv_obj_scrollbar_invalidate
 .text.lv_obj_readjust_scroll
                0x0800bf14       0x94 ./Midware/LVGL/src/core/lv_obj_scroll.o
                0x0800bf14                lv_obj_readjust_scroll
 .text.refresh_children_style
                0x0800bfa8       0x3a ./Midware/LVGL/src/core/lv_obj_style.o
 .text.get_local_style
                0x0800bfe2       0xba ./Midware/LVGL/src/core/lv_obj_style.o
 .text.get_trans_style
                0x0800c09c       0x8a ./Midware/LVGL/src/core/lv_obj_style.o
 *fill*         0x0800c126        0x2 
 .text.trans_del.isra.0
                0x0800c128       0xa4 ./Midware/LVGL/src/core/lv_obj_style.o
 .text._lv_obj_style_init
                0x0800c1cc        0xc ./Midware/LVGL/src/core/lv_obj_style.o
                0x0800c1cc                _lv_obj_style_init
 .text.lv_obj_enable_style_refresh
                0x0800c1d8        0xc ./Midware/LVGL/src/core/lv_obj_style.o
                0x0800c1d8                lv_obj_enable_style_refresh
 .text.lv_obj_get_style_prop
                0x0800c1e4      0x146 ./Midware/LVGL/src/core/lv_obj_style.o
                0x0800c1e4                lv_obj_get_style_prop
 .text.trans_anim_start_cb
                0x0800c32a       0x40 ./Midware/LVGL/src/core/lv_obj_style.o
 *fill*         0x0800c36a        0x2 
 .text.lv_obj_refresh_style
                0x0800c36c      0x164 ./Midware/LVGL/src/core/lv_obj_style.o
                0x0800c36c                lv_obj_refresh_style
 .text.lv_obj_add_style
                0x0800c4d0       0xb6 ./Midware/LVGL/src/core/lv_obj_style.o
                0x0800c4d0                lv_obj_add_style
 .text.report_style_change_core
                0x0800c586       0x52 ./Midware/LVGL/src/core/lv_obj_style.o
 .text.lv_obj_report_style_change
                0x0800c5d8       0x38 ./Midware/LVGL/src/core/lv_obj_style.o
                0x0800c5d8                lv_obj_report_style_change
 .text.trans_anim_cb
                0x0800c610      0x14c ./Midware/LVGL/src/core/lv_obj_style.o
 .text.lv_obj_remove_style
                0x0800c75c      0x10a ./Midware/LVGL/src/core/lv_obj_style.o
                0x0800c75c                lv_obj_remove_style
 *fill*         0x0800c866        0x2 
 .text.trans_anim_ready_cb
                0x0800c868       0xa8 ./Midware/LVGL/src/core/lv_obj_style.o
 .text.lv_obj_set_local_style_prop
                0x0800c910       0x26 ./Midware/LVGL/src/core/lv_obj_style.o
                0x0800c910                lv_obj_set_local_style_prop
 .text.lv_obj_get_local_style_prop
                0x0800c936       0x40 ./Midware/LVGL/src/core/lv_obj_style.o
                0x0800c936                lv_obj_get_local_style_prop
 .text.lv_obj_remove_local_style_prop
                0x0800c976       0x54 ./Midware/LVGL/src/core/lv_obj_style.o
                0x0800c976                lv_obj_remove_local_style_prop
 *fill*         0x0800c9ca        0x2 
 .text._lv_obj_style_create_transition
                0x0800c9cc      0x144 ./Midware/LVGL/src/core/lv_obj_style.o
                0x0800c9cc                _lv_obj_style_create_transition
 .text._lv_obj_style_apply_color_filter
                0x0800cb10       0x38 ./Midware/LVGL/src/core/lv_obj_style.o
                0x0800cb10                _lv_obj_style_apply_color_filter
 .text._lv_obj_style_state_compare
                0x0800cb48      0x202 ./Midware/LVGL/src/core/lv_obj_style.o
                0x0800cb48                _lv_obj_style_state_compare
 .text.lv_obj_style_get_selector_state
                0x0800cd4a        0x4 ./Midware/LVGL/src/core/lv_obj_style.o
                0x0800cd4a                lv_obj_style_get_selector_state
 .text.lv_obj_style_get_selector_part
                0x0800cd4e        0x6 ./Midware/LVGL/src/core/lv_obj_style.o
                0x0800cd4e                lv_obj_style_get_selector_part
 .text.lv_obj_calculate_style_text_align
                0x0800cd54       0x22 ./Midware/LVGL/src/core/lv_obj_style.o
                0x0800cd54                lv_obj_calculate_style_text_align
 .text.lv_obj_get_style_opa_recursive
                0x0800cd76       0x5a ./Midware/LVGL/src/core/lv_obj_style.o
                0x0800cd76                lv_obj_get_style_opa_recursive
 .text.lv_obj_set_style_width
                0x0800cdd0        0xa ./Midware/LVGL/src/core/lv_obj_style_gen.o
                0x0800cdd0                lv_obj_set_style_width
 .text.lv_obj_set_style_min_width
                0x0800cdda        0xa ./Midware/LVGL/src/core/lv_obj_style_gen.o
                0x0800cdda                lv_obj_set_style_min_width
 .text.lv_obj_set_style_height
                0x0800cde4        0xa ./Midware/LVGL/src/core/lv_obj_style_gen.o
                0x0800cde4                lv_obj_set_style_height
 .text.lv_obj_set_style_x
                0x0800cdee        0xa ./Midware/LVGL/src/core/lv_obj_style_gen.o
                0x0800cdee                lv_obj_set_style_x
 .text.lv_obj_set_style_y
                0x0800cdf8        0xa ./Midware/LVGL/src/core/lv_obj_style_gen.o
                0x0800cdf8                lv_obj_set_style_y
 .text.lv_obj_set_style_align
                0x0800ce02        0xa ./Midware/LVGL/src/core/lv_obj_style_gen.o
                0x0800ce02                lv_obj_set_style_align
 .text.lv_obj_set_style_pad_top
                0x0800ce0c        0xa ./Midware/LVGL/src/core/lv_obj_style_gen.o
                0x0800ce0c                lv_obj_set_style_pad_top
 .text.lv_obj_set_style_pad_bottom
                0x0800ce16        0xa ./Midware/LVGL/src/core/lv_obj_style_gen.o
                0x0800ce16                lv_obj_set_style_pad_bottom
 .text.lv_obj_set_style_pad_left
                0x0800ce20        0xa ./Midware/LVGL/src/core/lv_obj_style_gen.o
                0x0800ce20                lv_obj_set_style_pad_left
 .text.lv_obj_set_style_pad_right
                0x0800ce2a        0xa ./Midware/LVGL/src/core/lv_obj_style_gen.o
                0x0800ce2a                lv_obj_set_style_pad_right
 .text.lv_obj_set_style_bg_color
                0x0800ce34       0x20 ./Midware/LVGL/src/core/lv_obj_style_gen.o
                0x0800ce34                lv_obj_set_style_bg_color
 .text.lv_obj_set_style_bg_opa
                0x0800ce54        0xa ./Midware/LVGL/src/core/lv_obj_style_gen.o
                0x0800ce54                lv_obj_set_style_bg_opa
 .text.lv_obj_set_style_bg_grad_dir
                0x0800ce5e        0xa ./Midware/LVGL/src/core/lv_obj_style_gen.o
                0x0800ce5e                lv_obj_set_style_bg_grad_dir
 .text.lv_obj_set_style_bg_img_src
                0x0800ce68        0xa ./Midware/LVGL/src/core/lv_obj_style_gen.o
                0x0800ce68                lv_obj_set_style_bg_img_src
 .text.lv_obj_set_style_border_color
                0x0800ce72       0x20 ./Midware/LVGL/src/core/lv_obj_style_gen.o
                0x0800ce72                lv_obj_set_style_border_color
 .text.lv_obj_set_style_border_opa
                0x0800ce92        0xa ./Midware/LVGL/src/core/lv_obj_style_gen.o
                0x0800ce92                lv_obj_set_style_border_opa
 .text.lv_obj_set_style_border_width
                0x0800ce9c        0xa ./Midware/LVGL/src/core/lv_obj_style_gen.o
                0x0800ce9c                lv_obj_set_style_border_width
 .text.lv_obj_set_style_border_side
                0x0800cea6        0xa ./Midware/LVGL/src/core/lv_obj_style_gen.o
                0x0800cea6                lv_obj_set_style_border_side
 .text.lv_obj_set_style_line_width
                0x0800ceb0        0xa ./Midware/LVGL/src/core/lv_obj_style_gen.o
                0x0800ceb0                lv_obj_set_style_line_width
 .text.lv_obj_set_style_text_color
                0x0800ceba       0x20 ./Midware/LVGL/src/core/lv_obj_style_gen.o