Archive member included to satisfy reference by file (symbol)

D:/STM32CubeIDE/STM32CubeIDE_1.17.0/STM32CubeIDE/plugins/com.st.stm32cube.ide.mcu.externaltools.gnu-tools-for-stm32.12.3.rel1.win32_1.1.0.202410251130/tools/bin/../lib/gcc/arm-none-eabi/12.3.1/../../../../arm-none-eabi/lib/thumb/v7e-m+fp/hard\libc_nano.a(libc_a-assert.o)
                              ./Midware/LVGL/src/extra/libs/qrcode/qrcodegen.o (__assert_func)
D:/STM32CubeIDE/STM32CubeIDE_1.17.0/STM32CubeIDE/plugins/com.st.stm32cube.ide.mcu.externaltools.gnu-tools-for-stm32.12.3.rel1.win32_1.1.0.202410251130/tools/bin/../lib/gcc/arm-none-eabi/12.3.1/../../../../arm-none-eabi/lib/thumb/v7e-m+fp/hard\libc_nano.a(libc_a-exit.o)
                              D:/STM32CubeIDE/STM32CubeIDE_1.17.0/STM32CubeIDE/plugins/com.st.stm32cube.ide.mcu.externaltools.gnu-tools-for-stm32.12.3.rel1.win32_1.1.0.202410251130/tools/bin/../lib/gcc/arm-none-eabi/12.3.1/../../../../arm-none-eabi/lib/thumb/v7e-m+fp/hard/crt0.o (exit)
D:/STM32CubeIDE/STM32CubeIDE_1.17.0/STM32CubeIDE/plugins/com.st.stm32cube.ide.mcu.externaltools.gnu-tools-for-stm32.12.3.rel1.win32_1.1.0.202410251130/tools/bin/../lib/gcc/arm-none-eabi/12.3.1/../../../../arm-none-eabi/lib/thumb/v7e-m+fp/hard\libc_nano.a(libc_a-ctype_.o)
                              ./Core/Src/main.o (_ctype_)
D:/STM32CubeIDE/STM32CubeIDE_1.17.0/STM32CubeIDE/plugins/com.st.stm32cube.ide.mcu.externaltools.gnu-tools-for-stm32.12.3.rel1.win32_1.1.0.202410251130/tools/bin/../lib/gcc/arm-none-eabi/12.3.1/../../../../arm-none-eabi/lib/thumb/v7e-m+fp/hard\libc_nano.a(libc_a-findfp.o)
                              D:/STM32CubeIDE/STM32CubeIDE_1.17.0/STM32CubeIDE/plugins/com.st.stm32cube.ide.mcu.externaltools.gnu-tools-for-stm32.12.3.rel1.win32_1.1.0.202410251130/tools/bin/../lib/gcc/arm-none-eabi/12.3.1/../../../../arm-none-eabi/lib/thumb/v7e-m+fp/hard\libc_nano.a(libc_a-exit.o) (__stdio_exit_handler)
D:/STM32CubeIDE/STM32CubeIDE_1.17.0/STM32CubeIDE/plugins/com.st.stm32cube.ide.mcu.externaltools.gnu-tools-for-stm32.12.3.rel1.win32_1.1.0.202410251130/tools/bin/../lib/gcc/arm-none-eabi/12.3.1/../../../../arm-none-eabi/lib/thumb/v7e-m+fp/hard\libc_nano.a(libc_a-fprintf.o)
                              D:/STM32CubeIDE/STM32CubeIDE_1.17.0/STM32CubeIDE/plugins/com.st.stm32cube.ide.mcu.externaltools.gnu-tools-for-stm32.12.3.rel1.win32_1.1.0.202410251130/tools/bin/../lib/gcc/arm-none-eabi/12.3.1/../../../../arm-none-eabi/lib/thumb/v7e-m+fp/hard\libc_nano.a(libc_a-assert.o) (fiprintf)
D:/STM32CubeIDE/STM32CubeIDE_1.17.0/STM32CubeIDE/plugins/com.st.stm32cube.ide.mcu.externaltools.gnu-tools-for-stm32.12.3.rel1.win32_1.1.0.202410251130/tools/bin/../lib/gcc/arm-none-eabi/12.3.1/../../../../arm-none-eabi/lib/thumb/v7e-m+fp/hard\libc_nano.a(libc_a-fwalk.o)
                              D:/STM32CubeIDE/STM32CubeIDE_1.17.0/STM32CubeIDE/plugins/com.st.stm32cube.ide.mcu.externaltools.gnu-tools-for-stm32.12.3.rel1.win32_1.1.0.202410251130/tools/bin/../lib/gcc/arm-none-eabi/12.3.1/../../../../arm-none-eabi/lib/thumb/v7e-m+fp/hard\libc_nano.a(libc_a-findfp.o) (_fwalk_sglue)
D:/STM32CubeIDE/STM32CubeIDE_1.17.0/STM32CubeIDE/plugins/com.st.stm32cube.ide.mcu.externaltools.gnu-tools-for-stm32.12.3.rel1.win32_1.1.0.202410251130/tools/bin/../lib/gcc/arm-none-eabi/12.3.1/../../../../arm-none-eabi/lib/thumb/v7e-m+fp/hard\libc_nano.a(libc_a-printf.o)
                              ./Hardware/DISP/disp.o (printf)
D:/STM32CubeIDE/STM32CubeIDE_1.17.0/STM32CubeIDE/plugins/com.st.stm32cube.ide.mcu.externaltools.gnu-tools-for-stm32.12.3.rel1.win32_1.1.0.202410251130/tools/bin/../lib/gcc/arm-none-eabi/12.3.1/../../../../arm-none-eabi/lib/thumb/v7e-m+fp/hard\libc_nano.a(libc_a-puts.o)
                              ./Midware/FreeRTOS/task_creat.o (puts)
D:/STM32CubeIDE/STM32CubeIDE_1.17.0/STM32CubeIDE/plugins/com.st.stm32cube.ide.mcu.externaltools.gnu-tools-for-stm32.12.3.rel1.win32_1.1.0.202410251130/tools/bin/../lib/gcc/arm-none-eabi/12.3.1/../../../../arm-none-eabi/lib/thumb/v7e-m+fp/hard\libc_nano.a(libc_a-snprintf.o)
                              ./Midware/LVGL/generated/setup_scr_screen.o (snprintf)
D:/STM32CubeIDE/STM32CubeIDE_1.17.0/STM32CubeIDE/plugins/com.st.stm32cube.ide.mcu.externaltools.gnu-tools-for-stm32.12.3.rel1.win32_1.1.0.202410251130/tools/bin/../lib/gcc/arm-none-eabi/12.3.1/../../../../arm-none-eabi/lib/thumb/v7e-m+fp/hard\libc_nano.a(libc_a-stdio.o)
                              D:/STM32CubeIDE/STM32CubeIDE_1.17.0/STM32CubeIDE/plugins/com.st.stm32cube.ide.mcu.externaltools.gnu-tools-for-stm32.12.3.rel1.win32_1.1.0.202410251130/tools/bin/../lib/gcc/arm-none-eabi/12.3.1/../../../../arm-none-eabi/lib/thumb/v7e-m+fp/hard\libc_nano.a(libc_a-findfp.o) (__sread)
D:/STM32CubeIDE/STM32CubeIDE_1.17.0/STM32CubeIDE/plugins/com.st.stm32cube.ide.mcu.externaltools.gnu-tools-for-stm32.12.3.rel1.win32_1.1.0.202410251130/tools/bin/../lib/gcc/arm-none-eabi/12.3.1/../../../../arm-none-eabi/lib/thumb/v7e-m+fp/hard\libc_nano.a(libc_a-vsnprintf.o)
[...]
Memory Configuration

Name             Origin             Length             Attributes
CCMRAM           0x10000000         0x00010000         xrw
RAM              0x20000000         0x00020000         xrw
FLASH            0x08000000         0x00080000         xr
*default*        0x00000000         0xffffffff

Linker script and memory map

LOAD D:/STM32CubeIDE/STM32CubeIDE_1.17.0/STM32CubeIDE/plugins/com.st.stm32cube.ide.mcu.externaltools.gnu-tools-for-stm32.12.3.rel1.win32_1.1.0.202410251130/tools/bin/../lib/gcc/arm-none-eabi/12.3.1/thumb/v7e-m+fp/hard/crti.o
LOAD D:/STM32CubeIDE/STM32CubeIDE_1.17.0/STM32CubeIDE/plugins/com.st.stm32cube.ide.mcu.externaltools.gnu-tools-for-stm32.12.3.rel1.win32_1.1.0.202410251130/tools/bin/../lib/gcc/arm-none-eabi/12.3.1/thumb/v7e-m+fp/hard/crtbegin.o
LOAD D:/STM32CubeIDE/STM32CubeIDE_1.17.0/STM32CubeIDE/plugins/com.st.stm32cube.ide.mcu.externaltools.gnu-tools-for-stm32.12.3.rel1.win32_1.1.0.202410251130/tools/bin/../lib/gcc/arm-none-eabi/12.3.1/../../../../arm-none-eabi/lib/thumb/v7e-m+fp/hard/crt0.o
LOAD ./Core/Src/dma.o
LOAD ./Core/Src/gpio.o
LOAD ./Core/Src/main.o
LOAD ./Core/Src/spi.o
LOAD ./Core/Src/stm32f4xx_hal_msp.o
LOAD ./Core/Src/stm32f4xx_it.o
LOAD ./Core/Src/syscalls.o
LOAD ./Core/Src/sysmem.o
LOAD ./Core/Src/system_stm32f4xx.o
LOAD ./Core/Src/tim.o
LOAD ./Core/Src/usart.o
LOAD ./Core/Src/usb_otg.o
LOAD ./Core/Startup/startup_stm32f407vetx.o
LOAD ./Drivers/STM32F4xx_HAL_Driver/Src/stm32f4xx_hal.o
LOAD ./Drivers/STM32F4xx_HAL_Driver/Src/stm32f4xx_hal_cortex.o
LOAD ./Drivers/STM32F4xx_HAL_Driver/Src/stm32f4xx_hal_dma.o
LOAD ./Drivers/STM32F4xx_HAL_Driver/Src/stm32f4xx_hal_dma_ex.o
LOAD ./Drivers/STM32F4xx_HAL_Driver/Src/stm32f4xx_hal_exti.o
LOAD ./Drivers/STM32F4xx_HAL_Driver/Src/stm32f4xx_hal_flash.o
LOAD ./Drivers/STM32F4xx_HAL_Driver/Src/stm32f4xx_hal_flash_ex.o
LOAD ./Drivers/STM32F4xx_HAL_Driver/Src/stm32f4xx_hal_flash_ramfunc.o
LOAD ./Drivers/STM32F4xx_HAL_Driver/Src/stm32f4xx_hal_gpio.o
LOAD ./Drivers/STM32F4xx_HAL_Driver/Src/stm32f4xx_hal_nand.o
LOAD ./Drivers/STM32F4xx_HAL_Driver/Src/stm32f4xx_hal_nor.o
LOAD ./Drivers/STM32F4xx_HAL_Driver/Src/stm32f4xx_hal_pccard.o
LOAD ./Drivers/STM32F4xx_HAL_Driver/Src/stm32f4xx_hal_pcd.o
LOAD ./Drivers/STM32F4xx_HAL_Driver/Src/stm32f4xx_hal_pcd_ex.o
LOAD ./Drivers/STM32F4xx_HAL_Driver/Src/stm32f4xx_hal_pwr.o
LOAD ./Drivers/STM32F4xx_HAL_Driver/Src/stm32f4xx_hal_pwr_ex.o
LOAD ./Drivers/STM32F4xx_HAL_Driver/Src/stm32f4xx_hal_rcc.o
LOAD ./Drivers/STM32F4xx_HAL_Driver/Src/stm32f4xx_hal_rcc_ex.o
LOAD ./Drivers/STM32F4xx_HAL_Driver/Src/stm32f4xx_hal_spi.o
LOAD ./Drivers/STM32F4xx_HAL_Driver/Src/stm32f4xx_hal_sram.o
LOAD ./Drivers/STM32F4xx_HAL_Driver/Src/stm32f4xx_hal_tim.o
LOAD ./Drivers/STM32F4xx_HAL_Driver/Src/stm32f4xx_hal_tim_ex.o
LOAD ./Drivers/STM32F4xx_HAL_Driver/Src/stm32f4xx_hal_uart.o
LOAD ./Drivers/STM32F4xx_HAL_Driver/Src/stm32f4xx_ll_fsmc.o
LOAD ./Drivers/STM32F4xx_HAL_Driver/Src/stm32f4xx_ll_usb.o
LOAD ./Hardware/DISP/disp.o
LOAD ./Hardware/TOUCH/ctiic.o
LOAD ./Hardware/TOUCH/touch.o
LOAD ./Midware/FatFS/diskio.o
LOAD ./Midware/FatFS/ff.o
LOAD ./Midware/FatFS/ffsystem.o
LOAD ./Midware/FatFS/ffunicode.o
LOAD ./Midware/FreeRTOS/event_groups.o
LOAD ./Midware/FreeRTOS/list.o
LOAD ./Midware/FreeRTOS/queue.o
LOAD ./Midware/FreeRTOS/stream_buffer.o
LOAD ./Midware/FreeRTOS/task_creat.o
LOAD ./Midware/FreeRTOS/tasks.o
LOAD ./Midware/FreeRTOS/timers.o
LOAD ./Midware/FreeRTOS/portable/heap_4.o
LOAD ./Midware/FreeRTOS/portable/port.o
LOAD ./Midware/LVGL/custom/custom.o
LOAD ./Midware/LVGL/generated/events_init.o
LOAD ./Midware/LVGL/generated/gui_guider.o
LOAD ./Midware/LVGL/generated/setup_scr_screen.o
LOAD ./Midware/LVGL/generated/setup_scr_screen_1.o
LOAD ./Midware/LVGL/generated/widgets_init.o
LOAD ./Midware/LVGL/generated/guider_fonts/lv_font_montserratMedium_12.o
LOAD ./Midware/LVGL/generated/guider_fonts/lv_font_montserratMedium_16.o
LOAD ./Midware/LVGL/port/lv_port_disp.o
LOAD ./Midware/LVGL/port/lv_port_fs.o
LOAD ./Midware/LVGL/port/lv_port_indev.o
LOAD ./Midware/LVGL/src/core/lv_disp.o
LOAD ./Midware/LVGL/src/core/lv_event.o
LOAD ./Midware/LVGL/src/core/lv_group.o
LOAD ./Midware/LVGL/src/core/lv_indev.o
LOAD ./Midware/LVGL/src/core/lv_indev_scroll.o
LOAD ./Midware/LVGL/src/core/lv_obj.o
LOAD ./Midware/LVGL/src/core/lv_obj_class.o
LOAD ./Midware/LVGL/src/core/lv_obj_draw.o
LOAD ./Midware/LVGL/src/core/lv_obj_pos.o
LOAD ./Midware/LVGL/src/core/lv_obj_scroll.o
LOAD ./Midware/LVGL/src/core/lv_obj_style.o
LOAD ./Midware/LVGL/src/core/lv_obj_style_gen.o
LOAD ./Midware/LVGL/src/core/lv_obj_tree.o
LOAD ./Midware/LVGL/src/core/lv_refr.o
LOAD ./Midware/LVGL/src/core/lv_theme.o
LOAD ./Midware/LVGL/src/draw/arm2d/lv_gpu_arm2d.o
LOAD ./Midware/LVGL/src/draw/lv_draw.o
LOAD ./Midware/LVGL/src/draw/lv_draw_arc.o
LOAD ./Midware/LVGL/src/draw/lv_draw_img.o
LOAD ./Midware/LVGL/src/draw/lv_draw_label.o
LOAD ./Midware/LVGL/src/draw/lv_draw_layer.o
LOAD ./Midware/LVGL/src/draw/lv_draw_line.o
LOAD ./Midware/LVGL/src/draw/lv_draw_mask.o
LOAD ./Midware/LVGL/src/draw/lv_draw_rect.o
LOAD ./Midware/LVGL/src/draw/lv_draw_transform.o
LOAD ./Midware/LVGL/src/draw/lv_draw_triangle.o
LOAD ./Midware/LVGL/src/draw/lv_img_buf.o
LOAD ./Midware/LVGL/src/draw/lv_img_cache.o
LOAD ./Midware/LVGL/src/draw/lv_img_decoder.o
LOAD ./Midware/LVGL/src/draw/nxp/pxp/lv_draw_pxp.o
LOAD ./Midware/LVGL/src/draw/nxp/pxp/lv_draw_pxp_blend.o
LOAD ./Midware/LVGL/src/draw/nxp/pxp/lv_gpu_nxp_pxp.o
LOAD ./Midware/LVGL/src/draw/nxp/pxp/lv_gpu_nxp_pxp_osa.o
LOAD ./Midware/LVGL/src/draw/nxp/vglite/lv_draw_vglite.o
LOAD ./Midware/LVGL/src/draw/nxp/vglite/lv_draw_vglite_arc.o
LOAD ./Midware/LVGL/src/draw/nxp/vglite/lv_draw_vglite_blend.o
LOAD ./Midware/LVGL/src/draw/nxp/vglite/lv_draw_vglite_line.o
LOAD ./Midware/LVGL/src/draw/nxp/vglite/lv_draw_vglite_rect.o
LOAD ./Midware/LVGL/src/draw/nxp/vglite/lv_vglite_buf.o
LOAD ./Midware/LVGL/src/draw/nxp/vglite/lv_vglite_utils.o
LOAD ./Midware/LVGL/src/draw/renesas/lv_gpu_d2_draw_label.o
LOAD ./Midware/LVGL/src/draw/renesas/lv_gpu_d2_ra6m3.o
LOAD ./Midware/LVGL/src/draw/sdl/lv_draw_sdl.o
LOAD ./Midware/LVGL/src/draw/sdl/lv_draw_sdl_arc.o
LOAD ./Midware/LVGL/src/draw/sdl/lv_draw_sdl_bg.o
LOAD ./Midware/LVGL/src/draw/sdl/lv_draw_sdl_composite.o
LOAD ./Midware/LVGL/src/draw/sdl/lv_draw_sdl_img.o
LOAD ./Midware/LVGL/src/draw/sdl/lv_draw_sdl_label.o
LOAD ./Midware/LVGL/src/draw/sdl/lv_draw_sdl_layer.o
LOAD ./Midware/LVGL/src/draw/sdl/lv_draw_sdl_line.o
LOAD ./Midware/LVGL/src/draw/sdl/lv_draw_sdl_mask.o
LOAD ./Midware/LVGL/src/draw/sdl/lv_draw_sdl_polygon.o
LOAD ./Midware/LVGL/src/draw/sdl/lv_draw_sdl_rect.o
LOAD ./Midware/LVGL/src/draw/sdl/lv_draw_sdl_stack_blur.o
LOAD ./Midware/LVGL/src/draw/sdl/lv_draw_sdl_texture_cache.o
LOAD ./Midware/LVGL/src/draw/sdl/lv_draw_sdl_utils.o
LOAD ./Midware/LVGL/src/draw/stm32_dma2d/lv_gpu_stm32_dma2d.o
LOAD ./Midware/LVGL/src/draw/sw/lv_draw_sw.o
LOAD ./Midware/LVGL/src/draw/sw/lv_draw_sw_arc.o
LOAD ./Midware/LVGL/src/draw/sw/lv_draw_sw_blend.o
LOAD ./Midware/LVGL/src/draw/sw/lv_draw_sw_dither.o
LOAD ./Midware/LVGL/src/draw/sw/lv_draw_sw_gradient.o
LOAD ./Midware/LVGL/src/draw/sw/lv_draw_sw_img.o
LOAD ./Midware/LVGL/src/draw/sw/lv_draw_sw_layer.o
LOAD ./Midware/LVGL/src/draw/sw/lv_draw_sw_letter.o
LOAD ./Midware/LVGL/src/draw/sw/lv_draw_sw_line.o
LOAD ./Midware/LVGL/src/draw/sw/lv_draw_sw_polygon.o
LOAD ./Midware/LVGL/src/draw/sw/lv_draw_sw_rect.o
LOAD ./Midware/LVGL/src/draw/sw/lv_draw_sw_transform.o
LOAD ./Midware/LVGL/src/draw/swm341_dma2d/lv_gpu_swm341_dma2d.o
LOAD ./Midware/LVGL/src/extra/layouts/flex/lv_flex.o
LOAD ./Midware/LVGL/src/extra/layouts/grid/lv_grid.o
LOAD ./Midware/LVGL/src/extra/libs/barcode/code128.o
LOAD ./Midware/LVGL/src/extra/libs/barcode/lv_barcode.o
LOAD ./Midware/LVGL/src/extra/libs/bmp/lv_bmp.o
LOAD ./Midware/LVGL/src/extra/libs/ffmpeg/lv_ffmpeg.o
LOAD ./Midware/LVGL/src/extra/libs/freetype/lv_freetype.o
LOAD ./Midware/LVGL/src/extra/libs/fsdrv/lv_fs_fatfs.o
LOAD ./Midware/LVGL/src/extra/libs/fsdrv/lv_fs_posix.o
LOAD ./Midware/LVGL/src/extra/libs/fsdrv/lv_fs_rawfs.o
LOAD ./Midware/LVGL/src/extra/libs/fsdrv/lv_fs_stdio.o
LOAD ./Midware/LVGL/src/extra/libs/fsdrv/lv_fs_win32.o
LOAD ./Midware/LVGL/src/extra/libs/gif/gifdec.o
LOAD ./Midware/LVGL/src/extra/libs/gif/lv_gif.o
LOAD ./Midware/LVGL/src/extra/libs/png/lodepng.o
LOAD ./Midware/LVGL/src/extra/libs/png/lv_png.o
LOAD ./Midware/LVGL/src/extra/libs/qrcode/lv_qrcode.o
LOAD ./Midware/LVGL/src/extra/libs/qrcode/qrcodegen.o
LOAD ./Midware/LVGL/src/extra/libs/rlottie/lv_rlottie.o
LOAD ./Midware/LVGL/src/extra/libs/sjpg/lv_sjpg.o
LOAD ./Midware/LVGL/src/extra/libs/sjpg/tjpgd.o
LOAD ./Midware/LVGL/src/extra/lv_extra.o
LOAD ./Midware/LVGL/src/extra/others/fragment/lv_fragment.o
LOAD ./Midware/LVGL/src/extra/others/fragment/lv_fragment_manager.o
LOAD ./Midware/LVGL/src/extra/others/gridnav/lv_gridnav.o
LOAD ./Midware/LVGL/src/extra/others/ime/lv_ime_pinyin.o
LOAD ./Midware/LVGL/src/extra/others/imgfont/lv_imgfont.o
LOAD ./Midware/LVGL/src/extra/others/monkey/lv_monkey.o
LOAD ./Midware/LVGL/src/extra/others/msg/lv_msg.o
LOAD ./Midware/LVGL/src/extra/others/snapshot/lv_snapshot.o
LOAD ./Midware/LVGL/src/extra/themes/basic/lv_theme_basic.o
LOAD ./Midware/LVGL/src/extra/themes/default/lv_theme_default.o
LOAD ./Midware/LVGL/src/extra/themes/mono/lv_theme_mono.o
LOAD ./Midware/LVGL/src/extra/widgets/analogclock/lv_analogclock.o
LOAD ./Midware/LVGL/src/extra/widgets/animimg/lv_animimg.o
LOAD ./Midware/LVGL/src/extra/widgets/calendar/lv_calendar.o
LOAD ./Midware/LVGL/src/extra/widgets/calendar/lv_calendar_header_arrow.o
LOAD ./Midware/LVGL/src/extra/widgets/calendar/lv_calendar_header_dropdown.o
LOAD ./Midware/LVGL/src/extra/widgets/carousel/lv_carousel.o
LOAD ./Midware/LVGL/src/extra/widgets/chart/lv_chart.o
LOAD ./Midware/LVGL/src/extra/widgets/colorwheel/lv_colorwheel.o
LOAD ./Midware/LVGL/src/extra/widgets/dclock/lv_dclock.o
LOAD ./Midware/LVGL/src/extra/widgets/imgbtn/lv_imgbtn.o
LOAD ./Midware/LVGL/src/extra/widgets/keyboard/lv_keyboard.o
LOAD ./Midware/LVGL/src/extra/widgets/led/lv_led.o
LOAD ./Midware/LVGL/src/extra/widgets/list/lv_list.o
LOAD ./Midware/LVGL/src/extra/widgets/menu/lv_menu.o
LOAD ./Midware/LVGL/src/extra/widgets/meter/lv_meter.o
LOAD ./Midware/LVGL/src/extra/widgets/msgbox/lv_msgbox.o
LOAD ./Midware/LVGL/src/extra/widgets/radiobtn/lv_radiobtn.o
LOAD ./Midware/LVGL/src/extra/widgets/span/lv_span.o
LOAD ./Midware/LVGL/src/extra/widgets/spinbox/lv_spinbox.o
LOAD ./Midware/LVGL/src/extra/widgets/spinner/lv_spinner.o
LOAD ./Midware/LVGL/src/extra/widgets/tabview/lv_tabview.o
LOAD ./Midware/LVGL/src/extra/widgets/textprogress/lv_textprogress.o
LOAD ./Midware/LVGL/src/extra/widgets/tileview/lv_tileview.o
LOAD ./Midware/LVGL/src/extra/widgets/win/lv_win.o
LOAD ./Midware/LVGL/src/font/lv_font.o
LOAD ./Midware/LVGL/src/font/lv_font_dejavu_16_persian_hebrew.o
LOAD ./Midware/LVGL/src/font/lv_font_fmt_txt.o
LOAD ./Midware/LVGL/src/font/lv_font_loader.o
LOAD ./Midware/LVGL/src/font/lv_font_montserrat_10.o
LOAD ./Midware/LVGL/src/font/lv_font_montserrat_12.o
LOAD ./Midware/LVGL/src/font/lv_font_montserrat_12_subpx.o
LOAD ./Midware/LVGL/src/font/lv_font_montserrat_14.o
LOAD ./Midware/LVGL/src/font/lv_font_montserrat_16.o
LOAD ./Midware/LVGL/src/font/lv_font_montserrat_18.o
LOAD ./Midware/LVGL/src/font/lv_font_montserrat_20.o
LOAD ./Midware/LVGL/src/font/lv_font_montserrat_22.o
LOAD ./Midware/LVGL/src/font/lv_font_montserrat_24.o
LOAD ./Midware/LVGL/src/font/lv_font_montserrat_26.o
LOAD ./Midware/LVGL/src/font/lv_font_montserrat_28.o
LOAD ./Midware/LVGL/src/font/lv_font_montserrat_28_compressed.o
LOAD ./Midware/LVGL/src/font/lv_font_montserrat_30.o
LOAD ./Midware/LVGL/src/font/lv_font_montserrat_32.o
LOAD ./Midware/LVGL/src/font/lv_font_montserrat_34.o
LOAD ./Midware/LVGL/src/font/lv_font_montserrat_36.o
LOAD ./Midware/LVGL/src/font/lv_font_montserrat_38.o
LOAD ./Midware/LVGL/src/font/lv_font_montserrat_40.o
LOAD ./Midware/LVGL/src/font/lv_font_montserrat_42.o
LOAD ./Midware/LVGL/src/font/lv_font_montserrat_44.o
LOAD ./Midware/LVGL/src/font/lv_font_montserrat_46.o
LOAD ./Midware/LVGL/src/font/lv_font_montserrat_48.o
LOAD ./Midware/LVGL/src/font/lv_font_montserrat_8.o
LOAD ./Midware/LVGL/src/font/lv_font_simsun_16_cjk.o
LOAD ./Midware/LVGL/src/font/lv_font_unscii_16.o
LOAD ./Midware/LVGL/src/font/lv_font_unscii_8.o
LOAD ./Midware/LVGL/src/hal/lv_hal_disp.o
LOAD ./Midware/LVGL/src/hal/lv_hal_indev.o
LOAD ./Midware/LVGL/src/hal/lv_hal_tick.o
LOAD ./Midware/LVGL/src/misc/lv_anim.o
LOAD ./Midware/LVGL/src/misc/lv_anim_timeline.o
LOAD ./Midware/LVGL/src/misc/lv_area.o
LOAD ./Midware/LVGL/src/misc/lv_async.o
LOAD ./Midware/LVGL/src/misc/lv_bidi.o
LOAD ./Midware/LVGL/src/misc/lv_color.o
LOAD ./Midware/LVGL/src/misc/lv_fs.o
LOAD ./Midware/LVGL/src/misc/lv_gc.o
LOAD ./Midware/LVGL/src/misc/lv_ll.o
LOAD ./Midware/LVGL/src/misc/lv_log.o
LOAD ./Midware/LVGL/src/misc/lv_lru.o
LOAD ./Midware/LVGL/src/misc/lv_math.o
LOAD ./Midware/LVGL/src/misc/lv_mem.o
LOAD ./Midware/LVGL/src/misc/lv_printf.o
LOAD ./Midware/LVGL/src/misc/lv_style.o
LOAD ./Midware/LVGL/src/misc/lv_style_gen.o
LOAD ./Midware/LVGL/src/misc/lv_templ.o
LOAD ./Midware/LVGL/src/misc/lv_timer.o
LOAD ./Midware/LVGL/src/misc/lv_tlsf.o
LOAD ./Midware/LVGL/src/misc/lv_txt.o
LOAD ./Midware/LVGL/src/misc/lv_txt_ap.o
LOAD ./Midware/LVGL/src/misc/lv_utils.o
LOAD ./Midware/LVGL/src/widgets/lv_arc.o
LOAD ./Midware/LVGL/src/widgets/lv_bar.o
LOAD ./Midware/LVGL/src/widgets/lv_btn.o
LOAD ./Midware/LVGL/src/widgets/lv_btnmatrix.o
LOAD ./Midware/LVGL/src/widgets/lv_canvas.o
LOAD ./Midware/LVGL/src/widgets/lv_checkbox.o
LOAD ./Midware/LVGL/src/widgets/lv_dropdown.o
LOAD ./Midware/LVGL/src/widgets/lv_img.o
LOAD ./Midware/LVGL/src/widgets/lv_label.o
LOAD ./Midware/LVGL/src/widgets/lv_line.o
LOAD ./Midware/LVGL/src/widgets/lv_objx_templ.o
LOAD ./Midware/LVGL/src/widgets/lv_roller.o
LOAD ./Midware/LVGL/src/widgets/lv_slider.o
LOAD ./Midware/LVGL/src/widgets/lv_switch.o
LOAD ./Midware/LVGL/src/widgets/lv_table.o
LOAD ./Midware/LVGL/src/widgets/lv_textarea.o
LOAD ./Midware/TinyUSB/hw/bsp/board.o
LOAD ./Midware/TinyUSB/hw/bsp/stm32f4/family.o
LOAD ./Midware/TinyUSB/src/class/audio/audio_device.o
LOAD ./Midware/TinyUSB/src/class/bth/bth_device.o
LOAD ./Midware/TinyUSB/src/class/cdc/cdc_device.o
LOAD ./Midware/TinyUSB/src/class/cdc/cdc_host.o
LOAD ./Midware/TinyUSB/src/class/cdc/cdc_rndis_host.o
LOAD ./Midware/TinyUSB/src/class/dfu/dfu_device.o
LOAD ./Midware/TinyUSB/src/class/dfu/dfu_rt_device.o
LOAD ./Midware/TinyUSB/src/class/hid/hid_device.o
LOAD ./Midware/TinyUSB/src/class/hid/hid_host.o
LOAD ./Midware/TinyUSB/src/class/midi/midi_device.o
LOAD ./Midware/TinyUSB/src/class/midi/midi_host.o
LOAD ./Midware/TinyUSB/src/class/msc/msc_device.o
LOAD ./Midware/TinyUSB/src/class/msc/msc_host.o
LOAD ./Midware/TinyUSB/src/class/net/ecm_rndis_device.o
LOAD ./Midware/TinyUSB/src/class/net/ncm_device.o
LOAD ./Midware/TinyUSB/src/class/usbtmc/usbtmc_device.o
LOAD ./Midware/TinyUSB/src/class/vendor/vendor_device.o
LOAD ./Midware/TinyUSB/src/class/vendor/vendor_host.o
LOAD ./Midware/TinyUSB/src/class/video/video_device.o
LOAD ./Midware/TinyUSB/src/common/tusb_fifo.o
LOAD ./Midware/TinyUSB/src/device/usbd.o
LOAD ./Midware/TinyUSB/src/device/usbd_control.o
LOAD ./Midware/TinyUSB/src/host/hub.o
LOAD ./Midware/TinyUSB/src/host/usbh.o
LOAD ./Midware/TinyUSB/src/portable/synopsys/dwc2/dcd_dwc2.o
LOAD ./Midware/TinyUSB/src/portable/synopsys/dwc2/dwc2_common.o
LOAD ./Midware/TinyUSB/src/portable/synopsys/dwc2/hcd_dwc2.o
LOAD ./Midware/TinyUSB/src/tusb.o
LOAD ./Midware/TinyUSB/src/typec/usbc.o
LOAD ./Midware/TinyUSB/usb_descriptors.o
START GROUP
LOAD D:/STM32CubeIDE/STM32CubeIDE_1.17.0/STM32CubeIDE/plugins/com.st.stm32cube.ide.mcu.externaltools.gnu-tools-for-stm32.12.3.rel1.win32_1.1.0.202410251130/tools/bin/../lib/gcc/arm-none-eabi/12.3.1/../../../../arm-none-eabi/lib/thumb/v7e-m+fp/hard\libc_nano.a
LOAD D:/STM32CubeIDE/STM32CubeIDE_1.17.0/STM32CubeIDE/plugins/com.st.stm32cube.ide.mcu.externaltools.gnu-tools-for-stm32.12.3.rel1.win32_1.1.0.202410251130/tools/bin/../lib/gcc/arm-none-eabi/12.3.1/../../../../arm-none-eabi/lib/thumb/v7e-m+fp/hard\libm.a
END GROUP
START GROUP
LOAD D:/STM32CubeIDE/STM32CubeIDE_1.17.0/STM32CubeIDE/plugins/com.st.stm32cube.ide.mcu.externaltools.gnu-tools-for-stm32.12.3.rel1.win32_1.1.0.202410251130/tools/bin/../lib/gcc/arm-none-eabi/12.3.1/thumb/v7e-m+fp/hard\libgcc.a
LOAD D:/STM32CubeIDE/STM32CubeIDE_1.17.0/STM32CubeIDE/plugins/com.st.stm32cube.ide.mcu.externaltools.gnu-tools-for-stm32.12.3.rel1.win32_1.1.0.202410251130/tools/bin/../lib/gcc/arm-none-eabi/12.3.1/../../../../arm-none-eabi/lib/thumb/v7e-m+fp/hard\libc_nano.a
END GROUP
START GROUP
LOAD D:/STM32CubeIDE/STM32CubeIDE_1.17.0/STM32CubeIDE/plugins/com.st.stm32cube.ide.mcu.externaltools.gnu-tools-for-stm32.12.3.rel1.win32_1.1.0.202410251130/tools/bin/../lib/gcc/arm-none-eabi/12.3.1/thumb/v7e-m+fp/hard\libgcc.a
LOAD D:/STM32CubeIDE/STM32CubeIDE_1.17.0/STM32CubeIDE/plugins/com.st.stm32cube.ide.mcu.externaltools.gnu-tools-for-stm32.12.3.rel1.win32_1.1.0.202410251130/tools/bin/../lib/gcc/arm-none-eabi/12.3.1/../../../../arm-none-eabi/lib/thumb/v7e-m+fp/hard\libc_nano.a
LOAD D:/STM32CubeIDE/STM32CubeIDE_1.17.0/STM32CubeIDE/plugins/com.st.stm32cube.ide.mcu.externaltools.gnu-tools-for-stm32.12.3.rel1.win32_1.1.0.202410251130/tools/bin/../lib/gcc/arm-none-eabi/12.3.1/../../../../arm-none-eabi/lib/thumb/v7e-m+fp/hard\libnosys.a
END GROUP
START GROUP
LOAD D:/STM32CubeIDE/STM32CubeIDE_1.17.0/STM32CubeIDE/plugins/com.st.stm32cube.ide.mcu.externaltools.gnu-tools-for-stm32.12.3.rel1.win32_1.1.0.202410251130/tools/bin/../lib/gcc/arm-none-eabi/12.3.1/thumb/v7e-m+fp/hard\libgcc.a
LOAD D:/STM32CubeIDE/STM32CubeIDE_1.17.0/STM32CubeIDE/plugins/com.st.stm32cube.ide.mcu.externaltools.gnu-tools-for-stm32.12.3.rel1.win32_1.1.0.202410251130/tools/bin/../lib/gcc/arm-none-eabi/12.3.1/../../../../arm-none-eabi/lib/thumb/v7e-m+fp/hard\libc_nano.a
LOAD D:/STM32CubeIDE/STM32CubeIDE_1.17.0/STM32CubeIDE/plugins/com.st.stm32cube.ide.mcu.externaltools.gnu-tools-for-stm32.12.3.rel1.win32_1.1.0.202410251130/tools/bin/../lib/gcc/arm-none-eabi/12.3.1/../../../../arm-none-eabi/lib/thumb/v7e-m+fp/hard\libnosys.a
END GROUP
LOAD D:/STM32CubeIDE/STM32CubeIDE_1.17.0/STM32CubeIDE/plugins/com.st.stm32cube.ide.mcu.externaltools.gnu-tools-for-stm32.12.3.rel1.win32_1.1.0.202410251130/tools/bin/../lib/gcc/arm-none-eabi/12.3.1/thumb/v7e-m+fp/hard/crtend.o
LOAD D:/STM32CubeIDE/STM32CubeIDE_1.17.0/STM32CubeIDE/plugins/com.st.stm32cube.ide.mcu.externaltools.gnu-tools-for-stm32.12.3.rel1.win32_1.1.0.202410251130/tools/bin/../lib/gcc/arm-none-eabi/12.3.1/thumb/v7e-m+fp/hard/crtn.o
                0x20020000                        _estack = (ORIGIN (RAM) + LENGTH (RAM))
                0x00000800                        _Min_Heap_Size = 0x800
                0x00000800                        _Min_Stack_Size = 0x800

.isr_vector     0x08000000      0x188
                0x08000000                        . = ALIGN (0x4)
 *(.isr_vector)
 .isr_vector    0x08000000      0x188 ./Core/Startup/startup_stm32f407vetx.o
                0x08000000                g_pfnVectors
                0x08000188                        . = ALIGN (0x4)

.text           0x08000190    0x2dd54
                0x08000190                        . = ALIGN (0x4)
 *(.text)
 .text          0x08000190       0x40 D:/STM32CubeIDE/STM32CubeIDE_1.17.0/STM32CubeIDE/plugins/com.st.stm32cube.ide.mcu.externaltools.gnu-tools-for-stm32.12.3.rel1.win32_1.1.0.202410251130/tools/bin/../lib/gcc/arm-none-eabi/12.3.1/thumb/v7e-m+fp/hard/crtbegin.o
 .text          0x080001d0       0x14 D:/STM32CubeIDE/STM32CubeIDE_1.17.0/STM32CubeIDE/plugins/com.st.stm32cube.ide.mcu.externaltools.gnu-tools-for-stm32.12.3.rel1.win32_1.1.0.202410251130/tools/bin/../lib/gcc/arm-none-eabi/12.3.1/../../../../arm-none-eabi/lib/thumb/v7e-m+fp/hard\libc_nano.a(libc_a-strcmp.o)
                0x080001d0                strcmp
 .text          0x080001e4       0x10 D:/STM32CubeIDE/STM32CubeIDE_1.17.0/STM32CubeIDE/plugins/com.st.stm32cube.ide.mcu.externaltools.gnu-tools-for-stm32.12.3.rel1.win32_1.1.0.202410251130/tools/bin/../lib/gcc/arm-none-eabi/12.3.1/../../../../arm-none-eabi/lib/thumb/v7e-m+fp/hard\libc_nano.a(libc_a-strlen.o)
                0x080001e4                strlen
 *fill*         0x080001f4        0xc 
 .text          0x08000200       0xa0 D:/STM32CubeIDE/STM32CubeIDE_1.17.0/STM32CubeIDE/plugins/com.st.stm32cube.ide.mcu.externaltools.gnu-tools-for-stm32.12.3.rel1.win32_1.1.0.202410251130/tools/bin/../lib/gcc/arm-none-eabi/12.3.1/../../../../arm-none-eabi/lib/thumb/v7e-m+fp/hard\libc_nano.a(libc_a-memchr.o)
                0x08000200                memchr
 .text          0x080002a0       0x30 D:/STM32CubeIDE/STM32CubeIDE_1.17.0/STM32CubeIDE/plugins/com.st.stm32cube.ide.mcu.externaltools.gnu-tools-for-stm32.12.3.rel1.win32_1.1.0.202410251130/tools/bin/../lib/gcc/arm-none-eabi/12.3.1/thumb/v7e-m+fp/hard\libgcc.a(_aeabi_uldivmod.o)
                0x080002a0                __aeabi_uldivmod
 .text          0x080002d0      0x2bc D:/STM32CubeIDE/STM32CubeIDE_1.17.0/STM32CubeIDE/plugins/com.st.stm32cube.ide.mcu.externaltools.gnu-tools-for-stm32.12.3.rel1.win32_1.1.0.202410251130/tools/bin/../lib/gcc/arm-none-eabi/12.3.1/thumb/v7e-m+fp/hard\libgcc.a(_udivmoddi4.o)
                0x080002d0                __udivmoddi4
 .text          0x0800058c        0x4 D:/STM32CubeIDE/STM32CubeIDE_1.17.0/STM32CubeIDE/plugins/com.st.stm32cube.ide.mcu.externaltools.gnu-tools-for-stm32.12.3.rel1.win32_1.1.0.202410251130/tools/bin/../lib/gcc/arm-none-eabi/12.3.1/thumb/v7e-m+fp/hard\libgcc.a(_dvmd_tls.o)
                0x0800058c                __aeabi_idiv0
                0x0800058c                __aeabi_ldiv0
 *(.text*)
 .text.MX_DMA_Init
                0x08000590       0x34 ./Core/Src/dma.o
                0x08000590                MX_DMA_Init
 .text.MX_GPIO_Init
                0x080005c4       0xe8 ./Core/Src/gpio.o
                0x080005c4                MX_GPIO_Init
 .text.SystemClock_Config
                0x080006ac       0xa4 ./Core/Src/main.o
                0x080006ac                SystemClock_Config
 .text.startup.main
                0x08000750       0x2c ./Core/Src/main.o
                0x08000750                main
 .text.echo_serial_port
                0x0800077c       0x50 ./Core/Src/main.o
                0x0800077c                echo_serial_port
 .text.cdc_task
                0x080007cc       0x3a ./Core/Src/main.o
                0x080007cc                cdc_task
 *fill*         0x08000806        0x2 
 .text.HAL_GPIO_EXTI_Callback
                0x08000808       0x28 ./Core/Src/main.o
                0x08000808                HAL_GPIO_EXTI_Callback
 .text.HAL_TIM_PeriodElapsedCallback
                0x08000830       0x24 ./Core/Src/main.o
                0x08000830                HAL_TIM_PeriodElapsedCallback
 .text.vApplicationGetIdleTaskMemory
                0x08000854       0x18 ./Core/Src/main.o
                0x08000854                vApplicationGetIdleTaskMemory
 .text.vApplicationGetTimerTaskMemory
                0x0800086c       0x18 ./Core/Src/main.o
                0x0800086c                vApplicationGetTimerTaskMemory
 .text.Error_Handler
                0x08000884        0x4 ./Core/Src/main.o
                0x08000884                Error_Handler
 .text.MX_SPI2_Init
                0x08000888       0x44 ./Core/Src/spi.o
                0x08000888                MX_SPI2_Init
 .text.HAL_SPI_MspInit
                0x080008cc       0x6c ./Core/Src/spi.o
                0x080008cc                HAL_SPI_MspInit
 .text.HAL_MspInit
                0x08000938       0x38 ./Core/Src/stm32f4xx_hal_msp.o
                0x08000938                HAL_MspInit
 .text.NMI_Handler
                0x08000970        0x2 ./Core/Src/stm32f4xx_it.o
                0x08000970                NMI_Handler
 .text.HardFault_Handler
                0x08000972        0x2 ./Core/Src/stm32f4xx_it.o
                0x08000972                HardFault_Handler
 .text.MemManage_Handler
                0x08000974        0x2 ./Core/Src/stm32f4xx_it.o
                0x08000974                MemManage_Handler
 .text.BusFault_Handler
                0x08000976        0x2 ./Core/Src/stm32f4xx_it.o
                0x08000976                BusFault_Handler
 .text.UsageFault_Handler
                0x08000978        0x2 ./Core/Src/stm32f4xx_it.o
                0x08000978                UsageFault_Handler
 .text.DebugMon_Handler
                0x0800097a        0x2 ./Core/Src/stm32f4xx_it.o
                0x0800097a                DebugMon_Handler
 .text.EXTI0_IRQHandler
                0x0800097c        0x6 ./Core/Src/stm32f4xx_it.o
                0x0800097c                EXTI0_IRQHandler
 *fill*         0x08000982        0x2 
 .text.TIM2_IRQHandler
                0x08000984        0xc ./Core/Src/stm32f4xx_it.o
                0x08000984                TIM2_IRQHandler
 .text.USART1_IRQHandler
                0x08000990        0xc ./Core/Src/stm32f4xx_it.o
                0x08000990                USART1_IRQHandler
 .text.DMA2_Stream5_IRQHandler
                0x0800099c        0xc ./Core/Src/stm32f4xx_it.o
                0x0800099c                DMA2_Stream5_IRQHandler
 .text._close   0x080009a8        0x6 ./Core/Src/syscalls.o
                0x080009a8                _close
 .text._fstat   0x080009ae        0xa ./Core/Src/syscalls.o
                0x080009ae                _fstat
 .text._isatty  0x080009b8        0x4 ./Core/Src/syscalls.o
                0x080009b8                _isatty
 .text._lseek   0x080009bc        0x4 ./Core/Src/syscalls.o
                0x080009bc                _lseek
 .text._sbrk    0x080009c0       0x40 ./Core/Src/sysmem.o
                0x080009c0                _sbrk
 .text.SystemInit
                0x08000a00       0x14 ./Core/Src/system_stm32f4xx.o
                0x08000a00                SystemInit
 .text.MX_TIM2_Init
                0x08000a14       0x70 ./Core/Src/tim.o
                0x08000a14                MX_TIM2_Init
 .text.HAL_TIM_Base_MspInit
                0x08000a84       0x3e ./Core/Src/tim.o
                0x08000a84                HAL_TIM_Base_MspInit
 *fill*         0x08000ac2        0x2 
 .text.MX_USART1_UART_Init
                0x08000ac4       0x38 ./Core/Src/usart.o
                0x08000ac4                MX_USART1_UART_Init
 .text.MX_USART6_UART_Init
                0x08000afc       0x38 ./Core/Src/usart.o
                0x08000afc                MX_USART6_UART_Init
 .text.HAL_UART_MspInit
                0x08000b34      0x148 ./Core/Src/usart.o
                0x08000b34                HAL_UART_MspInit
 .text.MX_USB_OTG_FS_PCD_Init
                0x08000c7c       0x34 ./Core/Src/usb_otg.o
                0x08000c7c                MX_USB_OTG_FS_PCD_Init
 .text.HAL_PCD_MspInit
                0x08000cb0       0x74 ./Core/Src/usb_otg.o
                0x08000cb0                HAL_PCD_MspInit
 .text.Reset_Handler
                0x08000d24       0x50 ./Core/Startup/startup_stm32f407vetx.o
                0x08000d24                Reset_Handler
 .text.Default_Handler
                0x08000d74        0x2 ./Core/Startup/startup_stm32f407vetx.o
                0x08000d74                RTC_Alarm_IRQHandler
                0x08000d74                HASH_RNG_IRQHandler
                0x08000d74                EXTI2_IRQHandler
                0x08000d74                TIM8_CC_IRQHandler
                0x08000d74                TIM1_CC_IRQHandler
                0x08000d74                DMA1_Stream5_IRQHandler
                0x08000d74                PVD_IRQHandler
                0x08000d74                SDIO_IRQHandler
                0x08000d74                TAMP_STAMP_IRQHandler
                0x08000d74                CAN2_RX1_IRQHandler
                0x08000d74                EXTI3_IRQHandler
                0x08000d74                TIM8_TRG_COM_TIM14_IRQHandler
                0x08000d74                TIM1_UP_TIM10_IRQHandler
                0x08000d74                TIM8_UP_TIM13_IRQHandler
                0x08000d74                I2C3_ER_IRQHandler
                0x08000d74                I2C2_EV_IRQHandler
                0x08000d74                DMA1_Stream2_IRQHandler
                0x08000d74                CAN1_RX0_IRQHandler
                0x08000d74                FPU_IRQHandler
                0x08000d74                OTG_HS_WKUP_IRQHandler
                0x08000d74                CAN2_SCE_IRQHandler
                0x08000d74                DMA2_Stream2_IRQHandler
                0x08000d74                SPI1_IRQHandler
                0x08000d74                TIM6_DAC_IRQHandler
                0x08000d74                TIM1_BRK_TIM9_IRQHandler
                0x08000d74                DCMI_IRQHandler
                0x08000d74                CAN2_RX0_IRQHandler
                0x08000d74                DMA2_Stream3_IRQHandler
                0x08000d74                USART6_IRQHandler
                0x08000d74                USART3_IRQHandler
                0x08000d74                CAN1_RX1_IRQHandler
                0x08000d74                UART5_IRQHandler
                0x08000d74                DMA2_Stream0_IRQHandler
                0x08000d74                TIM4_IRQHandler
                0x08000d74                I2C1_EV_IRQHandler
                0x08000d74                DMA1_Stream6_IRQHandler
                0x08000d74                DMA1_Stream1_IRQHandler
                0x08000d74                UART4_IRQHandler
                0x08000d74                TIM3_IRQHandler
                0x08000d74                RCC_IRQHandler
                0x08000d74                TIM8_BRK_TIM12_IRQHandler
                0x08000d74                Default_Handler
                0x08000d74                EXTI15_10_IRQHandler
                0x08000d74                ADC_IRQHandler
                0x08000d74                DMA1_Stream7_IRQHandler
                0x08000d74                TIM7_IRQHandler
                0x08000d74                CAN2_TX_IRQHandler
                0x08000d74                TIM5_IRQHandler
                0x08000d74                DMA2_Stream7_IRQHandler
                0x08000d74                I2C3_EV_IRQHandler
                0x08000d74                EXTI9_5_IRQHandler
                0x08000d74                RTC_WKUP_IRQHandler
                0x08000d74                ETH_WKUP_IRQHandler
                0x08000d74                SPI2_IRQHandler
                0x08000d74                OTG_HS_EP1_IN_IRQHandler
                0x08000d74                DMA1_Stream0_IRQHandler
                0x08000d74                CAN1_TX_IRQHandler
                0x08000d74                EXTI4_IRQHandler
                0x08000d74                FSMC_IRQHandler
                0x08000d74                ETH_IRQHandler
                0x08000d74                OTG_HS_EP1_OUT_IRQHandler
                0x08000d74                WWDG_IRQHandler
                0x08000d74                OTG_FS_WKUP_IRQHandler
                0x08000d74                TIM1_TRG_COM_TIM11_IRQHandler
                0x08000d74                EXTI1_IRQHandler
                0x08000d74                USART2_IRQHandler
                0x08000d74                I2C2_ER_IRQHandler
                0x08000d74                DMA2_Stream1_IRQHandler
                0x08000d74                CAN1_SCE_IRQHandler
                0x08000d74                FLASH_IRQHandler
                0x08000d74                DMA2_Stream4_IRQHandler
                0x08000d74                SPI3_IRQHandler
                0x08000d74                DMA1_Stream4_IRQHandler
                0x08000d74                I2C1_ER_IRQHandler
                0x08000d74                DMA2_Stream6_IRQHandler
                0x08000d74                DMA1_Stream3_IRQHandler
 *fill*         0x08000d76        0x2 
 .text.HAL_InitTick
                0x08000d78       0x54 ./Drivers/STM32F4xx_HAL_Driver/Src/stm32f4xx_hal.o
                0x08000d78                HAL_InitTick
 .text.HAL_Init
                0x08000dcc       0x34 ./Drivers/STM32F4xx_HAL_Driver/Src/stm32f4xx_hal.o
                0x08000dcc                HAL_Init
 .text.HAL_IncTick
                0x08000e00       0x18 ./Drivers/STM32F4xx_HAL_Driver/Src/stm32f4xx_hal.o
                0x08000e00                HAL_IncTick
 .text.HAL_GetTick
                0x08000e18        0xc ./Drivers/STM32F4xx_HAL_Driver/Src/stm32f4xx_hal.o
                0x08000e18                HAL_GetTick
 .text.HAL_Delay
                0x08000e24       0x28 ./Drivers/STM32F4xx_HAL_Driver/Src/stm32f4xx_hal.o
                0x08000e24                HAL_Delay
 .text.HAL_NVIC_SetPriorityGrouping
                0x08000e4c       0x24 ./Drivers/STM32F4xx_HAL_Driver/Src/stm32f4xx_hal_cortex.o
                0x08000e4c                HAL_NVIC_SetPriorityGrouping
 .text.HAL_NVIC_SetPriority
                0x08000e70       0x64 ./Drivers/STM32F4xx_HAL_Driver/Src/stm32f4xx_hal_cortex.o
                0x08000e70                HAL_NVIC_SetPriority
 .text.HAL_NVIC_EnableIRQ
                0x08000ed4       0x1c ./Drivers/STM32F4xx_HAL_Driver/Src/stm32f4xx_hal_cortex.o
                0x08000ed4                HAL_NVIC_EnableIRQ
 .text.HAL_SYSTICK_Config
                0x08000ef0       0x28 ./Drivers/STM32F4xx_HAL_Driver/Src/stm32f4xx_hal_cortex.o
                0x08000ef0                HAL_SYSTICK_Config
 .text.HAL_SYSTICK_CLKSourceConfig
                0x08000f18       0x16 ./Drivers/STM32F4xx_HAL_Driver/Src/stm32f4xx_hal_cortex.o
                0x08000f18                HAL_SYSTICK_CLKSourceConfig
 *fill*         0x08000f2e        0x2 
 .text.DMA_CalcBaseAndBitshift
                0x08000f30       0x2c ./Drivers/STM32F4xx_HAL_Driver/Src/stm32f4xx_hal_dma.o
 .text.HAL_DMA_Init
                0x08000f5c       0xfc ./Drivers/STM32F4xx_HAL_Driver/Src/stm32f4xx_hal_dma.o
                0x08000f5c                HAL_DMA_Init
 .text.HAL_DMA_Abort
                0x08001058       0x7c ./Drivers/STM32F4xx_HAL_Driver/Src/stm32f4xx_hal_dma.o
                0x08001058                HAL_DMA_Abort
 .text.HAL_DMA_Abort_IT
                0x080010d4       0x24 ./Drivers/STM32F4xx_HAL_Driver/Src/stm32f4xx_hal_dma.o
                0x080010d4                HAL_DMA_Abort_IT
 .text.HAL_DMA_IRQHandler
                0x080010f8      0x17c ./Drivers/STM32F4xx_HAL_Driver/Src/stm32f4xx_hal_dma.o
                0x080010f8                HAL_DMA_IRQHandler
 .text.HAL_GPIO_Init
                0x08001274      0x1b0 ./Drivers/STM32F4xx_HAL_Driver/Src/stm32f4xx_hal_gpio.o
                0x08001274                HAL_GPIO_Init
 .text.HAL_GPIO_ReadPin
                0x08001424        0xc ./Drivers/STM32F4xx_HAL_Driver/Src/stm32f4xx_hal_gpio.o
                0x08001424                HAL_GPIO_ReadPin
 .text.HAL_GPIO_WritePin
                0x08001430        0xa ./Drivers/STM32F4xx_HAL_Driver/Src/stm32f4xx_hal_gpio.o
                0x08001430                HAL_GPIO_WritePin
 .text.HAL_GPIO_TogglePin
                0x0800143a       0x12 ./Drivers/STM32F4xx_HAL_Driver/Src/stm32f4xx_hal_gpio.o
                0x0800143a                HAL_GPIO_TogglePin
 .text.HAL_GPIO_EXTI_IRQHandler
                0x0800144c       0x18 ./Drivers/STM32F4xx_HAL_Driver/Src/stm32f4xx_hal_gpio.o
                0x0800144c                HAL_GPIO_EXTI_IRQHandler
 .text.HAL_PCD_Init
                0x08001464       0xde ./Drivers/STM32F4xx_HAL_Driver/Src/stm32f4xx_hal_pcd.o
                0x08001464                HAL_PCD_Init
 *fill*         0x08001542        0x2 
 .text.HAL_RCC_OscConfig
                0x08001544      0x35c ./Drivers/STM32F4xx_HAL_Driver/Src/stm32f4xx_hal_rcc.o
                0x08001544                HAL_RCC_OscConfig
 .text.HAL_RCC_GetSysClockFreq
                0x080018a0       0x5c ./Drivers/STM32F4xx_HAL_Driver/Src/stm32f4xx_hal_rcc.o
                0x080018a0                HAL_RCC_GetSysClockFreq
 .text.HAL_RCC_ClockConfig
                0x080018fc      0x134 ./Drivers/STM32F4xx_HAL_Driver/Src/stm32f4xx_hal_rcc.o
                0x080018fc                HAL_RCC_ClockConfig
 .text.HAL_RCC_GetPCLK1Freq
                0x08001a30       0x20 ./Drivers/STM32F4xx_HAL_Driver/Src/stm32f4xx_hal_rcc.o
                0x08001a30                HAL_RCC_GetPCLK1Freq
 .text.HAL_RCC_GetPCLK2Freq
                0x08001a50       0x20 ./Drivers/STM32F4xx_HAL_Driver/Src/stm32f4xx_hal_rcc.o
                0x08001a50                HAL_RCC_GetPCLK2Freq
 .text.HAL_SPI_Init
                0x08001a70       0xb8 ./Drivers/STM32F4xx_HAL_Driver/Src/stm32f4xx_hal_spi.o
                0x08001a70                HAL_SPI_Init
 .text.HAL_SRAM_Init
                0x08001b28       0x5a ./Drivers/STM32F4xx_HAL_Driver/Src/stm32f4xx_hal_sram.o
                0x08001b28                HAL_SRAM_Init
 *fill*         0x08001b82        0x2 
 .text.HAL_TIM_Base_Start_IT
                0x08001b84       0x74 ./Drivers/STM32F4xx_HAL_Driver/Src/stm32f4xx_hal_tim.o
                0x08001b84                HAL_TIM_Base_Start_IT
 .text.HAL_TIM_OC_DelayElapsedCallback
                0x08001bf8        0x2 ./Drivers/STM32F4xx_HAL_Driver/Src/stm32f4xx_hal_tim.o
                0x08001bf8                HAL_TIM_OC_DelayElapsedCallback
 .text.HAL_TIM_IC_CaptureCallback
                0x08001bfa        0x2 ./Drivers/STM32F4xx_HAL_Driver/Src/stm32f4xx_hal_tim.o
                0x08001bfa                HAL_TIM_IC_CaptureCallback
 .text.HAL_TIM_PWM_PulseFinishedCallback
                0x08001bfc        0x2 ./Drivers/STM32F4xx_HAL_Driver/Src/stm32f4xx_hal_tim.o
                0x08001bfc                HAL_TIM_PWM_PulseFinishedCallback
 .text.HAL_TIM_TriggerCallback
                0x08001bfe        0x2 ./Drivers/STM32F4xx_HAL_Driver/Src/stm32f4xx_hal_tim.o
                0x08001bfe                HAL_TIM_TriggerCallback
 .text.HAL_TIM_IRQHandler
                0x08001c00      0x128 ./Drivers/STM32F4xx_HAL_Driver/Src/stm32f4xx_hal_tim.o
                0x08001c00                HAL_TIM_IRQHandler
 .text.TIM_Base_SetConfig
                0x08001d28       0xd8 ./Drivers/STM32F4xx_HAL_Driver/Src/stm32f4xx_hal_tim.o
                0x08001d28                TIM_Base_SetConfig
 .text.HAL_TIM_Base_Init
                0x08001e00       0x58 ./Drivers/STM32F4xx_HAL_Driver/Src/stm32f4xx_hal_tim.o
                0x08001e00                HAL_TIM_Base_Init
 .text.TIM_ETR_SetConfig
                0x08001e58       0x14 ./Drivers/STM32F4xx_HAL_Driver/Src/stm32f4xx_hal_tim.o
                0x08001e58                TIM_ETR_SetConfig
 .text.HAL_TIM_ConfigClockSource
                0x08001e6c      0x132 ./Drivers/STM32F4xx_HAL_Driver/Src/stm32f4xx_hal_tim.o
                0x08001e6c                HAL_TIM_ConfigClockSource
 *fill*         0x08001f9e        0x2 
 .text.HAL_TIMEx_MasterConfigSynchronization
                0x08001fa0       0x7c ./Drivers/STM32F4xx_HAL_Driver/Src/stm32f4xx_hal_tim_ex.o
                0x08001fa0                HAL_TIMEx_MasterConfigSynchronization
 .text.HAL_TIMEx_CommutCallback
                0x0800201c        0x2 ./Drivers/STM32F4xx_HAL_Driver/Src/stm32f4xx_hal_tim_ex.o
                0x0800201c                HAL_TIMEx_CommutCallback
 .text.HAL_TIMEx_BreakCallback
                0x0800201e        0x2 ./Drivers/STM32F4xx_HAL_Driver/Src/stm32f4xx_hal_tim_ex.o
                0x0800201e                HAL_TIMEx_BreakCallback
 .text.UART_EndRxTransfer
                0x08002020       0x5c ./Drivers/STM32F4xx_HAL_Driver/Src/stm32f4xx_hal_uart.o
 .text.UART_SetConfig
                0x0800207c       0xbc ./Drivers/STM32F4xx_HAL_Driver/Src/stm32f4xx_hal_uart.o
 .text.UART_WaitOnFlagUntilTimeout.constprop.0
                0x08002138       0x64 ./Drivers/STM32F4xx_HAL_Driver/Src/stm32f4xx_hal_uart.o
 .text.HAL_UART_Init
                0x0800219c       0x5e ./Drivers/STM32F4xx_HAL_Driver/Src/stm32f4xx_hal_uart.o
                0x0800219c                HAL_UART_Init
 .text.HAL_UART_Transmit
                0x080021fa       0x9c ./Drivers/STM32F4xx_HAL_Driver/Src/stm32f4xx_hal_uart.o
                0x080021fa                HAL_UART_Transmit
 .text.HAL_UART_TxCpltCallback
                0x08002296        0x2 ./Drivers/STM32F4xx_HAL_Driver/Src/stm32f4xx_hal_uart.o
                0x08002296                HAL_UART_TxCpltCallback
 .text.HAL_UART_RxCpltCallback
                0x08002298        0x2 ./Drivers/STM32F4xx_HAL_Driver/Src/stm32f4xx_hal_uart.o
                0x08002298                HAL_UART_RxCpltCallback
 .text.HAL_UART_ErrorCallback
                0x0800229a        0x2 ./Drivers/STM32F4xx_HAL_Driver/Src/stm32f4xx_hal_uart.o
                0x0800229a                HAL_UART_ErrorCallback
 .text.UART_DMAAbortOnError
                0x0800229c       0x10 ./Drivers/STM32F4xx_HAL_Driver/Src/stm32f4xx_hal_uart.o
 .text.HAL_UARTEx_RxEventCallback
                0x080022ac        0x2 ./Drivers/STM32F4xx_HAL_Driver/Src/stm32f4xx_hal_uart.o
                0x080022ac                HAL_UARTEx_RxEventCallback
 .text.UART_Receive_IT.isra.0
                0x080022ae       0xb6 ./Drivers/STM32F4xx_HAL_Driver/Src/stm32f4xx_hal_uart.o
 .text.HAL_UART_IRQHandler
                0x08002364      0x294 ./Drivers/STM32F4xx_HAL_Driver/Src/stm32f4xx_hal_uart.o
                0x08002364                HAL_UART_IRQHandler
 .text.FSMC_NORSRAM_Init
                0x080025f8       0x64 ./Drivers/STM32F4xx_HAL_Driver/Src/stm32f4xx_ll_fsmc.o
                0x080025f8                FSMC_NORSRAM_Init
 .text.FSMC_NORSRAM_Timing_Init
                0x0800265c       0x3c ./Drivers/STM32F4xx_HAL_Driver/Src/stm32f4xx_ll_fsmc.o
                0x0800265c                FSMC_NORSRAM_Timing_Init
 .text.FSMC_NORSRAM_Extended_Timing_Init
                0x08002698       0x3c ./Drivers/STM32F4xx_HAL_Driver/Src/stm32f4xx_ll_fsmc.o
                0x08002698                FSMC_NORSRAM_Extended_Timing_Init
 .text.USB_CoreReset
                0x080026d4       0x46 ./Drivers/STM32F4xx_HAL_Driver/Src/stm32f4xx_ll_usb.o
 .text.USB_CoreInit
                0x0800271a       0x88 ./Drivers/STM32F4xx_HAL_Driver/Src/stm32f4xx_ll_usb.o
                0x0800271a                USB_CoreInit
 .text.USB_DisableGlobalInt
                0x080027a2        0xc ./Drivers/STM32F4xx_HAL_Driver/Src/stm32f4xx_ll_usb.o
                0x080027a2                USB_DisableGlobalInt
 .text.USB_SetCurrentMode
                0x080027ae       0x60 ./Drivers/STM32F4xx_HAL_Driver/Src/stm32f4xx_ll_usb.o
                0x080027ae                USB_SetCurrentMode
 .text.USB_FlushTxFifo
                0x0800280e       0x46 ./Drivers/STM32F4xx_HAL_Driver/Src/stm32f4xx_ll_usb.o
                0x0800280e                USB_FlushTxFifo
 .text.USB_FlushRxFifo
                0x08002854       0x42 ./Drivers/STM32F4xx_HAL_Driver/Src/stm32f4xx_ll_usb.o
                0x08002854                USB_FlushRxFifo
 .text.USB_SetDevSpeed
                0x08002896        0xe ./Drivers/STM32F4xx_HAL_Driver/Src/stm32f4xx_ll_usb.o
                0x08002896                USB_SetDevSpeed
 .text.USB_DevInit
                0x080028a4      0x174 ./Drivers/STM32F4xx_HAL_Driver/Src/stm32f4xx_ll_usb.o
                0x080028a4                USB_DevInit
 .text.USB_DevDisconnect
                0x08002a18       0x1c ./Drivers/STM32F4xx_HAL_Driver/Src/stm32f4xx_ll_usb.o
                0x08002a18                USB_DevDisconnect
 .text.LCD_WR_REG
                0x08002a34       0x24 ./Hardware/DISP/disp.o
                0x08002a34                LCD_WR_REG
 .text.LCD_WR_DATA
                0x08002a58       0x24 ./Hardware/DISP/disp.o
                0x08002a58                LCD_WR_DATA
 .text.LCD_RD_DATA
                0x08002a7c       0x1c ./Hardware/DISP/disp.o
                0x08002a7c                LCD_RD_DATA
 .text.LCD_WriteRAM_Prepare
                0x08002a98       0x14 ./Hardware/DISP/disp.o
                0x08002a98                LCD_WriteRAM_Prepare
 .text.LCD_SetCursor
                0x08002aac       0x34 ./Hardware/DISP/disp.o
                0x08002aac                LCD_SetCursor
 .text.LCD_Scan_Dir
                0x08002ae0       0xd8 ./Hardware/DISP/disp.o
                0x08002ae0                LCD_Scan_Dir
 .text.LCD_Display_Dir
                0x08002bb8       0x38 ./Hardware/DISP/disp.o
                0x08002bb8                LCD_Display_Dir
 .text.HAL_SRAM_MspInit
                0x08002bf0       0xc4 ./Hardware/DISP/disp.o
                0x08002bf0                HAL_SRAM_MspInit
 .text.LCD_Clear
                0x08002cb4       0x30 ./Hardware/DISP/disp.o
                0x08002cb4                LCD_Clear
 .text.LCD_Color_Fill
                0x08002ce4       0x58 ./Hardware/DISP/disp.o
                0x08002ce4                LCD_Color_Fill
 .text.LCD_Init
                0x08002d3c      0xfd8 ./Hardware/DISP/disp.o
                0x08002d3c                LCD_Init
 .text.delay_init
                0x08003d14       0x14 ./Hardware/TOUCH/ctiic.o
                0x08003d14                delay_init
 .text.delay_us
                0x08003d28       0x34 ./Hardware/TOUCH/ctiic.o
                0x08003d28                delay_us
 .text.CT_Delay
                0x08003d5c        0x6 ./Hardware/TOUCH/ctiic.o
                0x08003d5c                CT_Delay
 *fill*         0x08003d62        0x2 
 .text.CT_IIC_Init
                0x08003d64       0x58 ./Hardware/TOUCH/ctiic.o
                0x08003d64                CT_IIC_Init
 .text.CT_IIC_Start
                0x08003dbc       0x40 ./Hardware/TOUCH/ctiic.o
                0x08003dbc                CT_IIC_Start
 .text.CT_IIC_Stop
                0x08003dfc       0x3c ./Hardware/TOUCH/ctiic.o
                0x08003dfc                CT_IIC_Stop
 .text.CT_IIC_Wait_Ack
                0x08003e38       0x4c ./Hardware/TOUCH/ctiic.o
                0x08003e38                CT_IIC_Wait_Ack
 .text.CT_IIC_Ack
                0x08003e84       0x40 ./Hardware/TOUCH/ctiic.o
                0x08003e84                CT_IIC_Ack
 .text.CT_IIC_NAck
                0x08003ec4       0x40 ./Hardware/TOUCH/ctiic.o
                0x08003ec4                CT_IIC_NAck
 .text.CT_IIC_Send_Byte
                0x08003f04       0x5c ./Hardware/TOUCH/ctiic.o
                0x08003f04                CT_IIC_Send_Byte
 .text.CT_IIC_Read_Byte
                0x08003f60       0x6c ./Hardware/TOUCH/ctiic.o
                0x08003f60                CT_IIC_Read_Byte
 .text.GT1151_WR_Reg
                0x08003fcc       0x4e ./Hardware/TOUCH/ctiic.o
                0x08003fcc                GT1151_WR_Reg
 .text.GT1151_RD_Reg
                0x0800401a       0x58 ./Hardware/TOUCH/ctiic.o
                0x0800401a                GT1151_RD_Reg
 *fill*         0x08004072        0x2 
 .text.GT1151_Init
                0x08004074      0x108 ./Hardware/TOUCH/touch.o
                0x08004074                GT1151_Init
 .text.GT1151_IsPress
                0x0800417c       0x44 ./Hardware/TOUCH/touch.o
                0x0800417c                GT1151_IsPress
 .text.GT1151_GetPoint
                0x080041c0       0x34 ./Hardware/TOUCH/touch.o
                0x080041c0                GT1151_GetPoint
 .text.vListInitialise
                0x080041f4       0x16 ./Midware/FreeRTOS/list.o
                0x080041f4                vListInitialise
 .text.vListInitialiseItem
                0x0800420a        0x6 ./Midware/FreeRTOS/list.o
                0x0800420a                vListInitialiseItem
 .text.vListInsert
                0x08004210       0x2e ./Midware/FreeRTOS/list.o
                0x08004210                vListInsert
 .text.uxListRemove
                0x0800423e       0x1e ./Midware/FreeRTOS/list.o
                0x0800423e                uxListRemove
 .text.prvIsQueueEmpty
                0x0800425c       0x16 ./Midware/FreeRTOS/queue.o
 .text.prvCopyDataFromQueue
                0x08004272       0x2c ./Midware/FreeRTOS/queue.o
 .text.prvUnlockQueue
                0x0800429e       0x70 ./Midware/FreeRTOS/queue.o
 .text.xQueueGenericReset
                0x0800430e       0x7a ./Midware/FreeRTOS/queue.o
                0x0800430e                xQueueGenericReset
 .text.xQueueGenericCreateStatic
                0x08004388       0x3c ./Midware/FreeRTOS/queue.o
                0x08004388                xQueueGenericCreateStatic
 .text.xQueueReceive
                0x080043c4       0xee ./Midware/FreeRTOS/queue.o
                0x080043c4                xQueueReceive
 *fill*         0x080044b2        0x2 
 .text.vQueueAddToRegistry
                0x080044b4       0x3c ./Midware/FreeRTOS/queue.o
                0x080044b4                vQueueAddToRegistry
 .text.vQueueWaitForMessageRestricted
                0x080044f0       0x46 ./Midware/FreeRTOS/queue.o
                0x080044f0                vQueueWaitForMessageRestricted
 *fill*         0x08004536        0x2 
 .text.AppTask2
                0x08004538       0x2c ./Midware/FreeRTOS/task_creat.o
                0x08004538                AppTask2
 .text.AppTask3
                0x08004564       0x2c ./Midware/FreeRTOS/task_creat.o
                0x08004564                AppTask3
 .text.AppTask1
                0x08004590       0x34 ./Midware/FreeRTOS/task_creat.o
                0x08004590                AppTask1
 .text.task_creat
                0x080045c4       0x44 ./Midware/FreeRTOS/task_creat.o
                0x080045c4                task_creat
 .text.prvIdleTask
                0x08004608       0x24 ./Midware/FreeRTOS/tasks.o
 .text.prvAddNewTaskToReadyList
                0x0800462c      0x104 ./Midware/FreeRTOS/tasks.o
 .text.prvAddCurrentTaskToDelayedList
                0x08004730       0x94 ./Midware/FreeRTOS/tasks.o
 .text.prvResetNextTaskUnblockTime
                0x080047c4       0x24 ./Midware/FreeRTOS/tasks.o
 .text.prvInitialiseNewTask.constprop.0
                0x080047e8       0x88 ./Midware/FreeRTOS/tasks.o
 .text.xTaskCreateStatic
                0x08004870       0x54 ./Midware/FreeRTOS/tasks.o
                0x08004870                xTaskCreateStatic
 .text.xTaskCreate
                0x080048c4       0x5c ./Midware/FreeRTOS/tasks.o
                0x080048c4                xTaskCreate
 .text.vTaskStartScheduler
                0x08004920       0x94 ./Midware/FreeRTOS/tasks.o
                0x08004920                vTaskStartScheduler
 .text.vTaskSuspendAll
                0x080049b4       0x10 ./Midware/FreeRTOS/tasks.o
                0x080049b4                vTaskSuspendAll
 .text.xTaskGetTickCount
                0x080049c4        0xc ./Midware/FreeRTOS/tasks.o
                0x080049c4                xTaskGetTickCount
 .text.xTaskIncrementTick
                0x080049d0      0x158 ./Midware/FreeRTOS/tasks.o
                0x080049d0                xTaskIncrementTick
 .text.xTaskResumeAll
                0x08004b28      0x148 ./Midware/FreeRTOS/tasks.o
                0x08004b28                xTaskResumeAll
 .text.vTaskDelay
                0x08004c70       0x2e ./Midware/FreeRTOS/tasks.o
                0x08004c70                vTaskDelay
 *fill*         0x08004c9e        0x2 
 .text.vTaskSwitchContext
                0x08004ca0       0x64 ./Midware/FreeRTOS/tasks.o
                0x08004ca0                vTaskSwitchContext
 .text.vTaskPlaceOnEventList
                0x08004d04       0x20 ./Midware/FreeRTOS/tasks.o
                0x08004d04                vTaskPlaceOnEventList
 .text.vTaskPlaceOnEventListRestricted
                0x08004d24       0x40 ./Midware/FreeRTOS/tasks.o
                0x08004d24                vTaskPlaceOnEventListRestricted
 .text.xTaskRemoveFromEventList
                0x08004d64       0xb4 ./Midware/FreeRTOS/tasks.o
                0x08004d64                xTaskRemoveFromEventList
 .text.vTaskInternalSetTimeOutState
                0x08004e18       0x18 ./Midware/FreeRTOS/tasks.o
                0x08004e18                vTaskInternalSetTimeOutState
 .text.xTaskCheckForTimeOut
                0x08004e30       0x50 ./Midware/FreeRTOS/tasks.o
                0x08004e30                xTaskCheckForTimeOut
 .text.vTaskMissedYield
                0x08004e80        0xc ./Midware/FreeRTOS/tasks.o
                0x08004e80                vTaskMissedYield
 .text.prvInsertTimerInActiveList
                0x08004e8c       0x3c ./Midware/FreeRTOS/timers.o
 .text.prvReloadTimer
                0x08004ec8       0x26 ./Midware/FreeRTOS/timers.o
 *fill*         0x08004eee        0x2 
 .text.prvProcessExpiredTimer
                0x08004ef0       0x40 ./Midware/FreeRTOS/timers.o
 .text.prvSampleTimeNow
                0x08004f30       0x4c ./Midware/FreeRTOS/timers.o
 .text.prvTimerTask
                0x08004f7c      0x160 ./Midware/FreeRTOS/timers.o
 .text.prvCheckForValidListAndQueue
                0x080050dc       0x68 ./Midware/FreeRTOS/timers.o
 .text.xTimerCreateTimerTask
                0x08005144       0x54 ./Midware/FreeRTOS/timers.o
                0x08005144                xTimerCreateTimerTask
 .text.pvPortMalloc
                0x08005198       0xf8 ./Midware/FreeRTOS/portable/heap_4.o
                0x08005198                pvPortMalloc
 .text.vPortFree
                0x08005290       0x94 ./Midware/FreeRTOS/portable/heap_4.o
                0x08005290                vPortFree
 .text.prvTaskExitError
                0x08005324       0x20 ./Midware/FreeRTOS/portable/port.o
 .text.prvPortStartFirstTask
                0x08005344       0x28 ./Midware/FreeRTOS/portable/port.o
 .text.vPortEnableVFP
                0x0800536c       0x14 ./Midware/FreeRTOS/portable/port.o
 .text.pxPortInitialiseStack
                0x08005380       0x2c ./Midware/FreeRTOS/portable/port.o
                0x08005380                pxPortInitialiseStack
 .text.SVC_Handler
                0x080053ac       0x20 ./Midware/FreeRTOS/portable/port.o
                0x080053ac                SVC_Handler
 .text.vPortEnterCritical
                0x080053cc       0x20 ./Midware/FreeRTOS/portable/port.o
                0x080053cc                vPortEnterCritical
 .text.vPortExitCritical
                0x080053ec       0x14 ./Midware/FreeRTOS/portable/port.o
                0x080053ec                vPortExitCritical
 .text.PendSV_Handler
                0x08005400       0x60 ./Midware/FreeRTOS/portable/port.o
                0x08005400                PendSV_Handler
 .text.SysTick_Handler
                0x08005460       0x2c ./Midware/FreeRTOS/portable/port.o
                0x08005460                SysTick_Handler
 .text.vPortSetupTimerInterrupt
                0x0800548c       0x24 ./Midware/FreeRTOS/portable/port.o
                0x0800548c                vPortSetupTimerInterrupt
 .text.xPortStartScheduler
                0x080054b0       0x50 ./Midware/FreeRTOS/portable/port.o
                0x080054b0                xPortStartScheduler
 .text.events_init
                0x08005500        0x2 ./Midware/LVGL/generated/events_init.o
                0x08005500                events_init
 .text.setup_ui
                0x08005502       0x18 ./Midware/LVGL/generated/gui_guider.o
                0x08005502                setup_ui
 *fill*         0x0800551a        0x2 
 .text.timer_cb
                0x0800551c       0x4c ./Midware/LVGL/generated/setup_scr_screen.o
 .text.slider_event_cb
                0x08005568       0x50 ./Midware/LVGL/generated/setup_scr_screen.o
 .text.btn_event_cb
                0x080055b8       0x54 ./Midware/LVGL/generated/setup_scr_screen.o
 .text.setup_scr_screen
                0x0800560c      0x3b8 ./Midware/LVGL/generated/setup_scr_screen.o
                0x0800560c                setup_scr_screen
 .text.disp_flush
                0x080059c4       0x20 ./Midware/LVGL/port/lv_port_disp.o
 .text.lv_port_disp_init
                0x080059e4       0x4c ./Midware/LVGL/port/lv_port_disp.o
                0x080059e4                lv_port_disp_init
 .text.touchpad_read
                0x08005a30       0x38 ./Midware/LVGL/port/lv_port_indev.o
 .text.lv_port_indev_init
                0x08005a68       0x30 ./Midware/LVGL/port/lv_port_indev.o
                0x08005a68                lv_port_indev_init
 .text.opa_scale_anim
                0x08005a98        0x8 ./Midware/LVGL/src/core/lv_disp.o
 .text.set_y_anim
                0x08005aa0        0x6 ./Midware/LVGL/src/core/lv_disp.o
 .text.set_x_anim
                0x08005aa6        0x6 ./Midware/LVGL/src/core/lv_disp.o
 .text.scr_anim_ready
                0x08005aac       0x54 ./Midware/LVGL/src/core/lv_disp.o
 .text.scr_load_internal
                0x08005b00       0x50 ./Midware/LVGL/src/core/lv_disp.o
 .text.lv_disp_get_scr_act
                0x08005b50        0xe ./Midware/LVGL/src/core/lv_disp.o
                0x08005b50                lv_disp_get_scr_act
 .text.lv_scr_act
                0x08005b5e        0xe ./Midware/LVGL/src/core/lv_disp.o
 .text.scr_load_anim_start
                0x08005b6c       0x22 ./Midware/LVGL/src/core/lv_disp.o
 .text.lv_disp_get_scr_prev
                0x08005b8e        0xe ./Midware/LVGL/src/core/lv_disp.o
                0x08005b8e                lv_disp_get_scr_prev
 .text.lv_disp_get_layer_top
                0x08005b9c        0xe ./Midware/LVGL/src/core/lv_disp.o
                0x08005b9c                lv_disp_get_layer_top
 .text.lv_disp_get_layer_sys
                0x08005baa        0xe ./Midware/LVGL/src/core/lv_disp.o
                0x08005baa                lv_disp_get_layer_sys
 .text.lv_disp_get_theme
                0x08005bb8        0xc ./Midware/LVGL/src/core/lv_disp.o
                0x08005bb8                lv_disp_get_theme
 .text.lv_scr_load_anim
                0x08005bc4      0x274 ./Midware/LVGL/src/core/lv_disp.o
                0x08005bc4                lv_scr_load_anim
 .text.lv_disp_load_scr
                0x08005e38       0x14 ./Midware/LVGL/src/core/lv_disp.o
                0x08005e38                lv_disp_load_scr
 .text.lv_disp_is_invalidation_enabled
                0x08005e4c       0x18 ./Midware/LVGL/src/core/lv_disp.o
                0x08005e4c                lv_disp_is_invalidation_enabled
 .text.lv_obj_get_event_dsc.isra.0
                0x08005e64       0x1a ./Midware/LVGL/src/core/lv_event.o
 .text.lv_obj_event_base
                0x08005e7e       0x2a ./Midware/LVGL/src/core/lv_event.o
                0x08005e7e                lv_obj_event_base
 .text.event_send_core
                0x08005ea8      0x120 ./Midware/LVGL/src/core/lv_event.o
 .text.lv_event_send
                0x08005fc8       0x40 ./Midware/LVGL/src/core/lv_event.o
                0x08005fc8                lv_event_send
 .text.lv_event_get_target
                0x08006008        0x4 ./Midware/LVGL/src/core/lv_event.o
                0x08006008                lv_event_get_target
 .text.lv_event_get_current_target
                0x0800600c        0x4 ./Midware/LVGL/src/core/lv_event.o
                0x0800600c                lv_event_get_current_target
 .text.lv_event_get_code
                0x08006010        0x8 ./Midware/LVGL/src/core/lv_event.o
                0x08006010                lv_event_get_code
 .text.lv_event_get_param
                0x08006018        0x4 ./Midware/LVGL/src/core/lv_event.o
                0x08006018                lv_event_get_param
 .text.lv_event_get_user_data
                0x0800601c        0x4 ./Midware/LVGL/src/core/lv_event.o
                0x0800601c                lv_event_get_user_data
 .text._lv_event_mark_deleted
                0x08006020       0x24 ./Midware/LVGL/src/core/lv_event.o
                0x08006020                _lv_event_mark_deleted
 .text.lv_obj_add_event_cb
                0x08006044       0x60 ./Midware/LVGL/src/core/lv_event.o
                0x08006044                lv_obj_add_event_cb
 .text.lv_event_get_indev
                0x080060a4        0xe ./Midware/LVGL/src/core/lv_event.o
                0x080060a4                lv_event_get_indev
 .text.lv_event_get_draw_ctx
                0x080060b2        0xe ./Midware/LVGL/src/core/lv_event.o
                0x080060b2                lv_event_get_draw_ctx
 .text.lv_event_set_ext_draw_size
                0x080060c0       0x18 ./Midware/LVGL/src/core/lv_event.o
                0x080060c0                lv_event_set_ext_draw_size
 .text.get_indev
                0x080060d8       0x4c ./Midware/LVGL/src/core/lv_group.o
 .text.focus_next_core
                0x08006124       0xe8 ./Midware/LVGL/src/core/lv_group.o
 .text._lv_group_init
                0x0800620c        0xc ./Midware/LVGL/src/core/lv_group.o
                0x0800620c                _lv_group_init
 .text.lv_group_get_default
                0x08006218        0xc ./Midware/LVGL/src/core/lv_group.o
                0x08006218                lv_group_get_default
 .text.lv_group_focus_next
                0x08006224       0x28 ./Midware/LVGL/src/core/lv_group.o
                0x08006224                lv_group_focus_next
 .text.lv_group_focus_prev
                0x0800624c       0x28 ./Midware/LVGL/src/core/lv_group.o
                0x0800624c                lv_group_focus_prev
 .text.lv_group_refocus
                0x08006274       0x28 ./Midware/LVGL/src/core/lv_group.o
 .text.lv_group_remove_obj
                0x0800629c       0x90 ./Midware/LVGL/src/core/lv_group.o
                0x0800629c                lv_group_remove_obj
 .text.lv_group_add_obj
                0x0800632c       0x72 ./Midware/LVGL/src/core/lv_group.o
                0x0800632c                lv_group_add_obj
 .text.lv_group_get_focused
                0x0800639e        0xa ./Midware/LVGL/src/core/lv_group.o
                0x0800639e                lv_group_get_focused
 .text.lv_group_send_data
                0x080063a8       0x28 ./Midware/LVGL/src/core/lv_group.o
                0x080063a8                lv_group_send_data
 .text.lv_group_set_editing
                0x080063d0       0x42 ./Midware/LVGL/src/core/lv_group.o
                0x080063d0                lv_group_set_editing
 .text.lv_group_focus_obj
                0x08006412       0x8a ./Midware/LVGL/src/core/lv_group.o
                0x08006412                lv_group_focus_obj
 .text.lv_group_get_editing
                0x0800649c        0xa ./Midware/LVGL/src/core/lv_group.o
                0x0800649c                lv_group_get_editing
 .text.lv_group_get_obj_count
                0x080064a6        0x4 ./Midware/LVGL/src/core/lv_group.o
                0x080064a6                lv_group_get_obj_count
 *fill*         0x080064aa        0x2 
 .text.indev_reset_check
                0x080064ac       0x18 ./Midware/LVGL/src/core/lv_indev.o
 .text.indev_proc_reset_query_handler
                0x080064c4       0x34 ./Midware/LVGL/src/core/lv_indev.o
 .text.indev_proc_release
                0x080064f8      0x124 ./Midware/LVGL/src/core/lv_indev.o
 .text.lv_indev_get_act
                0x0800661c        0xc ./Midware/LVGL/src/core/lv_indev.o
                0x0800661c                lv_indev_get_act
 .text.lv_indev_get_type
                0x08006628        0x8 ./Midware/LVGL/src/core/lv_indev.o
                0x08006628                lv_indev_get_type
 .text.lv_indev_reset
                0x08006630       0xa0 ./Midware/LVGL/src/core/lv_indev.o
                0x08006630                lv_indev_reset
 .text.lv_indev_reset_long_press
                0x080066d0       0x1a ./Midware/LVGL/src/core/lv_indev.o
                0x080066d0                lv_indev_reset_long_press
 .text.lv_indev_get_point
                0x080066ea       0x2c ./Midware/LVGL/src/core/lv_indev.o
                0x080066ea                lv_indev_get_point
 .text.lv_indev_get_scroll_dir
                0x08006716       0x1c ./Midware/LVGL/src/core/lv_indev.o
                0x08006716                lv_indev_get_scroll_dir
 .text.lv_indev_get_scroll_obj
                0x08006732       0x16 ./Midware/LVGL/src/core/lv_indev.o
                0x08006732                lv_indev_get_scroll_obj
 .text.lv_indev_get_vect
                0x08006748       0x22 ./Midware/LVGL/src/core/lv_indev.o
                0x08006748                lv_indev_get_vect
 .text.lv_indev_wait_release
                0x0800676a        0xc ./Midware/LVGL/src/core/lv_indev.o
                0x0800676a                lv_indev_wait_release
 *fill*         0x08006776        0x2 
 .text.lv_indev_get_obj_act
                0x08006778        0xc ./Midware/LVGL/src/core/lv_indev.o
                0x08006778                lv_indev_get_obj_act
 .text.lv_indev_search_obj
                0x08006784       0x76 ./Midware/LVGL/src/core/lv_indev.o
                0x08006784                lv_indev_search_obj
 *fill*         0x080067fa        0x2 
 .text.indev_proc_press
                0x080067fc      0x35c ./Midware/LVGL/src/core/lv_indev.o
 .text.lv_indev_read_timer_cb
                0x08006b58      0x748 ./Midware/LVGL/src/core/lv_indev.o
                0x08006b58                lv_indev_read_timer_cb
 .text.elastic_diff
                0x080072a0      0x17c ./Midware/LVGL/src/core/lv_indev_scroll.o
 .text.find_snap_point_x
                0x0800741c      0x118 ./Midware/LVGL/src/core/lv_indev_scroll.o
 .text.find_snap_point_y
                0x08007534      0x118 ./Midware/LVGL/src/core/lv_indev_scroll.o
 .text._lv_indev_scroll_handler
                0x0800764c      0x548 ./Midware/LVGL/src/core/lv_indev_scroll.o
                0x0800764c                _lv_indev_scroll_handler
 .text._lv_indev_scroll_throw_handler
                0x08007b94      0x254 ./Midware/LVGL/src/core/lv_indev_scroll.o
                0x08007b94                _lv_indev_scroll_throw_handler
 .text.lv_indev_scroll_throw_predict
                0x08007de8       0x36 ./Midware/LVGL/src/core/lv_indev_scroll.o
                0x08007de8                lv_indev_scroll_throw_predict
 .text.lv_obj_constructor
                0x08007e1e       0x5c ./Midware/LVGL/src/core/lv_obj.o
 .text.lv_obj_set_state
                0x08007e7a      0x216 ./Midware/LVGL/src/core/lv_obj.o
 .text.lv_obj_draw
                0x08008090      0x45c ./Midware/LVGL/src/core/lv_obj.o
 .text.lv_init  0x080084ec       0x54 ./Midware/LVGL/src/core/lv_obj.o
                0x080084ec                lv_init
 .text.lv_obj_create
                0x08008540       0x18 ./Midware/LVGL/src/core/lv_obj.o
                0x08008540                lv_obj_create
 .text.lv_obj_clear_flag
                0x08008558       0x78 ./Midware/LVGL/src/core/lv_obj.o
                0x08008558                lv_obj_clear_flag
 .text.lv_obj_add_state
                0x080085d0       0x14 ./Midware/LVGL/src/core/lv_obj.o
                0x080085d0                lv_obj_add_state
 .text.lv_obj_clear_state
                0x080085e4       0x12 ./Midware/LVGL/src/core/lv_obj.o
                0x080085e4                lv_obj_clear_state
 .text.lv_obj_has_flag
                0x080085f6        0xc ./Midware/LVGL/src/core/lv_obj.o
                0x080085f6                lv_obj_has_flag
 .text.lv_obj_has_flag_any
                0x08008602        0xc ./Midware/LVGL/src/core/lv_obj.o
                0x08008602                lv_obj_has_flag_any
 .text.lv_obj_get_state
                0x0800860e        0x4 ./Midware/LVGL/src/core/lv_obj.o
                0x0800860e                lv_obj_get_state
 .text.lv_obj_has_state
                0x08008612        0xc ./Midware/LVGL/src/core/lv_obj.o
                0x08008612                lv_obj_has_state
 .text.lv_obj_get_group
                0x0800861e        0x8 ./Midware/LVGL/src/core/lv_obj.o
                0x0800861e                lv_obj_get_group
 .text.lv_obj_event
                0x08008626      0x338 ./Midware/LVGL/src/core/lv_obj.o
 *fill*         0x0800895e        0x2 
 .text.lv_obj_destructor
                0x08008960       0x68 ./Midware/LVGL/src/core/lv_obj.o
 .text.lv_obj_add_flag
                0x080089c8       0x84 ./Midware/LVGL/src/core/lv_obj.o
                0x080089c8                lv_obj_add_flag
 .text.lv_obj_allocate_spec_attr
                0x08008a4c       0x38 ./Midware/LVGL/src/core/lv_obj.o
                0x08008a4c                lv_obj_allocate_spec_attr
 .text.lv_obj_check_type
                0x08008a84        0xc ./Midware/LVGL/src/core/lv_obj.o
                0x08008a84                lv_obj_check_type
 .text.lv_obj_construct
                0x08008a90       0x22 ./Midware/LVGL/src/core/lv_obj_class.o
 *fill*         0x08008ab2        0x2 
 .text.lv_obj_class_create_obj
                0x08008ab4       0xd8 ./Midware/LVGL/src/core/lv_obj_class.o
                0x08008ab4                lv_obj_class_create_obj
 .text._lv_obj_destruct
                0x08008b8c       0x1a ./Midware/LVGL/src/core/lv_obj_class.o
                0x08008b8c                _lv_obj_destruct
 .text.lv_obj_is_editable
                0x08008ba6       0x14 ./Midware/LVGL/src/core/lv_obj_class.o
                0x08008ba6                lv_obj_is_editable
 .text.lv_obj_is_group_def
                0x08008bba       0x14 ./Midware/LVGL/src/core/lv_obj_class.o
                0x08008bba                lv_obj_is_group_def
 .text.lv_obj_class_init_obj
                0x08008bce       0x74 ./Midware/LVGL/src/core/lv_obj_class.o
                0x08008bce                lv_obj_class_init_obj
 .text.lv_obj_get_style_blend_mode
                0x08008c42        0xc ./Midware/LVGL/src/core/lv_obj_draw.o
 .text.lv_obj_get_style_bg_color_filtered
                0x08008c4e       0x18 ./Midware/LVGL/src/core/lv_obj_draw.o
 .text.lv_obj_get_style_text_color_filtered
                0x08008c66       0x18 ./Midware/LVGL/src/core/lv_obj_draw.o
 .text.lv_obj_init_draw_rect_dsc
                0x08008c7e      0x2ae ./Midware/LVGL/src/core/lv_obj_draw.o
                0x08008c7e                lv_obj_init_draw_rect_dsc
 .text.lv_obj_init_draw_label_dsc
                0x08008f2c       0x9c ./Midware/LVGL/src/core/lv_obj_draw.o
                0x08008f2c                lv_obj_init_draw_label_dsc
 .text.lv_obj_init_draw_img_dsc
                0x08008fc8       0xa6 ./Midware/LVGL/src/core/lv_obj_draw.o
                0x08008fc8                lv_obj_init_draw_img_dsc
 .text.lv_obj_init_draw_line_dsc
                0x0800906e       0xb2 ./Midware/LVGL/src/core/lv_obj_draw.o
                0x0800906e                lv_obj_init_draw_line_dsc
 .text.lv_obj_init_draw_arc_dsc
                0x08009120       0x9c ./Midware/LVGL/src/core/lv_obj_draw.o
                0x08009120                lv_obj_init_draw_arc_dsc
 .text.lv_obj_calculate_ext_draw_size
                0x080091bc       0xce ./Midware/LVGL/src/core/lv_obj_draw.o
                0x080091bc                lv_obj_calculate_ext_draw_size
 .text.lv_obj_draw_dsc_init
                0x0800928a       0x10 ./Midware/LVGL/src/core/lv_obj_draw.o
                0x0800928a                lv_obj_draw_dsc_init
 .text._lv_obj_get_ext_draw_size
                0x0800929a        0xa ./Midware/LVGL/src/core/lv_obj_draw.o
                0x0800929a                _lv_obj_get_ext_draw_size
 .text.lv_obj_refresh_ext_draw_size
                0x080092a4       0x5a ./Midware/LVGL/src/core/lv_obj_draw.o
                0x080092a4                lv_obj_refresh_ext_draw_size
 .text._lv_obj_get_layer_type
                0x080092fe        0xa ./Midware/LVGL/src/core/lv_obj_draw.o
                0x080092fe                _lv_obj_get_layer_type
 .text.lv_obj_get_style_base_dir.constprop.0
                0x08009308        0xe ./Midware/LVGL/src/core/lv_obj_pos.o
 .text.lv_obj_get_style_border_width.constprop.0
                0x08009316        0xe ./Midware/LVGL/src/core/lv_obj_pos.o
 .text.lv_obj_get_style_pad_right.constprop.0
                0x08009324        0xe ./Midware/LVGL/src/core/lv_obj_pos.o
 .text.lv_obj_get_style_pad_left.constprop.0
                0x08009332        0xe ./Midware/LVGL/src/core/lv_obj_pos.o
 .text.lv_obj_get_style_pad_bottom.constprop.0
                0x08009340        0xe ./Midware/LVGL/src/core/lv_obj_pos.o
 .text.lv_obj_get_style_pad_top.constprop.0
                0x0800934e        0xe ./Midware/LVGL/src/core/lv_obj_pos.o
 .text.transform_point
                0x0800935c       0xfc ./Midware/LVGL/src/core/lv_obj_pos.o
 .text.lv_obj_set_x
                0x08009458       0x2e ./Midware/LVGL/src/core/lv_obj_pos.o
                0x08009458                lv_obj_set_x
 .text.lv_obj_set_y
                0x08009486       0x2e ./Midware/LVGL/src/core/lv_obj_pos.o
                0x08009486                lv_obj_set_y
 .text.lv_obj_set_pos
                0x080094b4       0x16 ./Midware/LVGL/src/core/lv_obj_pos.o
                0x080094b4                lv_obj_set_pos
 .text.lv_obj_set_width
                0x080094ca       0x2e ./Midware/LVGL/src/core/lv_obj_pos.o
                0x080094ca                lv_obj_set_width
 .text.lv_obj_set_height
                0x080094f8       0x2e ./Midware/LVGL/src/core/lv_obj_pos.o
                0x080094f8                lv_obj_set_height
 .text.lv_obj_set_size
                0x08009526       0x16 ./Midware/LVGL/src/core/lv_obj_pos.o
                0x08009526                lv_obj_set_size
 .text.lv_obj_is_layout_positioned
                0x0800953c       0x34 ./Midware/LVGL/src/core/lv_obj_pos.o
                0x0800953c                lv_obj_is_layout_positioned
 .text.lv_obj_mark_layout_as_dirty
                0x08009570       0x30 ./Midware/LVGL/src/core/lv_obj_pos.o
                0x08009570                lv_obj_mark_layout_as_dirty
 .text.lv_obj_set_layout
                0x080095a0       0x16 ./Midware/LVGL/src/core/lv_obj_pos.o
                0x080095a0                lv_obj_set_layout
 *fill*         0x080095b6        0x2 
 .text.lv_layout_register
                0x080095b8       0x3c ./Midware/LVGL/src/core/lv_obj_pos.o
                0x080095b8                lv_layout_register
 .text.lv_obj_align
                0x080095f4       0x1c ./Midware/LVGL/src/core/lv_obj_pos.o
                0x080095f4                lv_obj_align
 .text.lv_obj_get_coords
                0x08009610       0x1a ./Midware/LVGL/src/core/lv_obj_pos.o
                0x08009610                lv_obj_get_coords
 .text.lv_obj_get_x
                0x0800962a       0x38 ./Midware/LVGL/src/core/lv_obj_pos.o
                0x0800962a                lv_obj_get_x
 .text.lv_obj_get_y
                0x08009662       0x38 ./Midware/LVGL/src/core/lv_obj_pos.o
                0x08009662                lv_obj_get_y
 .text.lv_obj_get_y2
                0x0800969a       0x16 ./Midware/LVGL/src/core/lv_obj_pos.o
                0x0800969a                lv_obj_get_y2
 .text.lv_obj_get_width
                0x080096b0        0xc ./Midware/LVGL/src/core/lv_obj_pos.o
                0x080096b0                lv_obj_get_width
 .text.lv_obj_get_height
                0x080096bc        0xc ./Midware/LVGL/src/core/lv_obj_pos.o
                0x080096bc                lv_obj_get_height
 .text.lv_obj_get_content_width
                0x080096c8       0x2c ./Midware/LVGL/src/core/lv_obj_pos.o
                0x080096c8                lv_obj_get_content_width
 .text.lv_obj_get_content_height
                0x080096f4       0x2c ./Midware/LVGL/src/core/lv_obj_pos.o
                0x080096f4                lv_obj_get_content_height
 .text.lv_obj_get_content_coords
                0x08009720       0x60 ./Midware/LVGL/src/core/lv_obj_pos.o
                0x08009720                lv_obj_get_content_coords
 .text.lv_obj_get_self_width
                0x08009780       0x1c ./Midware/LVGL/src/core/lv_obj_pos.o
                0x08009780                lv_obj_get_self_width
 .text.lv_obj_get_self_height
                0x0800979c       0x1a ./Midware/LVGL/src/core/lv_obj_pos.o
                0x0800979c                lv_obj_get_self_height
 .text.lv_obj_refresh_self_size
                0x080097b6       0x34 ./Midware/LVGL/src/core/lv_obj_pos.o
                0x080097b6                lv_obj_refresh_self_size
 .text.lv_obj_move_children_by
                0x080097ea       0x6c ./Midware/LVGL/src/core/lv_obj_pos.o
                0x080097ea                lv_obj_move_children_by
 .text.lv_obj_transform_point
                0x08009856       0x5c ./Midware/LVGL/src/core/lv_obj_pos.o
                0x08009856                lv_obj_transform_point
 .text.lv_obj_get_transformed_area
                0x080098b2       0xe8 ./Midware/LVGL/src/core/lv_obj_pos.o
                0x080098b2                lv_obj_get_transformed_area
 .text.lv_obj_area_is_visible
                0x0800999a       0xf0 ./Midware/LVGL/src/core/lv_obj_pos.o
                0x0800999a                lv_obj_area_is_visible
 .text.lv_obj_invalidate_area
                0x08009a8a       0x42 ./Midware/LVGL/src/core/lv_obj_pos.o
                0x08009a8a                lv_obj_invalidate_area
 .text.lv_obj_invalidate
                0x08009acc       0x3c ./Midware/LVGL/src/core/lv_obj_pos.o
                0x08009acc                lv_obj_invalidate
 .text.lv_obj_move_to
                0x08009b08      0x130 ./Midware/LVGL/src/core/lv_obj_pos.o
                0x08009b08                lv_obj_move_to
 .text.lv_obj_refr_pos
                0x08009c38      0x258 ./Midware/LVGL/src/core/lv_obj_pos.o
                0x08009c38                lv_obj_refr_pos
 .text.lv_obj_is_visible
                0x08009e90       0x3c ./Midware/LVGL/src/core/lv_obj_pos.o
                0x08009e90                lv_obj_is_visible
 .text.lv_obj_set_ext_click_area
                0x08009ecc       0x10 ./Midware/LVGL/src/core/lv_obj_pos.o
                0x08009ecc                lv_obj_set_ext_click_area
 .text.lv_obj_get_click_area
                0x08009edc       0x32 ./Midware/LVGL/src/core/lv_obj_pos.o
                0x08009edc                lv_obj_get_click_area
 .text.lv_obj_hit_test
                0x08009f0e       0x62 ./Midware/LVGL/src/core/lv_obj_pos.o
                0x08009f0e                lv_obj_hit_test
 .text.lv_clamp_width
                0x08009f70       0x66 ./Midware/LVGL/src/core/lv_obj_pos.o
                0x08009f70                lv_clamp_width
 *fill*         0x08009fd6        0x2 
 .text.lv_obj_refr_size
                0x08009fd8      0x53c ./Midware/LVGL/src/core/lv_obj_pos.o
                0x08009fd8                lv_obj_refr_size
 .text.layout_update_core
                0x0800a514       0x7c ./Midware/LVGL/src/core/lv_obj_pos.o
 .text.lv_obj_update_layout
                0x0800a590       0x34 ./Midware/LVGL/src/core/lv_obj_pos.o
                0x0800a590                lv_obj_update_layout
 .text.lv_obj_align_to
                0x0800a5c4      0x3c4 ./Midware/LVGL/src/core/lv_obj_pos.o
                0x0800a5c4                lv_obj_align_to
 .text.lv_obj_get_style_base_dir
                0x0800a988        0xc ./Midware/LVGL/src/core/lv_obj_scroll.o
 .text.scroll_anim_ready_cb
                0x0800a994        0xa ./Midware/LVGL/src/core/lv_obj_scroll.o
 .text.lv_obj_set_scrollbar_mode
                0x0800a99e       0x28 ./Midware/LVGL/src/core/lv_obj_scroll.o
                0x0800a99e                lv_obj_set_scrollbar_mode
 .text.lv_obj_set_scroll_dir
                0x0800a9c6       0x1e ./Midware/LVGL/src/core/lv_obj_scroll.o
                0x0800a9c6                lv_obj_set_scroll_dir
 .text.lv_obj_set_scroll_snap_x
                0x0800a9e4       0x16 ./Midware/LVGL/src/core/lv_obj_scroll.o
                0x0800a9e4                lv_obj_set_scroll_snap_x
 .text.lv_obj_set_scroll_snap_y
                0x0800a9fa       0x16 ./Midware/LVGL/src/core/lv_obj_scroll.o
                0x0800a9fa                lv_obj_set_scroll_snap_y
 .text.lv_obj_get_scrollbar_mode
                0x0800aa10       0x10 ./Midware/LVGL/src/core/lv_obj_scroll.o
                0x0800aa10                lv_obj_get_scrollbar_mode
 .text.lv_obj_get_scroll_dir
                0x0800aa20       0x10 ./Midware/LVGL/src/core/lv_obj_scroll.o
                0x0800aa20                lv_obj_get_scroll_dir
 .text.lv_obj_get_scroll_snap_x
                0x0800aa30        0xc ./Midware/LVGL/src/core/lv_obj_scroll.o
                0x0800aa30                lv_obj_get_scroll_snap_x
 .text.lv_obj_get_scroll_snap_y
                0x0800aa3c        0xc ./Midware/LVGL/src/core/lv_obj_scroll.o
                0x0800aa3c                lv_obj_get_scroll_snap_y
 .text.lv_obj_get_scroll_x
                0x0800aa48        0xc ./Midware/LVGL/src/core/lv_obj_scroll.o
                0x0800aa48                lv_obj_get_scroll_x
 .text.lv_obj_get_scroll_y
                0x0800aa54        0xc ./Midware/LVGL/src/core/lv_obj_scroll.o
                0x0800aa54                lv_obj_get_scroll_y
 .text.lv_obj_get_scroll_top
                0x0800aa60        0x4 ./Midware/LVGL/src/core/lv_obj_scroll.o
                0x0800aa60                lv_obj_get_scroll_top
 .text.lv_obj_get_scroll_bottom
                0x0800aa64       0xa4 ./Midware/LVGL/src/core/lv_obj_scroll.o
                0x0800aa64                lv_obj_get_scroll_bottom
 .text.lv_obj_get_scroll_left
                0x0800ab08       0xd0 ./Midware/LVGL/src/core/lv_obj_scroll.o
                0x0800ab08                lv_obj_get_scroll_left
 .text.lv_obj_get_scroll_right
                0x0800abd8       0xb8 ./Midware/LVGL/src/core/lv_obj_scroll.o
                0x0800abd8                lv_obj_get_scroll_right
 .text.lv_obj_get_scroll_end
                0x0800ac90       0x44 ./Midware/LVGL/src/core/lv_obj_scroll.o
                0x0800ac90                lv_obj_get_scroll_end
 .text._lv_obj_scroll_by_raw
                0x0800acd4       0x44 ./Midware/LVGL/src/core/lv_obj_scroll.o
                0x0800acd4                _lv_obj_scroll_by_raw
 .text.scroll_y_anim
                0x0800ad18       0x18 ./Midware/LVGL/src/core/lv_obj_scroll.o
 .text.scroll_x_anim
                0x0800ad30       0x18 ./Midware/LVGL/src/core/lv_obj_scroll.o
 .text.lv_obj_scroll_by
                0x0800ad48      0x11c ./Midware/LVGL/src/core/lv_obj_scroll.o
                0x0800ad48                lv_obj_scroll_by
 .text.lv_obj_scroll_by_bounded
                0x0800ae64       0xc8 ./Midware/LVGL/src/core/lv_obj_scroll.o
                0x0800ae64                lv_obj_scroll_by_bounded
 .text.lv_obj_scroll_to_x
                0x0800af2c       0x2c ./Midware/LVGL/src/core/lv_obj_scroll.o
                0x0800af2c                lv_obj_scroll_to_x
 .text.lv_obj_scroll_to_y
                0x0800af58       0x2c ./Midware/LVGL/src/core/lv_obj_scroll.o
                0x0800af58                lv_obj_scroll_to_y
 .text.lv_obj_scroll_to
                0x0800af84       0x1c ./Midware/LVGL/src/core/lv_obj_scroll.o
                0x0800af84                lv_obj_scroll_to
 .text.scroll_area_into_view
                0x0800afa0      0x2f4 ./Midware/LVGL/src/core/lv_obj_scroll.o
 .text.lv_obj_scroll_to_view_recursive
                0x0800b294       0x36 ./Midware/LVGL/src/core/lv_obj_scroll.o
                0x0800b294                lv_obj_scroll_to_view_recursive
 .text.lv_obj_get_scrollbar_area
                0x0800b2ca      0x6c6 ./Midware/LVGL/src/core/lv_obj_scroll.o
                0x0800b2ca                lv_obj_get_scrollbar_area
 .text.lv_obj_scrollbar_invalidate
                0x0800b990       0x40 ./Midware/LVGL/src/core/lv_obj_scroll.o
                0x0800b990                lv_obj_scrollbar_invalidate
 .text.lv_obj_readjust_scroll
                0x0800b9d0       0x94 ./Midware/LVGL/src/core/lv_obj_scroll.o
                0x0800b9d0                lv_obj_readjust_scroll
 .text.refresh_children_style
                0x0800ba64       0x3a ./Midware/LVGL/src/core/lv_obj_style.o
 .text.get_local_style
                0x0800ba9e       0xba ./Midware/LVGL/src/core/lv_obj_style.o
 .text.get_trans_style
                0x0800bb58       0x8a ./Midware/LVGL/src/core/lv_obj_style.o
 *fill*         0x0800bbe2        0x2 
 .text.trans_del.isra.0
                0x0800bbe4       0xa4 ./Midware/LVGL/src/core/lv_obj_style.o
 .text._lv_obj_style_init
                0x0800bc88        0xc ./Midware/LVGL/src/core/lv_obj_style.o
                0x0800bc88                _lv_obj_style_init
 .text.lv_obj_enable_style_refresh
                0x0800bc94        0xc ./Midware/LVGL/src/core/lv_obj_style.o
                0x0800bc94                lv_obj_enable_style_refresh
 .text.lv_obj_get_style_prop
                0x0800bca0      0x146 ./Midware/LVGL/src/core/lv_obj_style.o
                0x0800bca0                lv_obj_get_style_prop
 .text.trans_anim_start_cb
                0x0800bde6       0x40 ./Midware/LVGL/src/core/lv_obj_style.o
 *fill*         0x0800be26        0x2 
 .text.lv_obj_refresh_style
                0x0800be28      0x164 ./Midware/LVGL/src/core/lv_obj_style.o
                0x0800be28                lv_obj_refresh_style
 .text.lv_obj_add_style
                0x0800bf8c       0xb6 ./Midware/LVGL/src/core/lv_obj_style.o
                0x0800bf8c                lv_obj_add_style
 .text.report_style_change_core
                0x0800c042       0x52 ./Midware/LVGL/src/core/lv_obj_style.o
 .text.lv_obj_report_style_change
                0x0800c094       0x38 ./Midware/LVGL/src/core/lv_obj_style.o
                0x0800c094                lv_obj_report_style_change
 .text.trans_anim_cb
                0x0800c0cc      0x14c ./Midware/LVGL/src/core/lv_obj_style.o
 .text.lv_obj_remove_style
                0x0800c218      0x10a ./Midware/LVGL/src/core/lv_obj_style.o
                0x0800c218                lv_obj_remove_style
 *fill*         0x0800c322        0x2 
 .text.trans_anim_ready_cb
                0x0800c324       0xa8 ./Midware/LVGL/src/core/lv_obj_style.o
 .text.lv_obj_set_local_style_prop
                0x0800c3cc       0x26 ./Midware/LVGL/src/core/lv_obj_style.o
                0x0800c3cc                lv_obj_set_local_style_prop
 .text.lv_obj_get_local_style_prop
                0x0800c3f2       0x40 ./Midware/LVGL/src/core/lv_obj_style.o
                0x0800c3f2                lv_obj_get_local_style_prop
 .text.lv_obj_remove_local_style_prop
                0x0800c432       0x54 ./Midware/LVGL/src/core/lv_obj_style.o
                0x0800c432                lv_obj_remove_local_style_prop
 *fill*         0x0800c486        0x2 
 .text._lv_obj_style_create_transition
                0x0800c488      0x144 ./Midware/LVGL/src/core/lv_obj_style.o
                0x0800c488                _lv_obj_style_create_transition
 .text._lv_obj_style_apply_color_filter
                0x0800c5cc       0x38 ./Midware/LVGL/src/core/lv_obj_style.o
                0x0800c5cc                _lv_obj_style_apply_color_filter
 .text._lv_obj_style_state_compare
                0x0800c604      0x202 ./Midware/LVGL/src/core/lv_obj_style.o
                0x0800c604                _lv_obj_style_state_compare
 .text.lv_obj_style_get_selector_state
                0x0800c806        0x4 ./Midware/LVGL/src/core/lv_obj_style.o
                0x0800c806                lv_obj_style_get_selector_state
 .text.lv_obj_style_get_selector_part
                0x0800c80a        0x6 ./Midware/LVGL/src/core/lv_obj_style.o
                0x0800c80a                lv_obj_style_get_selector_part
 .text.lv_obj_calculate_style_text_align
                0x0800c810       0x22 ./Midware/LVGL/src/core/lv_obj_style.o
                0x0800c810                lv_obj_calculate_style_text_align
 .text.lv_obj_get_style_opa_recursive
                0x0800c832       0x5a ./Midware/LVGL/src/core/lv_obj_style.o
                0x0800c832                lv_obj_get_style_opa_recursive
 .text.lv_obj_set_style_width
                0x0800c88c        0xa ./Midware/LVGL/src/core/lv_obj_style_gen.o
                0x0800c88c                lv_obj_set_style_width
 .text.lv_obj_set_style_min_width
                0x0800c896        0xa ./Midware/LVGL/src/core/lv_obj_style_gen.o
                0x0800c896                lv_obj_set_style_min_width
 .text.lv_obj_set_style_height
                0x0800c8a0        0xa ./Midware/LVGL/src/core/lv_obj_style_gen.o
                0x0800c8a0                lv_obj_set_style_height
 .text.lv_obj_set_style_x
                0x0800c8aa        0xa ./Midware/LVGL/src/core/lv_obj_style_gen.o
                0x0800c8aa                lv_obj_set_style_x
 .text.lv_obj_set_style_y
                0x0800c8b4        0xa ./Midware/LVGL/src/core/lv_obj_style_gen.o
                0x0800c8b4                lv_obj_set_style_y
 .text.lv_obj_set_style_align
                0x0800c8be        0xa ./Midware/LVGL/src/core/lv_obj_style_gen.o
                0x0800c8be                lv_obj_set_style_align
 .text.lv_obj_set_style_pad_top
                0x0800c8c8        0xa ./Midware/LVGL/src/core/lv_obj_style_gen.o
                0x0800c8c8                lv_obj_set_style_pad_top
 .text.lv_obj_set_style_pad_bottom
                0x0800c8d2        0xa ./Midware/LVGL/src/core/lv_obj_style_gen.o
                0x0800c8d2                lv_obj_set_style_pad_bottom
 .text.lv_obj_set_style_pad_left
                0x0800c8dc        0xa ./Midware/LVGL/src/core/lv_obj_style_gen.o
                0x0800c8dc                lv_obj_set_style_pad_left
 .text.lv_obj_set_style_pad_right
                0x0800c8e6        0xa ./Midware/LVGL/src/core/lv_obj_style_gen.o
                0x0800c8e6                lv_obj_set_style_pad_right
 .text.lv_obj_set_style_bg_color
                0x0800c8f0       0x20 ./Midware/LVGL/src/core/lv_obj_style_gen.o
                0x0800c8f0                lv_obj_set_style_bg_color
 .text.lv_obj_set_style_bg_opa
                0x0800c910        0xa ./Midware/LVGL/src/core/lv_obj_style_gen.o
                0x0800c910                lv_obj_set_style_bg_opa
 .text.lv_obj_set_style_bg_grad_dir
                0x0800c91a        0xa ./Midware/LVGL/src/core/lv_obj_style_gen.o
                0x0800c91a                lv_obj_set_style_bg_grad_dir
 .text.lv_obj_set_style_bg_img_src
                0x0800c924        0xa ./Midware/LVGL/src/core/lv_obj_style_gen.o
                0x0800c924                lv_obj_set_style_bg_img_src
 .text.lv_obj_set_style_border_color
                0x0800c92e       0x20 ./Midware/LVGL/src/core/lv_obj_style_gen.o
                0x0800c92e                lv_obj_set_style_border_color
 .text.lv_obj_set_style_border_opa
                0x0800c94e        0xa ./Midware/LVGL/src/core/lv_obj_style_gen.o
                0x0800c94e                lv_obj_set_style_border_opa
 .text.lv_obj_set_style_border_width
                0x0800c958        0xa ./Midware/LVGL/src/core/lv_obj_style_gen.o
                0x0800c958                lv_obj_set_style_border_width
 .text.lv_obj_set_style_border_side
                0x0800c962        0xa ./Midware/LVGL/src/core/lv_obj_style_gen.o
                0x0800c962                lv_obj_set_style_border_side
 .text.lv_obj_set_style_shadow_width
                0x0800c96c        0xa ./Midware/LVGL/src/core/lv_obj_style_gen.o
                0x0800c96c                lv_obj_set_style_shadow_width
 .text.lv_obj_set_style_text_color
                0x0800c976       0x20 ./Midware/LVGL/src/core/lv_obj_style_gen.o
                0x0800c976                lv_obj_set_style_text_color
 .text.lv_obj_set_style_text_font
                0x0800c996        0xa ./Midware/LVGL/src/core/lv_obj_style_gen.o
                0x0800c996                lv_obj_set_style_text_font
 .text.lv_obj_set_style_text_align
                0x0800c9a0        0xa ./Midware/LVGL/src/core/lv_obj_style_gen.o
                0x0800c9a0                lv_obj_set_style_text_align
 .text.lv_obj_set_style_radius
                0x0800c9aa        0xa ./Midware/LVGL/src/core/lv_obj_style_gen.o
                0x0800c9aa                lv_obj_set_style_radius
 .text.lv_obj_set_style_opa
                0x0800c9b4        0xa ./Midware/LVGL/src/core/lv_obj_style_gen.o
                0x0800c9b4                lv_obj_set_style_opa
 .text.lv_obj_set_style_layout
                0x0800c9be        0xa ./Midware/LVGL/src/core/lv_obj_style_gen.o
                0x0800c9be                lv_obj_set_style_layout
 .text.lv_obj_set_style_base_dir
                0x0800c9c8        0xa ./Midware/LVGL/src/core/lv_obj_style_gen.o
                0x0800c9c8                lv_obj_set_style_base_dir
 .text.lv_obj_get_screen
                0x0800c9d2       0x10 ./Midware/LVGL/src/core/lv_obj_tree.o
                0x0800c9d2                lv_obj_get_screen
 *fill*         0x0800c9e2        0x2 
 .text.lv_obj_get_disp
                0x0800c9e4       0x3c ./Midware/LVGL/src/core/lv_obj_tree.o
                0x0800c9e4                lv_obj_get_disp
 .text.lv_obj_get_parent
                0x0800ca20        0x6 ./Midware/LVGL/src/core/lv_obj_tree.o
                0x0800ca20                lv_obj_get_parent
 .text.lv_obj_get_child
                0x0800ca26       0x1e ./Midware/LVGL/src/core/lv_obj_tree.o