../Midware/FreeRTOS/portable/port.c:234:13:prvTaskExitError	8	static,ignoring_inline_asm
../Midware/FreeRTOS/portable/port.c:278:13:prvPortStartFirstTask	0	static,ignoring_inline_asm
../Midware/FreeRTOS/portable/port.c:834:13:vPortEnableVFP	0	static,ignoring_inline_asm
../Midware/FreeRTOS/portable/port.c:202:15:pxPortInitialiseStack	0	static
../Midware/FreeRTOS/portable/port.c:260:6:SVC_Handler	0	static,ignoring_inline_asm
../Midware/FreeRTOS/portable/port.c:467:6:vPortEndScheduler	0	static
../Midware/FreeRTOS/portable/port.c:475:6:vPortEnterCritical	0	static,ignoring_inline_asm
../Midware/FreeRTOS/portable/port.c:492:6:vPortExitCritical	0	static,ignoring_inline_asm
../Midware/FreeRTOS/portable/port.c:504:6:PendSV_Handler	0	static,ignoring_inline_asm
../Midware/FreeRTOS/portable/port.c:560:6:SysTick_Handler	8	static,ignoring_inline_asm
../Midware/FreeRTOS/portable/port.c:812:32:vPortSetupTimerInterrupt	0	static
../Midware/FreeRTOS/portable/port.c:305:12:xPortStartScheduler	16	static
