../Midware/FreeRTOS/event_groups.c:86:28:xEventGroupCreateStatic	8	static
../Midware/FreeRTOS/event_groups.c:145:28:xEventGroupCreate	16	static
../Midware/FreeRTOS/event_groups.c:312:17:xEventGroupWaitBits	32	static,ignoring_inline_asm
../Midware/FreeRTOS/event_groups.c:472:17:xEventGroupClearBits	16	static
../Midware/FreeRTOS/event_groups.c:524:17:xEventGroupGetBitsFromISR	0	static,ignoring_inline_asm
../Midware/FreeRTOS/event_groups.c:547:17:xEventGroupSetBits	24	static
../Midware/FreeRTOS/event_groups.c:185:17:xEventGroupSync	24	static,ignoring_inline_asm
../Midware/FreeRTOS/event_groups.c:650:10:vEventGroupDelete	8	static
../Midware/FreeRTOS/event_groups.c:701:20:xEventGroupGetStaticBuffer	0	static
../Midware/FreeRTOS/event_groups.c:748:10:vEventGroupSetBitsCallback	0	static
../Midware/FreeRTOS/event_groups.c:764:10:vEventGroupClearBitsCallback	0	static
../Midware/FreeRTOS/event_groups.c:838:21:uxEventGroupGetNumber	0	static
../Midware/FreeRTOS/event_groups.c:868:14:vEventGroupSetNumber	0	static
