../Midware/FreeRTOS/queue.c:2624:19:prvIsQueueEmpty	8	static
../Midware/FreeRTOS/queue.c:2400:19:prvCopyDataToQueue	16	static
../Midware/FreeRTOS/queue.c:2483:13:prvCopyDataFromQueue	4	static
../Midware/FreeRTOS/queue.c:2504:13:prvUnlockQueue	16	static
../Midware/FreeRTOS/queue.c:303:12:xQueueGenericReset	16	static,ignoring_inline_asm
../Midware/FreeRTOS/queue.c:376:19:xQueueGenericCreateStatic	16	static
../Midware/FreeRTOS/queue.c:446:16:xQueueGenericGetStaticBuffers	0	static
../Midware/FreeRTOS/queue.c:502:19:xQueueGenericCreate	24	static
../Midware/FreeRTOS/queue.c:872:19:xQueueCreateCountingSemaphoreStatic	16	static
../Midware/FreeRTOS/queue.c:912:19:xQueueCreateCountingSemaphore	8	static
../Midware/FreeRTOS/queue.c:949:12:xQueueGenericSend	40	static,ignoring_inline_asm
../Midware/FreeRTOS/queue.c:667:19:xQueueCreateMutexStatic	16	static
../Midware/FreeRTOS/queue.c:759:16:xQueueGiveMutexRecursive	16	static
../Midware/FreeRTOS/queue.c:647:19:xQueueCreateMutex	8	static
../Midware/FreeRTOS/queue.c:1167:12:xQueueGenericSendFromISR	24	static,ignoring_inline_asm
../Midware/FreeRTOS/queue.c:1339:12:xQueueGiveFromISR	24	static,ignoring_inline_asm
../Midware/FreeRTOS/queue.c:1512:12:xQueueReceive	40	static,ignoring_inline_asm
../Midware/FreeRTOS/queue.c:1662:12:xQueueSemaphoreTake	40	static,ignoring_inline_asm
../Midware/FreeRTOS/queue.c:818:16:xQueueTakeMutexRecursive	16	static
../Midware/FreeRTOS/queue.c:1887:12:xQueuePeek	40	static,ignoring_inline_asm
../Midware/FreeRTOS/queue.c:2045:12:xQueueReceiveFromISR	24	static,ignoring_inline_asm
../Midware/FreeRTOS/queue.c:2145:12:xQueuePeekFromISR	16	static,ignoring_inline_asm
../Midware/FreeRTOS/queue.c:2207:13:uxQueueMessagesWaiting	8	static
../Midware/FreeRTOS/queue.c:2227:13:uxQueueSpacesAvailable	8	static
../Midware/FreeRTOS/queue.c:2248:13:uxQueueMessagesWaitingFromISR	0	static
../Midware/FreeRTOS/queue.c:2312:17:uxQueueGetQueueNumber	0	static
../Midware/FreeRTOS/queue.c:2326:10:vQueueSetQueueNumber	0	static
../Midware/FreeRTOS/queue.c:2341:13:ucQueueGetQueueType	0	static
../Midware/FreeRTOS/queue.c:2353:13:uxQueueGetQueueItemSize	0	static
../Midware/FreeRTOS/queue.c:2363:13:uxQueueGetQueueLength	0	static
../Midware/FreeRTOS/queue.c:2645:12:xQueueIsQueueEmptyFromISR	0	static
../Midware/FreeRTOS/queue.c:2690:12:xQueueIsQueueFullFromISR	0	static
../Midware/FreeRTOS/queue.c:3019:10:vQueueAddToRegistry	16	static
../Midware/FreeRTOS/queue.c:3070:18:pcQueueGetName	0	static
../Midware/FreeRTOS/queue.c:3105:10:vQueueUnregisterQueue	8	static
../Midware/FreeRTOS/queue.c:2264:6:vQueueDelete	8	static
../Midware/FreeRTOS/queue.c:3142:10:vQueueWaitForMessageRestricted	16	static
