../Midware/FreeRTOS/tasks.c:5801:8:prvIdleTask	0	static,ignoring_inline_asm
../Midware/FreeRTOS/tasks.c:2041:17:prvAddNewTaskToReadyList	24	static,ignoring_inline_asm
../Midware/FreeRTOS/tasks.c:8579:13:prvAddCurrentTaskToDelayedList	32	static
../Midware/FreeRTOS/tasks.c:3312:23:prvTaskIsTaskSuspended	0	static
../Midware/FreeRTOS/tasks.c:6515:13:prvResetNextTaskUnblockTime	0	static
../Midware/FreeRTOS/tasks.c:1815:13:prvInitialiseNewTask.constprop	32	static
../Midware/FreeRTOS/tasks.c:1331:18:xTaskCreateStatic	56	static
../Midware/FreeRTOS/tasks.c:1740:16:xTaskCreate	48	static
../Midware/FreeRTOS/tasks.c:2508:16:eTaskGetState	24	static
../Midware/FreeRTOS/tasks.c:3382:10:vTaskResume	24	static,ignoring_inline_asm
../Midware/FreeRTOS/tasks.c:3443:16:xTaskResumeFromISR	24	static,ignoring_inline_asm
../Midware/FreeRTOS/tasks.c:3689:6:vTaskStartScheduler	64	static,ignoring_inline_asm
../Midware/FreeRTOS/tasks.c:3794:6:vTaskEndScheduler	0	static,ignoring_inline_asm
../Midware/FreeRTOS/tasks.c:3837:6:vTaskSuspendAll	0	static,ignoring_inline_asm
../Midware/FreeRTOS/tasks.c:4160:12:xTaskGetTickCount	0	static
../Midware/FreeRTOS/tasks.c:4179:12:xTaskGetTickCountFromISR	0	static
../Midware/FreeRTOS/tasks.c:4214:13:uxTaskGetNumberOfTasks	0	static
../Midware/FreeRTOS/tasks.c:4226:8:pcTaskGetName	0	static
../Midware/FreeRTOS/tasks.c:4385:16:xTaskGetStaticBuffers	0	static
../Midware/FreeRTOS/tasks.c:4725:12:xTaskIncrementTick	40	static
../Midware/FreeRTOS/tasks.c:4011:12:xTaskResumeAll	40	static,ignoring_inline_asm
../Midware/FreeRTOS/tasks.c:2366:16:xTaskDelayUntil	8	static,ignoring_inline_asm
../Midware/FreeRTOS/tasks.c:2458:10:vTaskDelay	8	static,ignoring_inline_asm
../Midware/FreeRTOS/tasks.c:4601:12:xTaskCatchUpTicks	8	static
../Midware/FreeRTOS/tasks.c:5109:10:vTaskSwitchContext	16	static
../Midware/FreeRTOS/tasks.c:3149:10:vTaskSuspend	16	static,ignoring_inline_asm
../Midware/FreeRTOS/tasks.c:5296:6:vTaskPlaceOnEventList	8	static
../Midware/FreeRTOS/tasks.c:5325:6:vTaskPlaceOnUnorderedEventList	12	static
../Midware/FreeRTOS/tasks.c:5357:10:vTaskPlaceOnEventListRestricted	12	static
../Midware/FreeRTOS/tasks.c:5394:12:xTaskRemoveFromEventList	20	static
../Midware/FreeRTOS/tasks.c:5487:6:vTaskRemoveFromUnorderedEventList	20	static
../Midware/FreeRTOS/tasks.c:5559:6:vTaskSetTimeOutState	8	static
../Midware/FreeRTOS/tasks.c:5575:6:vTaskInternalSetTimeOutState	0	static
../Midware/FreeRTOS/tasks.c:5587:12:xTaskCheckForTimeOut	16	static
../Midware/FreeRTOS/tasks.c:5656:6:vTaskMissedYield	0	static
../Midware/FreeRTOS/tasks.c:5669:17:uxTaskGetTaskNumber	0	static
../Midware/FreeRTOS/tasks.c:5696:10:vTaskSetTaskNumber	0	static
../Midware/FreeRTOS/tasks.c:6177:10:vTaskGetInfo	16	static
../Midware/FreeRTOS/tasks.c:6325:24:prvListTasksWithinSingleList	32	static
../Midware/FreeRTOS/tasks.c:4440:17:uxTaskGetSystemState	32	static
../Midware/FreeRTOS/tasks.c:6539:22:xTaskGetCurrentTaskHandle	0	static
../Midware/FreeRTOS/tasks.c:6574:18:xTaskGetCurrentTaskHandleForCore	0	static
../Midware/FreeRTOS/tasks.c:6599:16:xTaskGetSchedulerState	0	static
../Midware/FreeRTOS/tasks.c:6639:16:xTaskPriorityInherit	24	static
../Midware/FreeRTOS/tasks.c:6742:16:xTaskPriorityDisinherit	16	static
../Midware/FreeRTOS/tasks.c:6836:10:vTaskPriorityDisinheritAfterTimeout	16	static
../Midware/FreeRTOS/tasks.c:7646:12:uxTaskResetEventItemValue	0	static
../Midware/FreeRTOS/tasks.c:7666:18:pvTaskIncrementMutexHeldCount	0	static
../Midware/FreeRTOS/tasks.c:7691:14:ulTaskGenericNotifyTake	32	static,ignoring_inline_asm
../Midware/FreeRTOS/tasks.c:7793:16:xTaskGenericNotifyWait	32	static,ignoring_inline_asm
../Midware/FreeRTOS/tasks.c:7907:16:xTaskGenericNotify	24	static,ignoring_inline_asm
../Midware/FreeRTOS/tasks.c:8027:16:xTaskGenericNotifyFromISR	20	static,ignoring_inline_asm
../Midware/FreeRTOS/tasks.c:8209:10:vTaskGenericNotifyGiveFromISR	20	static,ignoring_inline_asm
../Midware/FreeRTOS/tasks.c:8341:16:xTaskGenericNotifyStateClear	16	static
../Midware/FreeRTOS/tasks.c:8380:14:ulTaskGenericNotifyValueClear	16	static
../Midware/FreeRTOS/tasks.c:8810:6:vTaskResetState	0	static
