../Midware/FreeRTOS/timers.c:890:23:prvInsertTimerInActiveList	8	static
../Midware/FreeRTOS/timers.c:695:17:prvReloadTimer	16	static
../Midware/FreeRTOS/timers.c:714:17:prvProcessExpiredTimer	16	static
../Midware/FreeRTOS/timers.c:867:23:prvSampleTimeNow	24	static
../Midware/FreeRTOS/timers.c:744:12:prvTimerTask	48	static,ignoring_inline_asm
../Midware/FreeRTOS/timers.c:1114:17:prvCheckForValidListAndQueue	32	static
../Midware/FreeRTOS/timers.c:237:16:xTimerCreateTimerTask	40	static
../Midware/FreeRTOS/timers.c:336:23:xTimerCreate	24	static
../Midware/FreeRTOS/timers.c:370:23:xTimerCreateStatic	24	static
../Midware/FreeRTOS/timers.c:448:16:xTimerGenericCommandFromTask	24	static
../Midware/FreeRTOS/timers.c:497:16:xTimerGenericCommandFromISR	32	static
../Midware/FreeRTOS/timers.c:539:18:xTimerGetTimerDaemonTaskHandle	0	static
../Midware/FreeRTOS/timers.c:553:16:xTimerGetPeriod	0	static
../Midware/FreeRTOS/timers.c:567:10:vTimerSetReloadMode	16	static
../Midware/FreeRTOS/timers.c:592:16:xTimerGetReloadMode	8	static
../Midware/FreeRTOS/timers.c:620:17:uxTimerGetReloadMode	0	static
../Midware/FreeRTOS/timers.c:634:16:xTimerGetExpiryTime	0	static
../Midware/FreeRTOS/timers.c:651:20:xTimerGetStaticBuffer	0	static
../Midware/FreeRTOS/timers.c:681:18:pcTimerGetName	0	static
../Midware/FreeRTOS/timers.c:1165:16:xTimerIsTimerActive	8	static
../Midware/FreeRTOS/timers.c:1194:12:pvTimerGetTimerID	8	static
../Midware/FreeRTOS/timers.c:1215:10:vTimerSetTimerID	16	static
../Midware/FreeRTOS/timers.c:1301:21:uxTimerGetTimerNumber	0	static
../Midware/FreeRTOS/timers.c:1315:14:vTimerSetTimerNumber	0	static
../Midware/FreeRTOS/timers.c:1333:10:vTimerResetState	0	static
