../Midware/LVGL/src/extra/widgets/analogclock/lv_analogclock.c:376:13:lv_analogclock_destructor	8	static
../Midware/LVGL/src/extra/widgets/analogclock/lv_analogclock.c:736:13:inv_arc	80	static
../Midware/LVGL/src/extra/widgets/analogclock/lv_analogclock.c:762:13:inv_line	80	static
../Midware/LVGL/src/extra/widgets/analogclock/lv_analogclock.c:386:13:lv_analogclock_event	408	static
../Midware/LVGL/src/extra/widgets/analogclock/lv_analogclock.c:60:12:lv_analogclock_create	8	static
../Midware/LVGL/src/extra/widgets/analogclock/lv_analogclock.c:72:26:lv_analogclock_add_scale	8	static
../Midware/LVGL/src/extra/widgets/analogclock/lv_analogclock.c:361:13:lv_analogclock_constructor	8	static
../Midware/LVGL/src/extra/widgets/analogclock/lv_analogclock.c:111:6:lv_analogclock_set_ticks	4	static
../Midware/LVGL/src/extra/widgets/analogclock/lv_analogclock.c:121:6:lv_analogclock_set_major_ticks	8	static
../Midware/LVGL/src/extra/widgets/analogclock/lv_analogclock.c:132:6:lv_analogclock_set_scale_range	0	static
../Midware/LVGL/src/extra/widgets/analogclock/lv_analogclock.c:167:30:lv_analogclock_add_needle_line	24	static
../Midware/LVGL/src/extra/widgets/analogclock/lv_analogclock.c:146:6:lv_analogclock_set_hour_needle_line	16	static
../Midware/LVGL/src/extra/widgets/analogclock/lv_analogclock.c:153:6:lv_analogclock_set_min_needle_line	16	static
../Midware/LVGL/src/extra/widgets/analogclock/lv_analogclock.c:160:6:lv_analogclock_set_sec_needle_line	16	static
../Midware/LVGL/src/extra/widgets/analogclock/lv_analogclock.c:209:30:lv_analogclock_add_needle_img	24	static
../Midware/LVGL/src/extra/widgets/analogclock/lv_analogclock.c:188:6:lv_analogclock_set_hour_needle_img	16	static
../Midware/LVGL/src/extra/widgets/analogclock/lv_analogclock.c:195:6:lv_analogclock_set_min_needle_img	16	static
../Midware/LVGL/src/extra/widgets/analogclock/lv_analogclock.c:202:6:lv_analogclock_set_sec_needle_img	16	static
../Midware/LVGL/src/extra/widgets/analogclock/lv_analogclock.c:230:30:lv_analogclock_add_arc	24	static
../Midware/LVGL/src/extra/widgets/analogclock/lv_analogclock.c:250:30:lv_analogclock_add_scale_lines	24	static
../Midware/LVGL/src/extra/widgets/analogclock/lv_analogclock.c:274:6:lv_analogclock_hide_digits	0	static
../Midware/LVGL/src/extra/widgets/analogclock/lv_analogclock.c:281:6:lv_analogclock_hide_point	0	static
../Midware/LVGL/src/extra/widgets/analogclock/lv_analogclock.c:291:6:lv_analogclock_set_indicator_value	24	static
../Midware/LVGL/src/extra/widgets/analogclock/lv_analogclock.c:313:6:lv_analogclock_set_indicator_start_value	16	static
../Midware/LVGL/src/extra/widgets/analogclock/lv_analogclock.c:331:6:lv_analogclock_set_indicator_end_value	16	static
../Midware/LVGL/src/extra/widgets/analogclock/lv_analogclock.c:349:6:lv_analogclock_set_time	16	static
