../Midware/LVGL/src/core/lv_obj.c:421:13:lv_obj_constructor	24	static
../Midware/LVGL/src/core/lv_obj.c:882:13:lv_obj_set_state	88	static
../Midware/LVGL/src/core/lv_obj.c:955:13:obj_valid_child.isra	24	static
../Midware/LVGL/src/core/lv_obj.c:485:13:lv_obj_draw	176	static
../Midware/LVGL/src/core/lv_obj.c:93:6:lv_is_initialized	0	static
../Midware/LVGL/src/core/lv_obj.c:98:6:lv_init	8	static
../Midware/LVGL/src/core/lv_obj.c:197:6:lv_deinit	8	static
../Midware/LVGL/src/core/lv_obj.c:215:12:lv_obj_create	8	static
../Midware/LVGL/src/core/lv_obj.c:268:6:lv_obj_clear_flag	32	static
../Midware/LVGL/src/core/lv_obj.c:296:6:lv_obj_add_state	0	static
../Midware/LVGL/src/core/lv_obj.c:306:6:lv_obj_clear_state	0	static
../Midware/LVGL/src/core/lv_obj.c:320:6:lv_obj_has_flag	0	static
../Midware/LVGL/src/core/lv_obj.c:327:6:lv_obj_has_flag_any	0	static
../Midware/LVGL/src/core/lv_obj.c:334:12:lv_obj_get_state	0	static
../Midware/LVGL/src/core/lv_obj.c:341:6:lv_obj_has_state	0	static
../Midware/LVGL/src/core/lv_obj.c:348:8:lv_obj_get_group	0	static
../Midware/LVGL/src/core/lv_obj.c:727:13:lv_obj_event	40	static
../Midware/LVGL/src/core/lv_obj.c:452:13:lv_obj_destructor	8	static
../Midware/LVGL/src/core/lv_obj.c:231:6:lv_obj_add_flag	40	static
../Midware/LVGL/src/core/lv_obj.c:360:6:lv_obj_allocate_spec_attr	8	static
../Midware/LVGL/src/core/lv_obj.c:378:6:lv_obj_check_type	0	static
../Midware/LVGL/src/core/lv_obj.c:384:6:lv_obj_has_class	0	static
../Midware/LVGL/src/core/lv_obj.c:395:24:lv_obj_get_class	0	static
../Midware/LVGL/src/core/lv_obj.c:400:6:lv_obj_is_valid	16	static
