../Midware/TinyUSB/src/portable/synopsys/dwc2/dcd_dwc2.c:179:13:dfifo_alloc	16	static,ignoring_inline_asm
../Midware/TinyUSB/src/portable/synopsys/dwc2/dcd_dwc2.c:227:13:dfifo_device_init	0	static
../Midware/TinyUSB/src/portable/synopsys/dwc2/dcd_dwc2.c:248:13:edpt_activate	16	static
../Midware/TinyUSB/src/portable/synopsys/dwc2/dcd_dwc2.c:274:13:edpt_disable	12	static
../Midware/TinyUSB/src/portable/synopsys/dwc2/dcd_dwc2.c:324:13:edpt_schedule_packets	20	static
../Midware/TinyUSB/src/portable/synopsys/dwc2/dcd_dwc2.c:930:13:handle_ep_irq	88	static
../Midware/TinyUSB/src/portable/synopsys/dwc2/dcd_dwc2.c:436:6:dcd_int_enable	0	static,ignoring_inline_asm
../Midware/TinyUSB/src/portable/synopsys/dwc2/dcd_dwc2.c:440:6:dcd_int_disable	0	static,ignoring_inline_asm
../Midware/TinyUSB/src/portable/synopsys/dwc2/dcd_dwc2.c:452:6:dcd_remote_wakeup	0	static,ignoring_inline_asm
../Midware/TinyUSB/src/portable/synopsys/dwc2/dcd_dwc2.c:470:6:dcd_connect	0	static
../Midware/TinyUSB/src/portable/synopsys/dwc2/dcd_dwc2.c:487:6:dcd_disconnect	0	static
../Midware/TinyUSB/src/portable/synopsys/dwc2/dcd_dwc2.c:385:6:dcd_init	24	static,ignoring_inline_asm
../Midware/TinyUSB/src/portable/synopsys/dwc2/dcd_dwc2.c:505:6:dcd_sof_enable	0	static
../Midware/TinyUSB/src/portable/synopsys/dwc2/dcd_dwc2.c:523:6:dcd_edpt_open	16	static,ignoring_inline_asm
../Midware/TinyUSB/src/portable/synopsys/dwc2/dcd_dwc2.c:530:6:dcd_edpt_close_all	16	static
../Midware/TinyUSB/src/portable/synopsys/dwc2/dcd_dwc2.c:555:6:dcd_edpt_iso_alloc	8	static,ignoring_inline_asm
../Midware/TinyUSB/src/portable/synopsys/dwc2/dcd_dwc2.c:560:6:dcd_edpt_iso_activate	16	static
../Midware/TinyUSB/src/portable/synopsys/dwc2/dcd_dwc2.c:567:6:dcd_edpt_xfer	24	static
../Midware/TinyUSB/src/portable/synopsys/dwc2/dcd_dwc2.c:444:6:dcd_set_address	0	static
../Midware/TinyUSB/src/portable/synopsys/dwc2/dcd_dwc2.c:591:6:dcd_edpt_xfer_fifo	24	static,ignoring_inline_asm
../Midware/TinyUSB/src/portable/synopsys/dwc2/dcd_dwc2.c:610:6:dcd_edpt_stall	16	static
../Midware/TinyUSB/src/portable/synopsys/dwc2/dcd_dwc2.c:618:6:dcd_edpt_clear_stall	0	static
../Midware/TinyUSB/src/portable/synopsys/dwc2/dcd_dwc2.c:984:6:dcd_int_handler	56	static
