../Protocol/Soft_I2C.c:22:6:Delay_us	0	static
../Protocol/Soft_I2C.c:4:6:Soft_I2C1_Init	40	static
../Protocol/Soft_I2C.c:29:6:I2C1_Start	8	static
../Protocol/Soft_I2C.c:37:6:I2C1_Stop	16	static
../Protocol/Soft_I2C.c:45:9:I2C1_Wait_ACK	16	static
../Protocol/Soft_I2C.c:59:6:I2C1_SEND_ACK	16	static
../Protocol/Soft_I2C.c:66:6:I2C1_SEND_NACK	16	static
../Protocol/Soft_I2C.c:73:6:I2C1_WriteByte	32	static
../Protocol/Soft_I2C.c:91:9:I2C1_ReadByte	32	static
../Protocol/Soft_I2C.c:109:6:Soft_I2C1_Mem_Write	24	static
../Protocol/Soft_I2C.c:122:6:Soft_I2C1_Mem_Read	24	static
../Protocol/Soft_I2C.c:143:6:Soft_I2C1_Write	16	static
../Protocol/Soft_I2C.c:155:6:Soft_I2C1_Read	24	static
../Protocol/Soft_I2C.c:176:6:Soft_I2C2_Init	32	static
../Protocol/Soft_I2C.c:188:6:I2C2_Start	24	static
../Protocol/Soft_I2C.c:196:6:I2C2_Stop	24	static
../Protocol/Soft_I2C.c:204:9:I2C2_Wait_ACK	24	static
../Protocol/Soft_I2C.c:220:6:I2C2_SEND_ACK	24	static
../Protocol/Soft_I2C.c:228:6:I2C2_SEND_NACK	24	static
../Protocol/Soft_I2C.c:236:6:I2C2_WriteByte	48	static
../Protocol/Soft_I2C.c:255:9:I2C2_ReadByte	40	static
../Protocol/Soft_I2C.c:272:6:Soft_I2C2_Mem_Write	24	static
../Protocol/Soft_I2C.c:285:6:Soft_I2C2_Mem_Read	24	static
../Protocol/Soft_I2C.c:307:6:Soft_I2C2_Write	16	static
../Protocol/Soft_I2C.c:319:6:Soft_I2C2_Read	24	static
