../Protocol/Soft_I2C.c:4:6:Soft_I2C1_Init	32	static
../Protocol/Soft_I2C.c:16:6:I2C1_Start	8	static
../Protocol/Soft_I2C.c:24:6:I2C1_Stop	8	static
../Protocol/Soft_I2C.c:32:9:I2C1_Wait_ACK	8	static
../Protocol/Soft_I2C.c:48:6:I2C1_SEND_ACK	8	static
../Protocol/Soft_I2C.c:56:6:I2C1_SEND_NACK	8	static
../Protocol/Soft_I2C.c:64:6:I2C1_WriteByte	24	static
../Protocol/Soft_I2C.c:83:9:I2C1_ReadByte	24	static
../Protocol/Soft_I2C.c:100:6:Soft_I2C1_Mem_Write	24	static
../Protocol/Soft_I2C.c:113:6:Soft_I2C1_Mem_Read	24	static
../Protocol/Soft_I2C.c:135:6:Soft_I2C1_Write	16	static
../Protocol/Soft_I2C.c:147:6:Soft_I2C1_Read	24	static
../Protocol/Soft_I2C.c:169:6:Soft_I2C2_Init	32	static
../Protocol/Soft_I2C.c:181:6:I2C2_Start	8	static
../Protocol/Soft_I2C.c:189:6:I2C2_Stop	8	static
../Protocol/Soft_I2C.c:197:9:I2C2_Wait_ACK	8	static
../Protocol/Soft_I2C.c:213:6:I2C2_SEND_ACK	8	static
../Protocol/Soft_I2C.c:221:6:I2C2_SEND_NACK	8	static
../Protocol/Soft_I2C.c:229:6:I2C2_WriteByte	24	static
../Protocol/Soft_I2C.c:248:9:I2C2_ReadByte	24	static
../Protocol/Soft_I2C.c:265:6:Soft_I2C2_Mem_Write	24	static
../Protocol/Soft_I2C.c:278:6:Soft_I2C2_Mem_Read	24	static
../Protocol/Soft_I2C.c:300:6:Soft_I2C2_Write	16	static
../Protocol/Soft_I2C.c:312:6:Soft_I2C2_Read	24	static
