../Protocol/Soft_I2C.c:20:6:Delay_us	8	static
../Protocol/Soft_I2C.c:4:6:Soft_I2C1_Init	40	static
../Protocol/Soft_I2C.c:37:6:I2C1_Start	16	static
../Protocol/Soft_I2C.c:45:6:I2C1_Stop	16	static
../Protocol/Soft_I2C.c:53:9:I2C1_Wait_ACK	16	static
../Protocol/Soft_I2C.c:67:6:I2C1_SEND_ACK	16	static
../Protocol/Soft_I2C.c:74:6:I2C1_SEND_NACK	16	static
../Protocol/Soft_I2C.c:81:6:I2C1_WriteByte	24	static
../Protocol/Soft_I2C.c:99:9:I2C1_ReadByte	32	static
../Protocol/Soft_I2C.c:117:6:Soft_I2C1_Mem_Write	24	static
../Protocol/Soft_I2C.c:130:6:Soft_I2C1_Mem_Read	24	static
../Protocol/Soft_I2C.c:151:6:Soft_I2C1_Write	16	static
../Protocol/Soft_I2C.c:163:6:Soft_I2C1_Read	24	static
