../Midware/LVGL/src/extra/widgets/animimg/lv_animimg.c:154:13:lv_animimg_constructor	16	static
../Midware/LVGL/src/extra/widgets/animimg/lv_animimg.c:172:13:index_change	0	static
../Midware/LVGL/src/extra/widgets/animimg/lv_animimg.c:63:12:lv_animimg_create	8	static
../Midware/LVGL/src/extra/widgets/animimg/lv_animimg.c:71:6:lv_animimg_set_src	8	static
../Midware/LVGL/src/extra/widgets/animimg/lv_animimg.c:85:6:lv_animimg_start	0	static
../Midware/LVGL/src/extra/widgets/animimg/lv_animimg.c:92:6:lv_animimg_del	0	static
../Midware/LVGL/src/extra/widgets/animimg/lv_animimg.c:104:6:lv_animimg_set_duration	0	static
../Midware/LVGL/src/extra/widgets/animimg/lv_animimg.c:111:6:lv_animimg_set_repeat_count	0	static
../Midware/LVGL/src/extra/widgets/animimg/lv_animimg.c:118:6:lv_animimg_set_playback_time	0	static
../Midware/LVGL/src/extra/widgets/animimg/lv_animimg.c:125:6:lv_animimg_set_playback_delay	0	static
../Midware/LVGL/src/extra/widgets/animimg/lv_animimg.c:132:6:lv_animimg_set_start_cb	0	static
../Midware/LVGL/src/extra/widgets/animimg/lv_animimg.c:139:6:lv_animimg_set_ready_cb	0	static
