../Midware/LVGL/src/widgets/lv_btnmatrix.c:401:13:lv_btnmatrix_destructor	8	static
../Midware/LVGL/src/widgets/../core/lv_obj_style_gen.h:133:26:lv_obj_get_style_pad_column.constprop	8	static
../Midware/LVGL/src/widgets/lv_btnmatrix.c:93:6:lv_btnmatrix_set_map.part.0	112	static
../Midware/LVGL/src/widgets/lv_btnmatrix.c:383:13:lv_btnmatrix_constructor	0	static
../Midware/LVGL/src/widgets/lv_btnmatrix.c:694:13:draw_main	360	static
../Midware/LVGL/src/widgets/lv_btnmatrix.c:964:17:get_button_from_point	80	static
../Midware/LVGL/src/widgets/lv_btnmatrix.c:1017:13:invalidate_button_area	40	static
../Midware/LVGL/src/widgets/lv_btnmatrix.c:81:12:lv_btnmatrix_create	8	static
../Midware/LVGL/src/widgets/lv_btnmatrix.c:93:6:lv_btnmatrix_set_map	0	static
../Midware/LVGL/src/widgets/lv_btnmatrix.c:193:6:lv_btnmatrix_set_ctrl_map	8	static
../Midware/LVGL/src/widgets/lv_btnmatrix.c:203:6:lv_btnmatrix_set_selected_btn	16	static
../Midware/LVGL/src/widgets/lv_btnmatrix.c:249:6:lv_btnmatrix_clear_btn_ctrl	16	static
../Midware/LVGL/src/widgets/lv_btnmatrix.c:281:6:lv_btnmatrix_clear_btn_ctrl_all	16	static
../Midware/LVGL/src/widgets/lv_btnmatrix.c:216:6:lv_btnmatrix_set_btn_ctrl	16	static
../Midware/LVGL/src/widgets/lv_btnmatrix.c:270:6:lv_btnmatrix_set_btn_ctrl_all	16	static
../Midware/LVGL/src/widgets/lv_btnmatrix.c:292:6:lv_btnmatrix_set_btn_width	8	static
../Midware/LVGL/src/widgets/lv_btnmatrix.c:319:15:lv_btnmatrix_get_map	0	static
../Midware/LVGL/src/widgets/lv_btnmatrix.c:327:10:lv_btnmatrix_get_selected_btn	0	static
../Midware/LVGL/src/widgets/lv_btnmatrix.c:335:14:lv_btnmatrix_get_btn_text	32	static
../Midware/LVGL/src/widgets/lv_btnmatrix.c:360:6:lv_btnmatrix_has_btn_ctrl	0	static
../Midware/LVGL/src/widgets/lv_btnmatrix.c:1060:13:make_one_button_checked	16	static
../Midware/LVGL/src/widgets/lv_btnmatrix.c:413:13:lv_btnmatrix_event	40	static
../Midware/LVGL/src/widgets/lv_btnmatrix.c:304:6:lv_btnmatrix_set_one_checked	0	static
../Midware/LVGL/src/widgets/lv_btnmatrix.c:370:6:lv_btnmatrix_get_one_checked	0	static
