../Midware/LwIP/ethernetif.c:561:9:ETH_PHY_IO_DeInit	0	static
../Midware/LwIP/ethernetif.c:247:14:low_level_output	64	static
../Midware/LwIP/ethernetif.c:416:6:pbuf_free_custom	8	static
../Midware/LwIP/ethernetif.c:604:9:ETH_PHY_IO_GetTick	0	static
../Midware/LwIP/ethernetif.c:544:9:ETH_PHY_IO_Init	8	static
../Midware/LwIP/ethernetif.c:573:9:ETH_PHY_IO_ReadReg	8	static
../Midware/LwIP/ethernetif.c:590:9:ETH_PHY_IO_WriteReg	8	static
../Midware/LwIP/ethernetif.c:315:6:ethernetif_input	32	static
../Midware/LwIP/ethernetif.c:438:7:sys_now	0	static
../Midware/LwIP/ethernetif.c:613:6:ethernet_link_check_state	120	static
../Midware/LwIP/ethernetif.c:365:7:ethernetif_init	32	static
../Midware/LwIP/ethernetif.c:670:6:HAL_ETH_RxAllocateCallback	16	static
../Midware/LwIP/ethernetif.c:692:6:HAL_ETH_RxLinkCallback	12	static
../Midware/LwIP/ethernetif.c:729:6:HAL_ETH_TxFreeCallback	0	static
