../Hardware/TOUCH/ctiic.c:10:6:delay_init	8	static
../Hardware/TOUCH/ctiic.c:17:6:delay_us	16	static
../Hardware/TOUCH/ctiic.c:38:6:delay_ms	16	static
../Hardware/TOUCH/ctiic.c:47:6:CT_Delay	0	static
../Hardware/TOUCH/ctiic.c:52:6:CT_IIC_Init	32	static
../Hardware/TOUCH/ctiic.c:73:6:CT_IIC_Start	16	static
../Hardware/TOUCH/ctiic.c:84:6:CT_IIC_Stop	16	static
../Hardware/TOUCH/ctiic.c:96:4:CT_IIC_Wait_Ack	16	static
../Hardware/TOUCH/ctiic.c:117:6:CT_IIC_Ack	16	static
../Hardware/TOUCH/ctiic.c:129:6:CT_IIC_NAck	16	static
../Hardware/TOUCH/ctiic.c:144:6:CT_IIC_Send_Byte	24	static
../Hardware/TOUCH/ctiic.c:162:4:CT_IIC_Read_Byte	32	static
../Hardware/TOUCH/ctiic.c:190:4:GT1151_WR_Reg	16	static
../Hardware/TOUCH/ctiic.c:214:6:GT1151_RD_Reg	24	static
