../Hardware/DISP/disp.c:19:6:LCD_WR_REG	8	static
../Hardware/DISP/disp.c:26:6:LCD_WR_DATA	8	static
../Hardware/DISP/disp.c:32:5:LCD_RD_DATA	8	static
../Hardware/DISP/disp.c:40:6:LCD_WriteReg	0	static
../Hardware/DISP/disp.c:47:5:LCD_ReadReg	8	static
../Hardware/DISP/disp.c:55:6:LCD_WriteRAM_Prepare	0	static
../Hardware/DISP/disp.c:62:6:LCD_WriteRAM	0	static
../Hardware/DISP/disp.c:87:6:LCD_DisplayOn	0	static
../Hardware/DISP/disp.c:92:6:LCD_DisplayOff	0	static
../Hardware/DISP/disp.c:98:6:LCD_SetCursor	16	static
../Hardware/DISP/disp.c:70:5:LCD_ReadPoint	8	static
../Hardware/DISP/disp.c:113:6:LCD_Scan_Dir	8	static
../Hardware/DISP/disp.c:239:6:LCD_DrawPoint	8	static
../Hardware/DISP/disp.c:249:6:LCD_Fast_DrawPoint	16	static
../Hardware/DISP/disp.c:264:6:LCD_Display_Dir	0	static
../Hardware/DISP/disp.c:290:6:LCD_Address_Set	16	static
../Hardware/DISP/disp.c:308:6:HAL_SRAM_MspInit	48	static
../Hardware/DISP/disp.c:346:6:LCD_Clear	16	static
../Hardware/DISP/disp.c:362:6:LCD_Fill	24	static
../Hardware/DISP/disp.c:381:6:LCD_Color_Fill	32	static
../Hardware/DISP/disp.c:401:6:LCD_DrawLine	56	static
../Hardware/DISP/disp.c:452:6:LCD_DrawRectangle	24	static
../Hardware/DISP/disp.c:463:6:LCD_Draw_Circle	56	static
../Hardware/DISP/disp.c:498:6:LCD_ShowChar	48	static
../Hardware/DISP/disp.c:531:5:LCD_Pow	0	static
../Hardware/DISP/disp.c:544:6:LCD_ShowNum	56	static
../Hardware/DISP/disp.c:577:6:LCD_ShowxNum	64	static
../Hardware/DISP/disp.c:603:6:LCD_ShowString	56	static
../Hardware/DISP/disp.c:626:6:LCD_Init	112	static
