../Hardware/DISP/disp.c:16:6:LCD_WR_REG	8	static
../Hardware/DISP/disp.c:23:6:LCD_WR_DATA	8	static
../Hardware/DISP/disp.c:29:5:LCD_RD_DATA	8	static
../Hardware/DISP/disp.c:37:6:LCD_WriteReg	0	static
../Hardware/DISP/disp.c:44:5:LCD_ReadReg	8	static
../Hardware/DISP/disp.c:52:6:LCD_WriteRAM_Prepare	0	static
../Hardware/DISP/disp.c:59:6:LCD_WriteRAM	0	static
../Hardware/DISP/disp.c:84:6:LCD_DisplayOn	0	static
../Hardware/DISP/disp.c:89:6:LCD_DisplayOff	0	static
../Hardware/DISP/disp.c:95:6:LCD_SetCursor	16	static
../Hardware/DISP/disp.c:67:5:LCD_ReadPoint	8	static
../Hardware/DISP/disp.c:110:6:LCD_Scan_Dir	8	static
../Hardware/DISP/disp.c:236:6:LCD_DrawPoint	8	static
../Hardware/DISP/disp.c:246:6:LCD_Fast_DrawPoint	16	static
../Hardware/DISP/disp.c:261:6:LCD_Display_Dir	0	static
../Hardware/DISP/disp.c:287:6:LCD_Address_Set	16	static
../Hardware/DISP/disp.c:305:6:HAL_SRAM_MspInit	48	static
../Hardware/DISP/disp.c:343:6:LCD_Clear	16	static
../Hardware/DISP/disp.c:359:6:LCD_Fill	24	static
../Hardware/DISP/disp.c:378:6:LCD_Color_Fill	32	static
../Hardware/DISP/disp.c:398:6:LCD_DrawLine	56	static
../Hardware/DISP/disp.c:449:6:LCD_DrawRectangle	24	static
../Hardware/DISP/disp.c:460:6:LCD_Draw_Circle	56	static
../Hardware/DISP/disp.c:495:6:LCD_ShowChar	48	static
../Hardware/DISP/disp.c:528:5:LCD_Pow	0	static
../Hardware/DISP/disp.c:541:6:LCD_ShowNum	56	static
../Hardware/DISP/disp.c:574:6:LCD_ShowxNum	64	static
../Hardware/DISP/disp.c:600:6:LCD_ShowString	56	static
../Hardware/DISP/disp.c:623:6:LCD_Init	112	static
