../Midware/TinyUSB/src/device/usbd.c:82:19:tud_vendor_control_xfer_cb	0	static
../Midware/TinyUSB/src/device/usbd.c:546:13:configuration_reset	24	static,ignoring_inline_asm
../Midware/TinyUSB/src/device/usbd.c:715:13:invoke_class_control	16	static
../Midware/TinyUSB/src/device/usbd.c:1245:6:usbd_int_set	0	static
../Midware/TinyUSB/src/device/usbd.c:48:19:tud_event_hook_cb	0	static
../Midware/TinyUSB/src/device/usbd.c:52:19:tud_sof_cb	0	static
../Midware/TinyUSB/src/device/usbd.c:56:29:tud_descriptor_bos_cb	0	static
../Midware/TinyUSB/src/device/usbd.c:60:29:tud_descriptor_device_qualifier_cb	0	static
../Midware/TinyUSB/src/device/usbd.c:64:29:tud_descriptor_other_speed_configuration_cb	0	static
../Midware/TinyUSB/src/device/usbd.c:69:19:tud_mount_cb	0	static
../Midware/TinyUSB/src/device/usbd.c:72:19:tud_umount_cb	0	static
../Midware/TinyUSB/src/device/usbd.c:75:19:tud_suspend_cb	0	static
../Midware/TinyUSB/src/device/usbd.c:79:19:tud_resume_cb	0	static
../Midware/TinyUSB/src/device/usbd.c:87:19:dcd_deinit	0	static
../Midware/TinyUSB/src/device/usbd.c:92:19:dcd_connect	0	static
../Midware/TinyUSB/src/device/usbd.c:96:19:dcd_disconnect	0	static
../Midware/TinyUSB/src/device/usbd.c:100:19:dcd_dcache_clean	0	static
../Midware/TinyUSB/src/device/usbd.c:105:19:dcd_dcache_invalidate	0	static
../Midware/TinyUSB/src/device/usbd.c:110:19:dcd_dcache_clean_invalidate	0	static
../Midware/TinyUSB/src/device/usbd.c:418:14:tud_speed_get	0	static
../Midware/TinyUSB/src/device/usbd.c:422:6:tud_connected	0	static
../Midware/TinyUSB/src/device/usbd.c:426:6:tud_mounted	0	static
../Midware/TinyUSB/src/device/usbd.c:430:6:tud_suspended	0	static
../Midware/TinyUSB/src/device/usbd.c:434:6:tud_remote_wakeup	8	static
../Midware/TinyUSB/src/device/usbd.c:441:6:tud_disconnect	8	static
../Midware/TinyUSB/src/device/usbd.c:446:6:tud_connect	8	static
../Midware/TinyUSB/src/device/usbd.c:458:6:tud_inited	0	static
../Midware/TinyUSB/src/device/usbd.c:462:6:tud_rhport_init	32	static,ignoring_inline_asm
../Midware/TinyUSB/src/device/usbd.c:510:6:tud_deinit	24	static
../Midware/TinyUSB/src/device/usbd.c:563:6:tud_task_event_ready	8	static
../Midware/TinyUSB/src/device/usbd.c:1172:24:dcd_event_handler	48	static,ignoring_inline_asm
../Midware/TinyUSB/src/device/usbd.c:1281:6:usbd_defer_func	32	static,ignoring_inline_asm
../Midware/TinyUSB/src/device/usbd.c:1296:6:usbd_edpt_open	16	static,ignoring_inline_asm
../Midware/TinyUSB/src/device/usbd.c:1257:6:usbd_open_edpt_pair	32	static,ignoring_inline_asm
../Midware/TinyUSB/src/device/usbd.c:1305:6:usbd_edpt_claim	0	static
../Midware/TinyUSB/src/device/usbd.c:1318:6:usbd_edpt_release	0	static
../Midware/TinyUSB/src/device/usbd.c:1328:6:usbd_edpt_xfer	16	static,ignoring_inline_asm
../Midware/TinyUSB/src/device/usbd.c:1367:6:usbd_edpt_xfer_fifo	16	static,ignoring_inline_asm
../Midware/TinyUSB/src/device/usbd.c:1395:6:usbd_edpt_busy	0	static
../Midware/TinyUSB/src/device/usbd.c:1404:6:usbd_edpt_stall	8	static
../Midware/TinyUSB/src/device/usbd.c:1417:6:usbd_edpt_clear_stall	8	static
../Midware/TinyUSB/src/device/usbd.c:1430:6:usbd_edpt_stalled	0	static
../Midware/TinyUSB/src/device/usbd.c:582:6:tud_task_ext	64	static,ignoring_inline_asm
../Midware/TinyUSB/src/device/usbd.c:1443:6:usbd_edpt_close	0	static
../Midware/TinyUSB/src/device/usbd.c:1464:6:usbd_sof_enable	8	static
../Midware/TinyUSB/src/device/usbd.c:451:6:tud_sof_cb_enable	0	static
../Midware/TinyUSB/src/device/usbd.c:1481:6:usbd_edpt_iso_alloc	0	static,ignoring_inline_asm
../Midware/TinyUSB/src/device/usbd.c:1493:6:usbd_edpt_iso_activate	24	static,ignoring_inline_asm
