../Core/Src/main.c:141:6:SystemClock_Config	88	static,ignoring_inline_asm
../Core/Src/main.c:91:5:main	8	static
../Core/Src/main.c:183:5:__io_putchar	16	static
../Core/Src/main.c:189:6:echo_serial_port	32	static
../Core/Src/main.c:208:6:cdc_task	80	static
../Core/Src/main.c:231:6:usb_printf	144	static
../Core/Src/main.c:241:6:HAL_GPIO_EXTI_Callback	8	static
../Core/Src/main.c:251:6:HAL_TIM_PeriodElapsedCallback	8	static
../Core/Src/main.c:266:6:vApplicationGetIdleTaskMemory	0	static
../Core/Src/main.c:280:6:vApplicationGetTimerTaskMemory	0	static
../Core/Src/main.c:297:6:Error_Handler	0	static,ignoring_inline_asm
