../Core/Src/main.c:138:6:SystemClock_Config	88	static,ignoring_inline_asm
../Core/Src/main.c:89:5:main	8	static
../Core/Src/main.c:180:5:__io_putchar	16	static
../Core/Src/main.c:186:6:echo_serial_port	32	static
../Core/Src/main.c:205:6:cdc_task	80	static
../Core/Src/main.c:228:6:usb_printf	144	static
../Core/Src/main.c:238:6:HAL_GPIO_EXTI_Callback	8	static
../Core/Src/main.c:248:6:HAL_TIM_PeriodElapsedCallback	8	static
../Core/Src/main.c:263:6:vApplicationGetIdleTaskMemory	0	static
../Core/Src/main.c:277:6:vApplicationGetTimerTaskMemory	0	static
../Core/Src/main.c:294:6:Error_Handler	0	static,ignoring_inline_asm
