../Core/Src/stm32f4xx_it.c:71:6:NMI_Handler	0	static
../Core/Src/stm32f4xx_it.c:86:6:HardFault_Handler	8	static
../Core/Src/stm32f4xx_it.c:103:6:MemManage_Handler	0	static
../Core/Src/stm32f4xx_it.c:118:6:BusFault_Handler	0	static
../Core/Src/stm32f4xx_it.c:133:6:UsageFault_Handler	0	static
../Core/Src/stm32f4xx_it.c:152:6:DebugMon_Handler	0	static
../Core/Src/stm32f4xx_it.c:179:6:EXTI0_IRQHandler	0	static
../Core/Src/stm32f4xx_it.c:193:6:TIM2_IRQHandler	0	static
../Core/Src/stm32f4xx_it.c:207:6:USART1_IRQHandler	0	static
../Core/Src/stm32f4xx_it.c:220:6:DMA2_Stream5_IRQHandler	0	static
