../Midware/LVGL/src/misc/lv_anim.c:256:9:lv_anim_path_linear	16	static
../Midware/LVGL/src/misc/lv_anim.c:508:13:anim_mark_list_change	8	static
../Midware/LVGL/src/misc/lv_anim.c:394:13:anim_timer	32	static
../Midware/LVGL/src/misc/lv_anim.c:61:6:_lv_anim_core_init	8	static
../Midware/LVGL/src/misc/lv_anim.c:69:6:lv_anim_init	8	static
../Midware/LVGL/src/misc/lv_anim.c:122:10:lv_anim_get_playtime	12	static
../Midware/LVGL/src/misc/lv_anim.c:143:6:lv_anim_pause	32	static
../Midware/LVGL/src/misc/lv_anim.c:163:6:lv_anim_resume	32	static
../Midware/LVGL/src/misc/lv_anim.c:182:6:lv_anim_del	32	static
../Midware/LVGL/src/misc/lv_anim.c:81:13:lv_anim_start	16	static
../Midware/LVGL/src/misc/lv_anim.c:207:6:lv_anim_del_all	8	static
../Midware/LVGL/src/misc/lv_anim.c:213:13:lv_anim_get	16	static
../Midware/LVGL/src/misc/lv_anim.c:225:22:lv_anim_get_timer	0	static
../Midware/LVGL/src/misc/lv_anim.c:230:10:lv_anim_count_running	16	static
../Midware/LVGL/src/misc/lv_anim.c:239:10:lv_anim_speed_to_time	0	static
../Midware/LVGL/src/misc/lv_anim.c:251:6:lv_anim_refr_now	0	static
../Midware/LVGL/src/misc/lv_anim.c:271:9:lv_anim_path_ease_in	24	static
../Midware/LVGL/src/misc/lv_anim.c:285:9:lv_anim_path_ease_out	24	static
../Midware/LVGL/src/misc/lv_anim.c:299:9:lv_anim_path_ease_in_out	24	static
../Midware/LVGL/src/misc/lv_anim.c:313:9:lv_anim_path_overshoot	24	static
../Midware/LVGL/src/misc/lv_anim.c:327:9:lv_anim_path_bounce	24	static
../Midware/LVGL/src/misc/lv_anim.c:378:9:lv_anim_path_step	0	static
