../Midware/LVGL/src/extra/widgets/carousel/lv_carousel.c:151:13:lv_carousel_constructor	8	static
../Midware/LVGL/src/extra/widgets/carousel/lv_carousel.c:178:13:carousel_event_cb	40	static
../Midware/LVGL/src/extra/widgets/carousel/lv_carousel.c:162:13:lv_carousel_element_constructor	16	static
../Midware/LVGL/src/extra/widgets/carousel/lv_carousel.c:57:12:lv_carousel_create	8	static
../Midware/LVGL/src/extra/widgets/carousel/lv_carousel.c:72:12:lv_carousel_add_element	24	static
../Midware/LVGL/src/extra/widgets/carousel/lv_carousel.c:95:6:lv_carousel_set_element_width	0	static
../Midware/LVGL/src/extra/widgets/carousel/lv_carousel.c:101:6:lv_obj_set_element	24	static
../Midware/LVGL/src/extra/widgets/carousel/lv_carousel.c:119:6:lv_obj_set_element_id	24	static
../Midware/LVGL/src/extra/widgets/carousel/lv_carousel.c:141:12:lv_carousel_get_element_act	0	static
