../Hardware/AT24C02/AT24C02.c:10:6:struct_regist	0	static
../Hardware/AT24C02/AT24C02.c:22:6:time_decode	0	static
../Hardware/AT24C02/AT24C02.c:29:10:time_code	8	static
../Hardware/AT24C02/AT24C02.c:38:6:data_decode	0	static
../Hardware/AT24C02/AT24C02.c:46:10:data_code	8	static
../Hardware/AT24C02/AT24C02.c:58:6:AT24Write	16	static
../Hardware/AT24C02/AT24C02.c:67:6:AT24Read	8	static
../Hardware/AT24C02/AT24C02.c:74:6:write_fault_header	16	static
../Hardware/AT24C02/AT24C02.c:88:6:read_fault_header	16	static
../Hardware/AT24C02/AT24C02.c:97:6:write_fault_record	32	static
../Hardware/AT24C02/AT24C02.c:132:9:read_fault_record	32	static
../Hardware/AT24C02/AT24C02.c:161:6:backup_overwrite	16	static
