../Midware/LVGL/src/extra/layouts/flex/../flex/../../../core/../misc/../font/../misc/lv_area.h:123:26:lv_area_get_width	0	static
../Midware/LVGL/src/extra/layouts/flex/../flex/../../../core/../misc/../font/../misc/lv_area.h:133:26:lv_area_get_height	0	static
../Midware/LVGL/src/extra/layouts/flex/lv_flex.c:549:13:place_content	16	static
../Midware/LVGL/src/extra/layouts/flex/lv_flex.c:589:19:get_next_item	0	static
../Midware/LVGL/src/extra/layouts/flex/lv_flex.c:318:16:find_track_end	64	static
../Midware/LVGL/src/extra/layouts/flex/lv_flex.c:210:13:flex_update	176	static
../Midware/LVGL/src/extra/layouts/flex/lv_flex.c:92:6:lv_flex_init	8	static
../Midware/LVGL/src/extra/layouts/flex/lv_flex.c:125:6:lv_style_set_flex_flow	0	static
../Midware/LVGL/src/extra/layouts/flex/lv_flex.c:133:6:lv_style_set_flex_main_place	0	static
../Midware/LVGL/src/extra/layouts/flex/lv_flex.c:141:6:lv_style_set_flex_cross_place	0	static
../Midware/LVGL/src/extra/layouts/flex/lv_flex.c:149:6:lv_style_set_flex_track_place	0	static
../Midware/LVGL/src/extra/layouts/flex/lv_flex.c:157:6:lv_style_set_flex_grow	0	static
../Midware/LVGL/src/extra/layouts/flex/lv_flex.c:166:6:lv_obj_set_style_flex_flow	0	static
../Midware/LVGL/src/extra/layouts/flex/lv_flex.c:103:6:lv_obj_set_flex_flow	8	static
../Midware/LVGL/src/extra/layouts/flex/lv_flex.c:174:6:lv_obj_set_style_flex_main_place	0	static
../Midware/LVGL/src/extra/layouts/flex/lv_flex.c:182:6:lv_obj_set_style_flex_cross_place	0	static
../Midware/LVGL/src/extra/layouts/flex/lv_flex.c:190:6:lv_obj_set_style_flex_track_place	0	static
../Midware/LVGL/src/extra/layouts/flex/lv_flex.c:109:6:lv_obj_set_flex_align	16	static
../Midware/LVGL/src/extra/layouts/flex/lv_flex.c:198:6:lv_obj_set_style_flex_grow	0	static
../Midware/LVGL/src/extra/layouts/flex/lv_flex.c:118:6:lv_obj_set_flex_grow	8	static
