../Midware/LVGL/src/extra/widgets/radiobtn/lv_radiobtn.c:179:13:lv_radiobtn_constructor	0	static
../Midware/LVGL/src/extra/widgets/radiobtn/lv_radiobtn.c:192:13:lv_radiobtn_item_constructor	8	static
../Midware/LVGL/src/extra/widgets/radiobtn/lv_radiobtn.c:208:13:lv_radiobtn_item_destructor	16	static
../Midware/LVGL/src/extra/widgets/radiobtn/lv_radiobtn.c:361:13:lv_radiobtn_event	24	static
../Midware/LVGL/src/extra/widgets/radiobtn/lv_radiobtn.c:267:13:lv_radiobtn_item_draw	328	static
../Midware/LVGL/src/extra/widgets/radiobtn/lv_radiobtn.c:221:13:lv_radiobtn_item_event	56	static
../Midware/LVGL/src/extra/widgets/radiobtn/lv_radiobtn.c:78:12:lv_radiobtn_create	8	static
../Midware/LVGL/src/extra/widgets/radiobtn/lv_radiobtn.c:87:12:lv_radiobtn_create_item	8	static
../Midware/LVGL/src/extra/widgets/radiobtn/lv_radiobtn.c:114:6:lv_radiobtn_set_item_text	16	static
../Midware/LVGL/src/extra/widgets/radiobtn/lv_radiobtn.c:96:12:lv_radiobtn_add_item	16	static
../Midware/LVGL/src/extra/widgets/radiobtn/lv_radiobtn.c:138:6:lv_radiobtn_set_item_text_static	16	static
../Midware/LVGL/src/extra/widgets/radiobtn/lv_radiobtn.c:155:12:lv_radiobtn_get_item	0	static
../Midware/LVGL/src/extra/widgets/radiobtn/lv_radiobtn.c:162:14:lv_radiobtn_get_item_text	0	static
../Midware/LVGL/src/extra/widgets/radiobtn/lv_radiobtn.c:170:10:lv_radiobtn_get_item_num	0	static
